Copyright 1986-2022 Xilinx, Inc. All Rights Reserved.
--------------------------------------------------------------------------------------------------------------------------------------------------------------------------------------------------------------------------------------------------------------------------------------------------
| Tool Version : Vivado v.2022.2 (lin64) Build 3671981 Fri Oct 14 04:59:54 MDT 2022
| Date         : Thu Jan  4 12:47:55 2024
| Host         : zza-virtual-machine running 64-bit Ubuntu 22.04.1 LTS
| Command      : report_timing -from [get_pins -hierarchical -regexp .*] -to [get_pins -hierarchical -regexp .*] -delay_type max -max_paths 10 -sort_by group -input_pins -routable_nets -name timing -file /home/zza/Documents/ucas-digital_ic_design-course/sqrt_u32/sync/rpt/timing_report.rpt
| Design       : sqrt_u32
| Device       : 7k325t-ffg900
| Speed File   : -2  PRODUCTION 1.12 2017-02-17
--------------------------------------------------------------------------------------------------------------------------------------------------------------------------------------------------------------------------------------------------------------------------------------------------

Timing Report

Slack (MET) :             98.004ns  (required time - arrival time)
  Source:                 genblk1[9].s_reg_reg[9][3]/C
                            (rising edge-triggered cell FDRE clocked by clk  {rise@0.000ns fall@50.000ns period=100.000ns})
  Destination:            genblk1[10].s_reg_reg[10][13]/D
                            (rising edge-triggered cell FDRE clocked by clk  {rise@0.000ns fall@50.000ns period=100.000ns})
  Path Group:             clk
  Path Type:              Setup (Max at Slow Process Corner)
  Requirement:            100.000ns  (clk rise@100.000ns - clk rise@0.000ns)
  Data Path Delay:        1.852ns  (logic 0.827ns (44.654%)  route 1.025ns (55.346%))
  Logic Levels:           4  (CARRY4=3 LUT3=1)
  Clock Path Skew:        -0.145ns (DCD - SCD + CPR)
    Destination Clock Delay (DCD):    1.687ns = ( 101.687 - 100.000 ) 
    Source Clock Delay      (SCD):    1.941ns
    Clock Pessimism Removal (CPR):    0.109ns
  Clock Uncertainty:      0.035ns  ((TSJ^2 + TIJ^2)^1/2 + DJ) / 2 + PE
    Total System Jitter     (TSJ):    0.071ns
    Total Input Jitter      (TIJ):    0.000ns
    Discrete Jitter          (DJ):    0.000ns
    Phase Error              (PE):    0.000ns

    Location             Delay type                Incr(ns)  Path(ns)    Netlist Resource(s)
  -------------------------------------------------------------------    -------------------
                         (clock clk rise edge)        0.000     0.000 r  
                                                      0.000     0.000 r  clk (IN)
                         net (fo=0)                   0.000     0.000    clk
                                                                      r  clk_IBUF_inst/I
                         IBUF (Prop_ibuf_I_O)         0.798     0.798 r  clk_IBUF_inst/O
                         net (fo=1, unplaced)         0.466     1.264    clk_IBUF
                                                                      r  clk_IBUF_BUFG_inst/I
                         BUFG (Prop_bufg_I_O)         0.093     1.357 r  clk_IBUF_BUFG_inst/O
                         net (fo=451, unplaced)       0.584     1.941    clk_IBUF_BUFG
                         FDRE                                         r  genblk1[9].s_reg_reg[9][3]/C
  -------------------------------------------------------------------    -------------------
                         FDRE (Prop_fdre_C_Q)         0.223     2.164 r  genblk1[9].s_reg_reg[9][3]/Q
                         net (fo=5, unplaced)         0.524     2.688    genblk1[10].pc_i/genblk1[9].s_reg_reg[9][1]
                                                                      r  genblk1[10].pc_i/genblk1[10].s_reg_reg[10][5]_i_2/DI[3]
                         CARRY4 (Prop_carry4_DI[3]_CO[3])
                                                      0.270     2.958 r  genblk1[10].pc_i/genblk1[10].s_reg_reg[10][5]_i_2/CO[3]
                         net (fo=1, unplaced)         0.007     2.965    genblk1[10].pc_i/genblk1[10].s_reg_reg[10][5]_i_2_n_0
                                                                      r  genblk1[10].pc_i/genblk1[10].s_reg_reg[10][9]_i_2/CI
                         CARRY4 (Prop_carry4_CI_CO[3])
                                                      0.053     3.018 r  genblk1[10].pc_i/genblk1[10].s_reg_reg[10][9]_i_2/CO[3]
                         net (fo=1, unplaced)         0.000     3.018    genblk1[10].pc_i/genblk1[10].s_reg_reg[10][9]_i_2_n_0
                                                                      r  genblk1[10].pc_i/genblk1[10].s_reg_reg[10][13]_i_2/CI
                         CARRY4 (Prop_carry4_CI_O[3])
                                                      0.155     3.173 r  genblk1[10].pc_i/genblk1[10].s_reg_reg[10][13]_i_2/O[3]
                         net (fo=1, unplaced)         0.494     3.667    genblk1[10].pc_i/diff[11]
                                                                      r  genblk1[10].pc_i/genblk1[10].s_reg[10][13]_i_1/I2
                         LUT3 (Prop_lut3_I2_O)        0.126     3.793 r  genblk1[10].pc_i/genblk1[10].s_reg[10][13]_i_1/O
                         net (fo=1, unplaced)         0.000     3.793    s_o[10][13]
                         FDRE                                         r  genblk1[10].s_reg_reg[10][13]/D
  -------------------------------------------------------------------    -------------------

                         (clock clk rise edge)      100.000   100.000 r  
                                                      0.000   100.000 r  clk (IN)
                         net (fo=0)                   0.000   100.000    clk
                                                                      r  clk_IBUF_inst/I
                         IBUF (Prop_ibuf_I_O)         0.723   100.723 r  clk_IBUF_inst/O
                         net (fo=1, unplaced)         0.442   101.165    clk_IBUF
                                                                      r  clk_IBUF_BUFG_inst/I
                         BUFG (Prop_bufg_I_O)         0.083   101.248 r  clk_IBUF_BUFG_inst/O
                         net (fo=451, unplaced)       0.439   101.687    clk_IBUF_BUFG
                         FDRE                                         r  genblk1[10].s_reg_reg[10][13]/C
                         clock pessimism              0.109   101.796    
                         clock uncertainty           -0.035   101.760    
                         FDRE (Setup_fdre_C_D)        0.036   101.796    genblk1[10].s_reg_reg[10][13]
  -------------------------------------------------------------------
                         required time                        101.796    
                         arrival time                          -3.793    
  -------------------------------------------------------------------
                         slack                                 98.004    

Slack (MET) :             98.004ns  (required time - arrival time)
  Source:                 genblk1[10].s_reg_reg[10][3]/C
                            (rising edge-triggered cell FDRE clocked by clk  {rise@0.000ns fall@50.000ns period=100.000ns})
  Destination:            genblk1[11].s_reg_reg[11][13]/D
                            (rising edge-triggered cell FDRE clocked by clk  {rise@0.000ns fall@50.000ns period=100.000ns})
  Path Group:             clk
  Path Type:              Setup (Max at Slow Process Corner)
  Requirement:            100.000ns  (clk rise@100.000ns - clk rise@0.000ns)
  Data Path Delay:        1.852ns  (logic 0.827ns (44.654%)  route 1.025ns (55.346%))
  Logic Levels:           4  (CARRY4=3 LUT3=1)
  Clock Path Skew:        -0.145ns (DCD - SCD + CPR)
    Destination Clock Delay (DCD):    1.687ns = ( 101.687 - 100.000 ) 
    Source Clock Delay      (SCD):    1.941ns
    Clock Pessimism Removal (CPR):    0.109ns
  Clock Uncertainty:      0.035ns  ((TSJ^2 + TIJ^2)^1/2 + DJ) / 2 + PE
    Total System Jitter     (TSJ):    0.071ns
    Total Input Jitter      (TIJ):    0.000ns
    Discrete Jitter          (DJ):    0.000ns
    Phase Error              (PE):    0.000ns

    Location             Delay type                Incr(ns)  Path(ns)    Netlist Resource(s)
  -------------------------------------------------------------------    -------------------
                         (clock clk rise edge)        0.000     0.000 r  
                                                      0.000     0.000 r  clk (IN)
                         net (fo=0)                   0.000     0.000    clk
                                                                      r  clk_IBUF_inst/I
                         IBUF (Prop_ibuf_I_O)         0.798     0.798 r  clk_IBUF_inst/O
                         net (fo=1, unplaced)         0.466     1.264    clk_IBUF
                                                                      r  clk_IBUF_BUFG_inst/I
                         BUFG (Prop_bufg_I_O)         0.093     1.357 r  clk_IBUF_BUFG_inst/O
                         net (fo=451, unplaced)       0.584     1.941    clk_IBUF_BUFG
                         FDRE                                         r  genblk1[10].s_reg_reg[10][3]/C
  -------------------------------------------------------------------    -------------------
                         FDRE (Prop_fdre_C_Q)         0.223     2.164 r  genblk1[10].s_reg_reg[10][3]/Q
                         net (fo=5, unplaced)         0.524     2.688    genblk1[11].pc_i/genblk1[10].s_reg_reg[10][1]
                                                                      r  genblk1[11].pc_i/genblk1[11].s_reg_reg[11][5]_i_2/DI[3]
                         CARRY4 (Prop_carry4_DI[3]_CO[3])
                                                      0.270     2.958 r  genblk1[11].pc_i/genblk1[11].s_reg_reg[11][5]_i_2/CO[3]
                         net (fo=1, unplaced)         0.007     2.965    genblk1[11].pc_i/genblk1[11].s_reg_reg[11][5]_i_2_n_0
                                                                      r  genblk1[11].pc_i/genblk1[11].s_reg_reg[11][9]_i_2/CI
                         CARRY4 (Prop_carry4_CI_CO[3])
                                                      0.053     3.018 r  genblk1[11].pc_i/genblk1[11].s_reg_reg[11][9]_i_2/CO[3]
                         net (fo=1, unplaced)         0.000     3.018    genblk1[11].pc_i/genblk1[11].s_reg_reg[11][9]_i_2_n_0
                                                                      r  genblk1[11].pc_i/genblk1[11].s_reg_reg[11][13]_i_2/CI
                         CARRY4 (Prop_carry4_CI_O[3])
                                                      0.155     3.173 r  genblk1[11].pc_i/genblk1[11].s_reg_reg[11][13]_i_2/O[3]
                         net (fo=1, unplaced)         0.494     3.667    genblk1[11].pc_i/diff[11]
                                                                      r  genblk1[11].pc_i/genblk1[11].s_reg[11][13]_i_1/I2
                         LUT3 (Prop_lut3_I2_O)        0.126     3.793 r  genblk1[11].pc_i/genblk1[11].s_reg[11][13]_i_1/O
                         net (fo=1, unplaced)         0.000     3.793    s_o[11][13]
                         FDRE                                         r  genblk1[11].s_reg_reg[11][13]/D
  -------------------------------------------------------------------    -------------------

                         (clock clk rise edge)      100.000   100.000 r  
                                                      0.000   100.000 r  clk (IN)
                         net (fo=0)                   0.000   100.000    clk
                                                                      r  clk_IBUF_inst/I
                         IBUF (Prop_ibuf_I_O)         0.723   100.723 r  clk_IBUF_inst/O
                         net (fo=1, unplaced)         0.442   101.165    clk_IBUF
                                                                      r  clk_IBUF_BUFG_inst/I
                         BUFG (Prop_bufg_I_O)         0.083   101.248 r  clk_IBUF_BUFG_inst/O
                         net (fo=451, unplaced)       0.439   101.687    clk_IBUF_BUFG
                         FDRE                                         r  genblk1[11].s_reg_reg[11][13]/C
                         clock pessimism              0.109   101.796    
                         clock uncertainty           -0.035   101.760    
                         FDRE (Setup_fdre_C_D)        0.036   101.796    genblk1[11].s_reg_reg[11][13]
  -------------------------------------------------------------------
                         required time                        101.796    
                         arrival time                          -3.793    
  -------------------------------------------------------------------
                         slack                                 98.004    

Slack (MET) :             98.004ns  (required time - arrival time)
  Source:                 genblk1[11].s_reg_reg[11][3]/C
                            (rising edge-triggered cell FDRE clocked by clk  {rise@0.000ns fall@50.000ns period=100.000ns})
  Destination:            genblk1[12].s_reg_reg[12][13]/D
                            (rising edge-triggered cell FDRE clocked by clk  {rise@0.000ns fall@50.000ns period=100.000ns})
  Path Group:             clk
  Path Type:              Setup (Max at Slow Process Corner)
  Requirement:            100.000ns  (clk rise@100.000ns - clk rise@0.000ns)
  Data Path Delay:        1.852ns  (logic 0.827ns (44.654%)  route 1.025ns (55.346%))
  Logic Levels:           4  (CARRY4=3 LUT3=1)
  Clock Path Skew:        -0.145ns (DCD - SCD + CPR)
    Destination Clock Delay (DCD):    1.687ns = ( 101.687 - 100.000 ) 
    Source Clock Delay      (SCD):    1.941ns
    Clock Pessimism Removal (CPR):    0.109ns
  Clock Uncertainty:      0.035ns  ((TSJ^2 + TIJ^2)^1/2 + DJ) / 2 + PE
    Total System Jitter     (TSJ):    0.071ns
    Total Input Jitter      (TIJ):    0.000ns
    Discrete Jitter          (DJ):    0.000ns
    Phase Error              (PE):    0.000ns

    Location             Delay type                Incr(ns)  Path(ns)    Netlist Resource(s)
  -------------------------------------------------------------------    -------------------
                         (clock clk rise edge)        0.000     0.000 r  
                                                      0.000     0.000 r  clk (IN)
                         net (fo=0)                   0.000     0.000    clk
                                                                      r  clk_IBUF_inst/I
                         IBUF (Prop_ibuf_I_O)         0.798     0.798 r  clk_IBUF_inst/O
                         net (fo=1, unplaced)         0.466     1.264    clk_IBUF
                                                                      r  clk_IBUF_BUFG_inst/I
                         BUFG (Prop_bufg_I_O)         0.093     1.357 r  clk_IBUF_BUFG_inst/O
                         net (fo=451, unplaced)       0.584     1.941    clk_IBUF_BUFG
                         FDRE                                         r  genblk1[11].s_reg_reg[11][3]/C
  -------------------------------------------------------------------    -------------------
                         FDRE (Prop_fdre_C_Q)         0.223     2.164 r  genblk1[11].s_reg_reg[11][3]/Q
                         net (fo=5, unplaced)         0.524     2.688    genblk1[12].pc_i/genblk1[11].s_reg_reg[11][1]
                                                                      r  genblk1[12].pc_i/genblk1[12].s_reg_reg[12][5]_i_2/DI[3]
                         CARRY4 (Prop_carry4_DI[3]_CO[3])
                                                      0.270     2.958 r  genblk1[12].pc_i/genblk1[12].s_reg_reg[12][5]_i_2/CO[3]
                         net (fo=1, unplaced)         0.007     2.965    genblk1[12].pc_i/genblk1[12].s_reg_reg[12][5]_i_2_n_0
                                                                      r  genblk1[12].pc_i/genblk1[12].s_reg_reg[12][9]_i_2/CI
                         CARRY4 (Prop_carry4_CI_CO[3])
                                                      0.053     3.018 r  genblk1[12].pc_i/genblk1[12].s_reg_reg[12][9]_i_2/CO[3]
                         net (fo=1, unplaced)         0.000     3.018    genblk1[12].pc_i/genblk1[12].s_reg_reg[12][9]_i_2_n_0
                                                                      r  genblk1[12].pc_i/genblk1[12].s_reg_reg[12][13]_i_2/CI
                         CARRY4 (Prop_carry4_CI_O[3])
                                                      0.155     3.173 r  genblk1[12].pc_i/genblk1[12].s_reg_reg[12][13]_i_2/O[3]
                         net (fo=1, unplaced)         0.494     3.667    genblk1[12].pc_i/diff[11]
                                                                      r  genblk1[12].pc_i/genblk1[12].s_reg[12][13]_i_1/I2
                         LUT3 (Prop_lut3_I2_O)        0.126     3.793 r  genblk1[12].pc_i/genblk1[12].s_reg[12][13]_i_1/O
                         net (fo=1, unplaced)         0.000     3.793    s_o[12][13]
                         FDRE                                         r  genblk1[12].s_reg_reg[12][13]/D
  -------------------------------------------------------------------    -------------------

                         (clock clk rise edge)      100.000   100.000 r  
                                                      0.000   100.000 r  clk (IN)
                         net (fo=0)                   0.000   100.000    clk
                                                                      r  clk_IBUF_inst/I
                         IBUF (Prop_ibuf_I_O)         0.723   100.723 r  clk_IBUF_inst/O
                         net (fo=1, unplaced)         0.442   101.165    clk_IBUF
                                                                      r  clk_IBUF_BUFG_inst/I
                         BUFG (Prop_bufg_I_O)         0.083   101.248 r  clk_IBUF_BUFG_inst/O
                         net (fo=451, unplaced)       0.439   101.687    clk_IBUF_BUFG
                         FDRE                                         r  genblk1[12].s_reg_reg[12][13]/C
                         clock pessimism              0.109   101.796    
                         clock uncertainty           -0.035   101.760    
                         FDRE (Setup_fdre_C_D)        0.036   101.796    genblk1[12].s_reg_reg[12][13]
  -------------------------------------------------------------------
                         required time                        101.796    
                         arrival time                          -3.793    
  -------------------------------------------------------------------
                         slack                                 98.004    

Slack (MET) :             98.004ns  (required time - arrival time)
  Source:                 genblk1[12].s_reg_reg[12][3]/C
                            (rising edge-triggered cell FDRE clocked by clk  {rise@0.000ns fall@50.000ns period=100.000ns})
  Destination:            genblk1[13].s_reg_reg[13][13]/D
                            (rising edge-triggered cell FDRE clocked by clk  {rise@0.000ns fall@50.000ns period=100.000ns})
  Path Group:             clk
  Path Type:              Setup (Max at Slow Process Corner)
  Requirement:            100.000ns  (clk rise@100.000ns - clk rise@0.000ns)
  Data Path Delay:        1.852ns  (logic 0.827ns (44.654%)  route 1.025ns (55.346%))
  Logic Levels:           4  (CARRY4=3 LUT3=1)
  Clock Path Skew:        -0.145ns (DCD - SCD + CPR)
    Destination Clock Delay (DCD):    1.687ns = ( 101.687 - 100.000 ) 
    Source Clock Delay      (SCD):    1.941ns
    Clock Pessimism Removal (CPR):    0.109ns
  Clock Uncertainty:      0.035ns  ((TSJ^2 + TIJ^2)^1/2 + DJ) / 2 + PE
    Total System Jitter     (TSJ):    0.071ns
    Total Input Jitter      (TIJ):    0.000ns
    Discrete Jitter          (DJ):    0.000ns
    Phase Error              (PE):    0.000ns

    Location             Delay type                Incr(ns)  Path(ns)    Netlist Resource(s)
  -------------------------------------------------------------------    -------------------
                         (clock clk rise edge)        0.000     0.000 r  
                                                      0.000     0.000 r  clk (IN)
                         net (fo=0)                   0.000     0.000    clk
                                                                      r  clk_IBUF_inst/I
                         IBUF (Prop_ibuf_I_O)         0.798     0.798 r  clk_IBUF_inst/O
                         net (fo=1, unplaced)         0.466     1.264    clk_IBUF
                                                                      r  clk_IBUF_BUFG_inst/I
                         BUFG (Prop_bufg_I_O)         0.093     1.357 r  clk_IBUF_BUFG_inst/O
                         net (fo=451, unplaced)       0.584     1.941    clk_IBUF_BUFG
                         FDRE                                         r  genblk1[12].s_reg_reg[12][3]/C
  -------------------------------------------------------------------    -------------------
                         FDRE (Prop_fdre_C_Q)         0.223     2.164 r  genblk1[12].s_reg_reg[12][3]/Q
                         net (fo=5, unplaced)         0.524     2.688    genblk1[13].pc_i/genblk1[12].s_reg_reg[12][1]
                                                                      r  genblk1[13].pc_i/diff_carry/DI[3]
                         CARRY4 (Prop_carry4_DI[3]_CO[3])
                                                      0.270     2.958 r  genblk1[13].pc_i/diff_carry/CO[3]
                         net (fo=1, unplaced)         0.007     2.965    genblk1[13].pc_i/diff_carry_n_0
                                                                      r  genblk1[13].pc_i/diff_carry__0/CI
                         CARRY4 (Prop_carry4_CI_CO[3])
                                                      0.053     3.018 r  genblk1[13].pc_i/diff_carry__0/CO[3]
                         net (fo=1, unplaced)         0.000     3.018    genblk1[13].pc_i/diff_carry__0_n_0
                                                                      r  genblk1[13].pc_i/diff_carry__1/CI
                         CARRY4 (Prop_carry4_CI_O[3])
                                                      0.155     3.173 r  genblk1[13].pc_i/diff_carry__1/O[3]
                         net (fo=1, unplaced)         0.494     3.667    genblk1[13].pc_i/diff[11]
                                                                      r  genblk1[13].pc_i/genblk1[13].s_reg[13][13]_i_1/I2
                         LUT3 (Prop_lut3_I2_O)        0.126     3.793 r  genblk1[13].pc_i/genblk1[13].s_reg[13][13]_i_1/O
                         net (fo=1, unplaced)         0.000     3.793    s_o[13][13]
                         FDRE                                         r  genblk1[13].s_reg_reg[13][13]/D
  -------------------------------------------------------------------    -------------------

                         (clock clk rise edge)      100.000   100.000 r  
                                                      0.000   100.000 r  clk (IN)
                         net (fo=0)                   0.000   100.000    clk
                                                                      r  clk_IBUF_inst/I
                         IBUF (Prop_ibuf_I_O)         0.723   100.723 r  clk_IBUF_inst/O
                         net (fo=1, unplaced)         0.442   101.165    clk_IBUF
                                                                      r  clk_IBUF_BUFG_inst/I
                         BUFG (Prop_bufg_I_O)         0.083   101.248 r  clk_IBUF_BUFG_inst/O
                         net (fo=451, unplaced)       0.439   101.687    clk_IBUF_BUFG
                         FDRE                                         r  genblk1[13].s_reg_reg[13][13]/C
                         clock pessimism              0.109   101.796    
                         clock uncertainty           -0.035   101.760    
                         FDRE (Setup_fdre_C_D)        0.036   101.796    genblk1[13].s_reg_reg[13][13]
  -------------------------------------------------------------------
                         required time                        101.796    
                         arrival time                          -3.793    
  -------------------------------------------------------------------
                         slack                                 98.004    

Slack (MET) :             98.004ns  (required time - arrival time)
  Source:                 genblk1[13].s_reg_reg[13][3]/C
                            (rising edge-triggered cell FDRE clocked by clk  {rise@0.000ns fall@50.000ns period=100.000ns})
  Destination:            genblk1[14].s_reg_reg[14][13]/D
                            (rising edge-triggered cell FDRE clocked by clk  {rise@0.000ns fall@50.000ns period=100.000ns})
  Path Group:             clk
  Path Type:              Setup (Max at Slow Process Corner)
  Requirement:            100.000ns  (clk rise@100.000ns - clk rise@0.000ns)
  Data Path Delay:        1.852ns  (logic 0.827ns (44.654%)  route 1.025ns (55.346%))
  Logic Levels:           4  (CARRY4=3 LUT3=1)
  Clock Path Skew:        -0.145ns (DCD - SCD + CPR)
    Destination Clock Delay (DCD):    1.687ns = ( 101.687 - 100.000 ) 
    Source Clock Delay      (SCD):    1.941ns
    Clock Pessimism Removal (CPR):    0.109ns
  Clock Uncertainty:      0.035ns  ((TSJ^2 + TIJ^2)^1/2 + DJ) / 2 + PE
    Total System Jitter     (TSJ):    0.071ns
    Total Input Jitter      (TIJ):    0.000ns
    Discrete Jitter          (DJ):    0.000ns
    Phase Error              (PE):    0.000ns

    Location             Delay type                Incr(ns)  Path(ns)    Netlist Resource(s)
  -------------------------------------------------------------------    -------------------
                         (clock clk rise edge)        0.000     0.000 r  
                                                      0.000     0.000 r  clk (IN)
                         net (fo=0)                   0.000     0.000    clk
                                                                      r  clk_IBUF_inst/I
                         IBUF (Prop_ibuf_I_O)         0.798     0.798 r  clk_IBUF_inst/O
                         net (fo=1, unplaced)         0.466     1.264    clk_IBUF
                                                                      r  clk_IBUF_BUFG_inst/I
                         BUFG (Prop_bufg_I_O)         0.093     1.357 r  clk_IBUF_BUFG_inst/O
                         net (fo=451, unplaced)       0.584     1.941    clk_IBUF_BUFG
                         FDRE                                         r  genblk1[13].s_reg_reg[13][3]/C
  -------------------------------------------------------------------    -------------------
                         FDRE (Prop_fdre_C_Q)         0.223     2.164 r  genblk1[13].s_reg_reg[13][3]/Q
                         net (fo=5, unplaced)         0.524     2.688    genblk1[14].pc_i/genblk1[13].s_reg_reg[13][1]
                                                                      r  genblk1[14].pc_i/diff_carry/DI[3]
                         CARRY4 (Prop_carry4_DI[3]_CO[3])
                                                      0.270     2.958 r  genblk1[14].pc_i/diff_carry/CO[3]
                         net (fo=1, unplaced)         0.007     2.965    genblk1[14].pc_i/diff_carry_n_0
                                                                      r  genblk1[14].pc_i/diff_carry__0/CI
                         CARRY4 (Prop_carry4_CI_CO[3])
                                                      0.053     3.018 r  genblk1[14].pc_i/diff_carry__0/CO[3]
                         net (fo=1, unplaced)         0.000     3.018    genblk1[14].pc_i/diff_carry__0_n_0
                                                                      r  genblk1[14].pc_i/diff_carry__1/CI
                         CARRY4 (Prop_carry4_CI_O[3])
                                                      0.155     3.173 r  genblk1[14].pc_i/diff_carry__1/O[3]
                         net (fo=1, unplaced)         0.494     3.667    genblk1[14].pc_i/diff[11]
                                                                      r  genblk1[14].pc_i/genblk1[14].s_reg[14][13]_i_1/I2
                         LUT3 (Prop_lut3_I2_O)        0.126     3.793 r  genblk1[14].pc_i/genblk1[14].s_reg[14][13]_i_1/O
                         net (fo=1, unplaced)         0.000     3.793    s_o[14][13]
                         FDRE                                         r  genblk1[14].s_reg_reg[14][13]/D
  -------------------------------------------------------------------    -------------------

                         (clock clk rise edge)      100.000   100.000 r  
                                                      0.000   100.000 r  clk (IN)
                         net (fo=0)                   0.000   100.000    clk
                                                                      r  clk_IBUF_inst/I
                         IBUF (Prop_ibuf_I_O)         0.723   100.723 r  clk_IBUF_inst/O
                         net (fo=1, unplaced)         0.442   101.165    clk_IBUF
                                                                      r  clk_IBUF_BUFG_inst/I
                         BUFG (Prop_bufg_I_O)         0.083   101.248 r  clk_IBUF_BUFG_inst/O
                         net (fo=451, unplaced)       0.439   101.687    clk_IBUF_BUFG
                         FDRE                                         r  genblk1[14].s_reg_reg[14][13]/C
                         clock pessimism              0.109   101.796    
                         clock uncertainty           -0.035   101.760    
                         FDRE (Setup_fdre_C_D)        0.036   101.796    genblk1[14].s_reg_reg[14][13]
  -------------------------------------------------------------------
                         required time                        101.796    
                         arrival time                          -3.793    
  -------------------------------------------------------------------
                         slack                                 98.004    

Slack (MET) :             98.004ns  (required time - arrival time)
  Source:                 genblk1[0].s_reg_reg[0][3]/C
                            (rising edge-triggered cell FDRE clocked by clk  {rise@0.000ns fall@50.000ns period=100.000ns})
  Destination:            genblk1[1].s_reg_reg[1][13]/D
                            (rising edge-triggered cell FDRE clocked by clk  {rise@0.000ns fall@50.000ns period=100.000ns})
  Path Group:             clk
  Path Type:              Setup (Max at Slow Process Corner)
  Requirement:            100.000ns  (clk rise@100.000ns - clk rise@0.000ns)
  Data Path Delay:        1.852ns  (logic 0.827ns (44.654%)  route 1.025ns (55.346%))
  Logic Levels:           4  (CARRY4=3 LUT3=1)
  Clock Path Skew:        -0.145ns (DCD - SCD + CPR)
    Destination Clock Delay (DCD):    1.687ns = ( 101.687 - 100.000 ) 
    Source Clock Delay      (SCD):    1.941ns
    Clock Pessimism Removal (CPR):    0.109ns
  Clock Uncertainty:      0.035ns  ((TSJ^2 + TIJ^2)^1/2 + DJ) / 2 + PE
    Total System Jitter     (TSJ):    0.071ns
    Total Input Jitter      (TIJ):    0.000ns
    Discrete Jitter          (DJ):    0.000ns
    Phase Error              (PE):    0.000ns

    Location             Delay type                Incr(ns)  Path(ns)    Netlist Resource(s)
  -------------------------------------------------------------------    -------------------
                         (clock clk rise edge)        0.000     0.000 r  
                                                      0.000     0.000 r  clk (IN)
                         net (fo=0)                   0.000     0.000    clk
                                                                      r  clk_IBUF_inst/I
                         IBUF (Prop_ibuf_I_O)         0.798     0.798 r  clk_IBUF_inst/O
                         net (fo=1, unplaced)         0.466     1.264    clk_IBUF
                                                                      r  clk_IBUF_BUFG_inst/I
                         BUFG (Prop_bufg_I_O)         0.093     1.357 r  clk_IBUF_BUFG_inst/O
                         net (fo=451, unplaced)       0.584     1.941    clk_IBUF_BUFG
                         FDRE                                         r  genblk1[0].s_reg_reg[0][3]/C
  -------------------------------------------------------------------    -------------------
                         FDRE (Prop_fdre_C_Q)         0.223     2.164 r  genblk1[0].s_reg_reg[0][3]/Q
                         net (fo=5, unplaced)         0.524     2.688    genblk1[1].pc_i/genblk1[0].s_reg_reg[0][1]
                                                                      r  genblk1[1].pc_i/genblk1[1].s_reg_reg[1][5]_i_2/DI[3]
                         CARRY4 (Prop_carry4_DI[3]_CO[3])
                                                      0.270     2.958 r  genblk1[1].pc_i/genblk1[1].s_reg_reg[1][5]_i_2/CO[3]
                         net (fo=1, unplaced)         0.007     2.965    genblk1[1].pc_i/genblk1[1].s_reg_reg[1][5]_i_2_n_0
                                                                      r  genblk1[1].pc_i/genblk1[1].s_reg_reg[1][9]_i_2/CI
                         CARRY4 (Prop_carry4_CI_CO[3])
                                                      0.053     3.018 r  genblk1[1].pc_i/genblk1[1].s_reg_reg[1][9]_i_2/CO[3]
                         net (fo=1, unplaced)         0.000     3.018    genblk1[1].pc_i/genblk1[1].s_reg_reg[1][9]_i_2_n_0
                                                                      r  genblk1[1].pc_i/genblk1[1].s_reg_reg[1][13]_i_2/CI
                         CARRY4 (Prop_carry4_CI_O[3])
                                                      0.155     3.173 r  genblk1[1].pc_i/genblk1[1].s_reg_reg[1][13]_i_2/O[3]
                         net (fo=1, unplaced)         0.494     3.667    genblk1[1].pc_i/diff[11]
                                                                      r  genblk1[1].pc_i/genblk1[1].s_reg[1][13]_i_1/I2
                         LUT3 (Prop_lut3_I2_O)        0.126     3.793 r  genblk1[1].pc_i/genblk1[1].s_reg[1][13]_i_1/O
                         net (fo=1, unplaced)         0.000     3.793    s_o[1][13]
                         FDRE                                         r  genblk1[1].s_reg_reg[1][13]/D
  -------------------------------------------------------------------    -------------------

                         (clock clk rise edge)      100.000   100.000 r  
                                                      0.000   100.000 r  clk (IN)
                         net (fo=0)                   0.000   100.000    clk
                                                                      r  clk_IBUF_inst/I
                         IBUF (Prop_ibuf_I_O)         0.723   100.723 r  clk_IBUF_inst/O
                         net (fo=1, unplaced)         0.442   101.165    clk_IBUF
                                                                      r  clk_IBUF_BUFG_inst/I
                         BUFG (Prop_bufg_I_O)         0.083   101.248 r  clk_IBUF_BUFG_inst/O
                         net (fo=451, unplaced)       0.439   101.687    clk_IBUF_BUFG
                         FDRE                                         r  genblk1[1].s_reg_reg[1][13]/C
                         clock pessimism              0.109   101.796    
                         clock uncertainty           -0.035   101.760    
                         FDRE (Setup_fdre_C_D)        0.036   101.796    genblk1[1].s_reg_reg[1][13]
  -------------------------------------------------------------------
                         required time                        101.796    
                         arrival time                          -3.793    
  -------------------------------------------------------------------
                         slack                                 98.004    

Slack (MET) :             98.004ns  (required time - arrival time)
  Source:                 genblk1[1].s_reg_reg[1][3]/C
                            (rising edge-triggered cell FDRE clocked by clk  {rise@0.000ns fall@50.000ns period=100.000ns})
  Destination:            genblk1[2].s_reg_reg[2][13]/D
                            (rising edge-triggered cell FDRE clocked by clk  {rise@0.000ns fall@50.000ns period=100.000ns})
  Path Group:             clk
  Path Type:              Setup (Max at Slow Process Corner)
  Requirement:            100.000ns  (clk rise@100.000ns - clk rise@0.000ns)
  Data Path Delay:        1.852ns  (logic 0.827ns (44.654%)  route 1.025ns (55.346%))
  Logic Levels:           4  (CARRY4=3 LUT3=1)
  Clock Path Skew:        -0.145ns (DCD - SCD + CPR)
    Destination Clock Delay (DCD):    1.687ns = ( 101.687 - 100.000 ) 
    Source Clock Delay      (SCD):    1.941ns
    Clock Pessimism Removal (CPR):    0.109ns
  Clock Uncertainty:      0.035ns  ((TSJ^2 + TIJ^2)^1/2 + DJ) / 2 + PE
    Total System Jitter     (TSJ):    0.071ns
    Total Input Jitter      (TIJ):    0.000ns
    Discrete Jitter          (DJ):    0.000ns
    Phase Error              (PE):    0.000ns

    Location             Delay type                Incr(ns)  Path(ns)    Netlist Resource(s)
  -------------------------------------------------------------------    -------------------
                         (clock clk rise edge)        0.000     0.000 r  
                                                      0.000     0.000 r  clk (IN)
                         net (fo=0)                   0.000     0.000    clk
                                                                      r  clk_IBUF_inst/I
                         IBUF (Prop_ibuf_I_O)         0.798     0.798 r  clk_IBUF_inst/O
                         net (fo=1, unplaced)         0.466     1.264    clk_IBUF
                                                                      r  clk_IBUF_BUFG_inst/I
                         BUFG (Prop_bufg_I_O)         0.093     1.357 r  clk_IBUF_BUFG_inst/O
                         net (fo=451, unplaced)       0.584     1.941    clk_IBUF_BUFG
                         FDRE                                         r  genblk1[1].s_reg_reg[1][3]/C
  -------------------------------------------------------------------    -------------------
                         FDRE (Prop_fdre_C_Q)         0.223     2.164 r  genblk1[1].s_reg_reg[1][3]/Q
                         net (fo=5, unplaced)         0.524     2.688    genblk1[2].pc_i/genblk1[1].s_reg_reg[1][1]
                                                                      r  genblk1[2].pc_i/genblk1[2].s_reg_reg[2][5]_i_2/DI[3]
                         CARRY4 (Prop_carry4_DI[3]_CO[3])
                                                      0.270     2.958 r  genblk1[2].pc_i/genblk1[2].s_reg_reg[2][5]_i_2/CO[3]
                         net (fo=1, unplaced)         0.007     2.965    genblk1[2].pc_i/genblk1[2].s_reg_reg[2][5]_i_2_n_0
                                                                      r  genblk1[2].pc_i/genblk1[2].s_reg_reg[2][9]_i_2/CI
                         CARRY4 (Prop_carry4_CI_CO[3])
                                                      0.053     3.018 r  genblk1[2].pc_i/genblk1[2].s_reg_reg[2][9]_i_2/CO[3]
                         net (fo=1, unplaced)         0.000     3.018    genblk1[2].pc_i/genblk1[2].s_reg_reg[2][9]_i_2_n_0
                                                                      r  genblk1[2].pc_i/genblk1[2].s_reg_reg[2][13]_i_2/CI
                         CARRY4 (Prop_carry4_CI_O[3])
                                                      0.155     3.173 r  genblk1[2].pc_i/genblk1[2].s_reg_reg[2][13]_i_2/O[3]
                         net (fo=1, unplaced)         0.494     3.667    genblk1[2].pc_i/diff[11]
                                                                      r  genblk1[2].pc_i/genblk1[2].s_reg[2][13]_i_1/I2
                         LUT3 (Prop_lut3_I2_O)        0.126     3.793 r  genblk1[2].pc_i/genblk1[2].s_reg[2][13]_i_1/O
                         net (fo=1, unplaced)         0.000     3.793    s_o[2][13]
                         FDRE                                         r  genblk1[2].s_reg_reg[2][13]/D
  -------------------------------------------------------------------    -------------------

                         (clock clk rise edge)      100.000   100.000 r  
                                                      0.000   100.000 r  clk (IN)
                         net (fo=0)                   0.000   100.000    clk
                                                                      r  clk_IBUF_inst/I
                         IBUF (Prop_ibuf_I_O)         0.723   100.723 r  clk_IBUF_inst/O
                         net (fo=1, unplaced)         0.442   101.165    clk_IBUF
                                                                      r  clk_IBUF_BUFG_inst/I
                         BUFG (Prop_bufg_I_O)         0.083   101.248 r  clk_IBUF_BUFG_inst/O
                         net (fo=451, unplaced)       0.439   101.687    clk_IBUF_BUFG
                         FDRE                                         r  genblk1[2].s_reg_reg[2][13]/C
                         clock pessimism              0.109   101.796    
                         clock uncertainty           -0.035   101.760    
                         FDRE (Setup_fdre_C_D)        0.036   101.796    genblk1[2].s_reg_reg[2][13]
  -------------------------------------------------------------------
                         required time                        101.796    
                         arrival time                          -3.793    
  -------------------------------------------------------------------
                         slack                                 98.004    

Slack (MET) :             98.004ns  (required time - arrival time)
  Source:                 genblk1[2].s_reg_reg[2][3]/C
                            (rising edge-triggered cell FDRE clocked by clk  {rise@0.000ns fall@50.000ns period=100.000ns})
  Destination:            genblk1[3].s_reg_reg[3][13]/D
                            (rising edge-triggered cell FDRE clocked by clk  {rise@0.000ns fall@50.000ns period=100.000ns})
  Path Group:             clk
  Path Type:              Setup (Max at Slow Process Corner)
  Requirement:            100.000ns  (clk rise@100.000ns - clk rise@0.000ns)
  Data Path Delay:        1.852ns  (logic 0.827ns (44.654%)  route 1.025ns (55.346%))
  Logic Levels:           4  (CARRY4=3 LUT3=1)
  Clock Path Skew:        -0.145ns (DCD - SCD + CPR)
    Destination Clock Delay (DCD):    1.687ns = ( 101.687 - 100.000 ) 
    Source Clock Delay      (SCD):    1.941ns
    Clock Pessimism Removal (CPR):    0.109ns
  Clock Uncertainty:      0.035ns  ((TSJ^2 + TIJ^2)^1/2 + DJ) / 2 + PE
    Total System Jitter     (TSJ):    0.071ns
    Total Input Jitter      (TIJ):    0.000ns
    Discrete Jitter          (DJ):    0.000ns
    Phase Error              (PE):    0.000ns

    Location             Delay type                Incr(ns)  Path(ns)    Netlist Resource(s)
  -------------------------------------------------------------------    -------------------
                         (clock clk rise edge)        0.000     0.000 r  
                                                      0.000     0.000 r  clk (IN)
                         net (fo=0)                   0.000     0.000    clk
                                                                      r  clk_IBUF_inst/I
                         IBUF (Prop_ibuf_I_O)         0.798     0.798 r  clk_IBUF_inst/O
                         net (fo=1, unplaced)         0.466     1.264    clk_IBUF
                                                                      r  clk_IBUF_BUFG_inst/I
                         BUFG (Prop_bufg_I_O)         0.093     1.357 r  clk_IBUF_BUFG_inst/O
                         net (fo=451, unplaced)       0.584     1.941    clk_IBUF_BUFG
                         FDRE                                         r  genblk1[2].s_reg_reg[2][3]/C
  -------------------------------------------------------------------    -------------------
                         FDRE (Prop_fdre_C_Q)         0.223     2.164 r  genblk1[2].s_reg_reg[2][3]/Q
                         net (fo=5, unplaced)         0.524     2.688    genblk1[3].pc_i/genblk1[2].s_reg_reg[2][1]
                                                                      r  genblk1[3].pc_i/genblk1[3].s_reg_reg[3][5]_i_2/DI[3]
                         CARRY4 (Prop_carry4_DI[3]_CO[3])
                                                      0.270     2.958 r  genblk1[3].pc_i/genblk1[3].s_reg_reg[3][5]_i_2/CO[3]
                         net (fo=1, unplaced)         0.007     2.965    genblk1[3].pc_i/genblk1[3].s_reg_reg[3][5]_i_2_n_0
                                                                      r  genblk1[3].pc_i/genblk1[3].s_reg_reg[3][9]_i_2/CI
                         CARRY4 (Prop_carry4_CI_CO[3])
                                                      0.053     3.018 r  genblk1[3].pc_i/genblk1[3].s_reg_reg[3][9]_i_2/CO[3]
                         net (fo=1, unplaced)         0.000     3.018    genblk1[3].pc_i/genblk1[3].s_reg_reg[3][9]_i_2_n_0
                                                                      r  genblk1[3].pc_i/genblk1[3].s_reg_reg[3][13]_i_2/CI
                         CARRY4 (Prop_carry4_CI_O[3])
                                                      0.155     3.173 r  genblk1[3].pc_i/genblk1[3].s_reg_reg[3][13]_i_2/O[3]
                         net (fo=1, unplaced)         0.494     3.667    genblk1[3].pc_i/diff[11]
                                                                      r  genblk1[3].pc_i/genblk1[3].s_reg[3][13]_i_1/I2
                         LUT3 (Prop_lut3_I2_O)        0.126     3.793 r  genblk1[3].pc_i/genblk1[3].s_reg[3][13]_i_1/O
                         net (fo=1, unplaced)         0.000     3.793    s_o[3][13]
                         FDRE                                         r  genblk1[3].s_reg_reg[3][13]/D
  -------------------------------------------------------------------    -------------------

                         (clock clk rise edge)      100.000   100.000 r  
                                                      0.000   100.000 r  clk (IN)
                         net (fo=0)                   0.000   100.000    clk
                                                                      r  clk_IBUF_inst/I
                         IBUF (Prop_ibuf_I_O)         0.723   100.723 r  clk_IBUF_inst/O
                         net (fo=1, unplaced)         0.442   101.165    clk_IBUF
                                                                      r  clk_IBUF_BUFG_inst/I
                         BUFG (Prop_bufg_I_O)         0.083   101.248 r  clk_IBUF_BUFG_inst/O
                         net (fo=451, unplaced)       0.439   101.687    clk_IBUF_BUFG
                         FDRE                                         r  genblk1[3].s_reg_reg[3][13]/C
                         clock pessimism              0.109   101.796    
                         clock uncertainty           -0.035   101.760    
                         FDRE (Setup_fdre_C_D)        0.036   101.796    genblk1[3].s_reg_reg[3][13]
  -------------------------------------------------------------------
                         required time                        101.796    
                         arrival time                          -3.793    
  -------------------------------------------------------------------
                         slack                                 98.004    

Slack (MET) :             98.004ns  (required time - arrival time)
  Source:                 genblk1[3].s_reg_reg[3][3]/C
                            (rising edge-triggered cell FDRE clocked by clk  {rise@0.000ns fall@50.000ns period=100.000ns})
  Destination:            genblk1[4].s_reg_reg[4][13]/D
                            (rising edge-triggered cell FDRE clocked by clk  {rise@0.000ns fall@50.000ns period=100.000ns})
  Path Group:             clk
  Path Type:              Setup (Max at Slow Process Corner)
  Requirement:            100.000ns  (clk rise@100.000ns - clk rise@0.000ns)
  Data Path Delay:        1.852ns  (logic 0.827ns (44.654%)  route 1.025ns (55.346%))
  Logic Levels:           4  (CARRY4=3 LUT3=1)
  Clock Path Skew:        -0.145ns (DCD - SCD + CPR)
    Destination Clock Delay (DCD):    1.687ns = ( 101.687 - 100.000 ) 
    Source Clock Delay      (SCD):    1.941ns
    Clock Pessimism Removal (CPR):    0.109ns
  Clock Uncertainty:      0.035ns  ((TSJ^2 + TIJ^2)^1/2 + DJ) / 2 + PE
    Total System Jitter     (TSJ):    0.071ns
    Total Input Jitter      (TIJ):    0.000ns
    Discrete Jitter          (DJ):    0.000ns
    Phase Error              (PE):    0.000ns

    Location             Delay type                Incr(ns)  Path(ns)    Netlist Resource(s)
  -------------------------------------------------------------------    -------------------
                         (clock clk rise edge)        0.000     0.000 r  
                                                      0.000     0.000 r  clk (IN)
                         net (fo=0)                   0.000     0.000    clk
                                                                      r  clk_IBUF_inst/I
                         IBUF (Prop_ibuf_I_O)         0.798     0.798 r  clk_IBUF_inst/O
                         net (fo=1, unplaced)         0.466     1.264    clk_IBUF
                                                                      r  clk_IBUF_BUFG_inst/I
                         BUFG (Prop_bufg_I_O)         0.093     1.357 r  clk_IBUF_BUFG_inst/O
                         net (fo=451, unplaced)       0.584     1.941    clk_IBUF_BUFG
                         FDRE                                         r  genblk1[3].s_reg_reg[3][3]/C
  -------------------------------------------------------------------    -------------------
                         FDRE (Prop_fdre_C_Q)         0.223     2.164 r  genblk1[3].s_reg_reg[3][3]/Q
                         net (fo=5, unplaced)         0.524     2.688    genblk1[4].pc_i/genblk1[3].s_reg_reg[3][1]
                                                                      r  genblk1[4].pc_i/genblk1[4].s_reg_reg[4][5]_i_2/DI[3]
                         CARRY4 (Prop_carry4_DI[3]_CO[3])
                                                      0.270     2.958 r  genblk1[4].pc_i/genblk1[4].s_reg_reg[4][5]_i_2/CO[3]
                         net (fo=1, unplaced)         0.007     2.965    genblk1[4].pc_i/genblk1[4].s_reg_reg[4][5]_i_2_n_0
                                                                      r  genblk1[4].pc_i/genblk1[4].s_reg_reg[4][9]_i_2/CI
                         CARRY4 (Prop_carry4_CI_CO[3])
                                                      0.053     3.018 r  genblk1[4].pc_i/genblk1[4].s_reg_reg[4][9]_i_2/CO[3]
                         net (fo=1, unplaced)         0.000     3.018    genblk1[4].pc_i/genblk1[4].s_reg_reg[4][9]_i_2_n_0
                                                                      r  genblk1[4].pc_i/genblk1[4].s_reg_reg[4][13]_i_2/CI
                         CARRY4 (Prop_carry4_CI_O[3])
                                                      0.155     3.173 r  genblk1[4].pc_i/genblk1[4].s_reg_reg[4][13]_i_2/O[3]
                         net (fo=1, unplaced)         0.494     3.667    genblk1[4].pc_i/diff[11]
                                                                      r  genblk1[4].pc_i/genblk1[4].s_reg[4][13]_i_1/I2
                         LUT3 (Prop_lut3_I2_O)        0.126     3.793 r  genblk1[4].pc_i/genblk1[4].s_reg[4][13]_i_1/O
                         net (fo=1, unplaced)         0.000     3.793    s_o[4][13]
                         FDRE                                         r  genblk1[4].s_reg_reg[4][13]/D
  -------------------------------------------------------------------    -------------------

                         (clock clk rise edge)      100.000   100.000 r  
                                                      0.000   100.000 r  clk (IN)
                         net (fo=0)                   0.000   100.000    clk
                                                                      r  clk_IBUF_inst/I
                         IBUF (Prop_ibuf_I_O)         0.723   100.723 r  clk_IBUF_inst/O
                         net (fo=1, unplaced)         0.442   101.165    clk_IBUF
                                                                      r  clk_IBUF_BUFG_inst/I
                         BUFG (Prop_bufg_I_O)         0.083   101.248 r  clk_IBUF_BUFG_inst/O
                         net (fo=451, unplaced)       0.439   101.687    clk_IBUF_BUFG
                         FDRE                                         r  genblk1[4].s_reg_reg[4][13]/C
                         clock pessimism              0.109   101.796    
                         clock uncertainty           -0.035   101.760    
                         FDRE (Setup_fdre_C_D)        0.036   101.796    genblk1[4].s_reg_reg[4][13]
  -------------------------------------------------------------------
                         required time                        101.796    
                         arrival time                          -3.793    
  -------------------------------------------------------------------
                         slack                                 98.004    

Slack (MET) :             98.004ns  (required time - arrival time)
  Source:                 genblk1[4].s_reg_reg[4][3]/C
                            (rising edge-triggered cell FDRE clocked by clk  {rise@0.000ns fall@50.000ns period=100.000ns})
  Destination:            genblk1[5].s_reg_reg[5][13]/D
                            (rising edge-triggered cell FDRE clocked by clk  {rise@0.000ns fall@50.000ns period=100.000ns})
  Path Group:             clk
  Path Type:              Setup (Max at Slow Process Corner)
  Requirement:            100.000ns  (clk rise@100.000ns - clk rise@0.000ns)
  Data Path Delay:        1.852ns  (logic 0.827ns (44.654%)  route 1.025ns (55.346%))
  Logic Levels:           4  (CARRY4=3 LUT3=1)
  Clock Path Skew:        -0.145ns (DCD - SCD + CPR)
    Destination Clock Delay (DCD):    1.687ns = ( 101.687 - 100.000 ) 
    Source Clock Delay      (SCD):    1.941ns
    Clock Pessimism Removal (CPR):    0.109ns
  Clock Uncertainty:      0.035ns  ((TSJ^2 + TIJ^2)^1/2 + DJ) / 2 + PE
    Total System Jitter     (TSJ):    0.071ns
    Total Input Jitter      (TIJ):    0.000ns
    Discrete Jitter          (DJ):    0.000ns
    Phase Error              (PE):    0.000ns

    Location             Delay type                Incr(ns)  Path(ns)    Netlist Resource(s)
  -------------------------------------------------------------------    -------------------
                         (clock clk rise edge)        0.000     0.000 r  
                                                      0.000     0.000 r  clk (IN)
                         net (fo=0)                   0.000     0.000    clk
                                                                      r  clk_IBUF_inst/I
                         IBUF (Prop_ibuf_I_O)         0.798     0.798 r  clk_IBUF_inst/O
                         net (fo=1, unplaced)         0.466     1.264    clk_IBUF
                                                                      r  clk_IBUF_BUFG_inst/I
                         BUFG (Prop_bufg_I_O)         0.093     1.357 r  clk_IBUF_BUFG_inst/O
                         net (fo=451, unplaced)       0.584     1.941    clk_IBUF_BUFG
                         FDRE                                         r  genblk1[4].s_reg_reg[4][3]/C
  -------------------------------------------------------------------    -------------------
                         FDRE (Prop_fdre_C_Q)         0.223     2.164 r  genblk1[4].s_reg_reg[4][3]/Q
                         net (fo=5, unplaced)         0.524     2.688    genblk1[5].pc_i/genblk1[4].s_reg_reg[4][1]
                                                                      r  genblk1[5].pc_i/genblk1[5].s_reg_reg[5][5]_i_2/DI[3]
                         CARRY4 (Prop_carry4_DI[3]_CO[3])
                                                      0.270     2.958 r  genblk1[5].pc_i/genblk1[5].s_reg_reg[5][5]_i_2/CO[3]
                         net (fo=1, unplaced)         0.007     2.965    genblk1[5].pc_i/genblk1[5].s_reg_reg[5][5]_i_2_n_0
                                                                      r  genblk1[5].pc_i/genblk1[5].s_reg_reg[5][9]_i_2/CI
                         CARRY4 (Prop_carry4_CI_CO[3])
                                                      0.053     3.018 r  genblk1[5].pc_i/genblk1[5].s_reg_reg[5][9]_i_2/CO[3]
                         net (fo=1, unplaced)         0.000     3.018    genblk1[5].pc_i/genblk1[5].s_reg_reg[5][9]_i_2_n_0
                                                                      r  genblk1[5].pc_i/genblk1[5].s_reg_reg[5][13]_i_2/CI
                         CARRY4 (Prop_carry4_CI_O[3])
                                                      0.155     3.173 r  genblk1[5].pc_i/genblk1[5].s_reg_reg[5][13]_i_2/O[3]
                         net (fo=1, unplaced)         0.494     3.667    genblk1[5].pc_i/diff[11]
                                                                      r  genblk1[5].pc_i/genblk1[5].s_reg[5][13]_i_1/I2
                         LUT3 (Prop_lut3_I2_O)        0.126     3.793 r  genblk1[5].pc_i/genblk1[5].s_reg[5][13]_i_1/O
                         net (fo=1, unplaced)         0.000     3.793    s_o[5][13]
                         FDRE                                         r  genblk1[5].s_reg_reg[5][13]/D
  -------------------------------------------------------------------    -------------------

                         (clock clk rise edge)      100.000   100.000 r  
                                                      0.000   100.000 r  clk (IN)
                         net (fo=0)                   0.000   100.000    clk
                                                                      r  clk_IBUF_inst/I
                         IBUF (Prop_ibuf_I_O)         0.723   100.723 r  clk_IBUF_inst/O
                         net (fo=1, unplaced)         0.442   101.165    clk_IBUF
                                                                      r  clk_IBUF_BUFG_inst/I
                         BUFG (Prop_bufg_I_O)         0.083   101.248 r  clk_IBUF_BUFG_inst/O
                         net (fo=451, unplaced)       0.439   101.687    clk_IBUF_BUFG
                         FDRE                                         r  genblk1[5].s_reg_reg[5][13]/C
                         clock pessimism              0.109   101.796    
                         clock uncertainty           -0.035   101.760    
                         FDRE (Setup_fdre_C_D)        0.036   101.796    genblk1[5].s_reg_reg[5][13]
  -------------------------------------------------------------------
                         required time                        101.796    
                         arrival time                          -3.793    
  -------------------------------------------------------------------
                         slack                                 98.004    




