
*** Running vivado
    with args -log add_tc_16_16.vds -m64 -product Vivado -mode batch -messageDb vivado.pb -notrace -source add_tc_16_16.tcl


****** Vivado v2022.2 (64-bit)
  **** SW Build 3671981 on Fri Oct 14 04:59:54 MDT 2022
  **** IP Build 3669848 on Fri Oct 14 08:30:02 MDT 2022
    ** Copyright 1986-2022 Xilinx, Inc. All Rights Reserved.

source add_tc_16_16.tcl -notrace
create_project: Time (s): cpu = 00:00:05 ; elapsed = 00:00:05 . Memory (MB): peak = 1330.496 ; gain = 0.023 ; free physical = 7472 ; free virtual = 11543
Command: synth_design -top add_tc_16_16 -part xc7k325tffg900-2
Starting synth_design
Attempting to get a license for feature 'Synthesis' and/or device 'xc7k325t'
INFO: [Common 17-349] Got license for feature 'Synthesis' and/or device 'xc7k325t'
INFO: [Synth 8-7079] Multithreading enabled for synth_design using a maximum of 4 processes.
INFO: [Synth 8-7078] Launching helper process for spawning children vivado processes
INFO: [Synth 8-7075] Helper process launched with PID 3860
INFO: [Synth 8-11241] undeclared symbol 'REGCCE', assumed default net type 'wire' [/home/zza/TOOLS/vivado/Vivado/2022.2/data/verilog/src/unimacro/BRAM_SINGLE_MACRO.v:2170]
---------------------------------------------------------------------------------
Starting Synthesize : Time (s): cpu = 00:00:05 ; elapsed = 00:00:07 . Memory (MB): peak = 1648.332 ; gain = 309.832 ; free physical = 6976 ; free virtual = 11052
Synthesis current peak Physical Memory [PSS] (MB): peak = 1060.889; parent = 855.436; children = 205.453
Synthesis current peak Virtual Memory [VSS] (MB): peak = 2630.977; parent = 1648.336; children = 982.641
---------------------------------------------------------------------------------
INFO: [Synth 8-6157] synthesizing module 'add_tc_16_16' [/home/zza/Documents/ucas-digital_ic_design-course/add_tc_16_16/sync/add_tc_16_16.srcs/sources_1/imports/src/add_tc_16_16.v:1]
INFO: [Synth 8-6157] synthesizing module 'add_tc_4' [/home/zza/Documents/ucas-digital_ic_design-course/add_tc_16_16/sync/add_tc_16_16.srcs/sources_1/imports/src/add_tc_4.v:1]
INFO: [Synth 8-6155] done synthesizing module 'add_tc_4' (0#1) [/home/zza/Documents/ucas-digital_ic_design-course/add_tc_16_16/sync/add_tc_16_16.srcs/sources_1/imports/src/add_tc_4.v:1]
INFO: [Synth 8-6155] done synthesizing module 'add_tc_16_16' (0#1) [/home/zza/Documents/ucas-digital_ic_design-course/add_tc_16_16/sync/add_tc_16_16.srcs/sources_1/imports/src/add_tc_16_16.v:1]
---------------------------------------------------------------------------------
Finished Synthesize : Time (s): cpu = 00:00:07 ; elapsed = 00:00:10 . Memory (MB): peak = 1716.301 ; gain = 377.801 ; free physical = 7063 ; free virtual = 11141
Synthesis current peak Physical Memory [PSS] (MB): peak = 1060.889; parent = 855.436; children = 205.453
Synthesis current peak Virtual Memory [VSS] (MB): peak = 2698.945; parent = 1716.305; children = 982.641
---------------------------------------------------------------------------------
---------------------------------------------------------------------------------
Finished Constraint Validation : Time (s): cpu = 00:00:07 ; elapsed = 00:00:11 . Memory (MB): peak = 1731.145 ; gain = 392.645 ; free physical = 7055 ; free virtual = 11133
Synthesis current peak Physical Memory [PSS] (MB): peak = 1060.889; parent = 855.436; children = 205.453
Synthesis current peak Virtual Memory [VSS] (MB): peak = 2713.789; parent = 1731.148; children = 982.641
---------------------------------------------------------------------------------
---------------------------------------------------------------------------------
Start Loading Part and Timing Information
---------------------------------------------------------------------------------
Loading part: xc7k325tffg900-2
INFO: [Device 21-403] Loading part xc7k325tffg900-2
---------------------------------------------------------------------------------
Finished Loading Part and Timing Information : Time (s): cpu = 00:00:07 ; elapsed = 00:00:11 . Memory (MB): peak = 1739.148 ; gain = 400.648 ; free physical = 7055 ; free virtual = 11133
Synthesis current peak Physical Memory [PSS] (MB): peak = 1060.889; parent = 855.436; children = 205.453
Synthesis current peak Virtual Memory [VSS] (MB): peak = 2721.793; parent = 1739.152; children = 982.641
---------------------------------------------------------------------------------
---------------------------------------------------------------------------------
Finished RTL Optimization Phase 2 : Time (s): cpu = 00:00:07 ; elapsed = 00:00:11 . Memory (MB): peak = 1748.055 ; gain = 409.555 ; free physical = 7037 ; free virtual = 11118
Synthesis current peak Physical Memory [PSS] (MB): peak = 1060.889; parent = 855.436; children = 205.453
Synthesis current peak Virtual Memory [VSS] (MB): peak = 2730.699; parent = 1748.059; children = 982.641
---------------------------------------------------------------------------------
No constraint files found.
---------------------------------------------------------------------------------
Start RTL Component Statistics 
---------------------------------------------------------------------------------
Detailed RTL Component Info : 
+---XORs : 
	   2 Input      4 Bit         XORs := 8     
---------------------------------------------------------------------------------
Finished RTL Component Statistics 
---------------------------------------------------------------------------------
---------------------------------------------------------------------------------
Start Part Resource Summary
---------------------------------------------------------------------------------
Part Resources:
DSPs: 840 (col length:140)
BRAMs: 890 (col length: RAMB18 140 RAMB36 70)
---------------------------------------------------------------------------------
Finished Part Resource Summary
---------------------------------------------------------------------------------
No constraint files found.
---------------------------------------------------------------------------------
Start Cross Boundary and Area Optimization
---------------------------------------------------------------------------------
WARNING: [Synth 8-7080] Parallel synthesis criteria is not met
---------------------------------------------------------------------------------
Finished Cross Boundary and Area Optimization : Time (s): cpu = 00:00:13 ; elapsed = 00:00:20 . Memory (MB): peak = 1932.891 ; gain = 594.391 ; free physical = 6681 ; free virtual = 10793
Synthesis current peak Physical Memory [PSS] (MB): peak = 1334.650; parent = 1129.229; children = 205.453
Synthesis current peak Virtual Memory [VSS] (MB): peak = 2915.535; parent = 1932.895; children = 982.641
---------------------------------------------------------------------------------
No constraint files found.
---------------------------------------------------------------------------------
Start Timing Optimization
---------------------------------------------------------------------------------
---------------------------------------------------------------------------------
Finished Timing Optimization : Time (s): cpu = 00:00:13 ; elapsed = 00:00:20 . Memory (MB): peak = 1932.891 ; gain = 594.391 ; free physical = 6675 ; free virtual = 10788
Synthesis current peak Physical Memory [PSS] (MB): peak = 1337.764; parent = 1132.342; children = 205.453
Synthesis current peak Virtual Memory [VSS] (MB): peak = 2915.535; parent = 1932.895; children = 982.641
---------------------------------------------------------------------------------
---------------------------------------------------------------------------------
Start Technology Mapping
---------------------------------------------------------------------------------
---------------------------------------------------------------------------------
Finished Technology Mapping : Time (s): cpu = 00:00:13 ; elapsed = 00:00:20 . Memory (MB): peak = 1932.891 ; gain = 594.391 ; free physical = 6671 ; free virtual = 10784
Synthesis current peak Physical Memory [PSS] (MB): peak = 1338.498; parent = 1133.076; children = 205.453
Synthesis current peak Virtual Memory [VSS] (MB): peak = 2915.535; parent = 1932.895; children = 982.641
---------------------------------------------------------------------------------
---------------------------------------------------------------------------------
Start IO Insertion
---------------------------------------------------------------------------------
---------------------------------------------------------------------------------
Start Flattening Before IO Insertion
---------------------------------------------------------------------------------
---------------------------------------------------------------------------------
Finished Flattening Before IO Insertion
---------------------------------------------------------------------------------
---------------------------------------------------------------------------------
Start Final Netlist Cleanup
---------------------------------------------------------------------------------
---------------------------------------------------------------------------------
Finished Final Netlist Cleanup
---------------------------------------------------------------------------------
---------------------------------------------------------------------------------
Finished IO Insertion : Time (s): cpu = 00:00:17 ; elapsed = 00:00:24 . Memory (MB): peak = 1932.891 ; gain = 594.391 ; free physical = 6671 ; free virtual = 10784
Synthesis current peak Physical Memory [PSS] (MB): peak = 1338.662; parent = 1133.240; children = 205.453
Synthesis current peak Virtual Memory [VSS] (MB): peak = 2915.535; parent = 1932.895; children = 982.641
---------------------------------------------------------------------------------
---------------------------------------------------------------------------------
Start Renaming Generated Instances
---------------------------------------------------------------------------------
---------------------------------------------------------------------------------
Finished Renaming Generated Instances : Time (s): cpu = 00:00:17 ; elapsed = 00:00:24 . Memory (MB): peak = 1932.891 ; gain = 594.391 ; free physical = 6671 ; free virtual = 10784
Synthesis current peak Physical Memory [PSS] (MB): peak = 1338.678; parent = 1133.256; children = 205.453
Synthesis current peak Virtual Memory [VSS] (MB): peak = 2915.535; parent = 1932.895; children = 982.641
---------------------------------------------------------------------------------
---------------------------------------------------------------------------------
Start Rebuilding User Hierarchy
---------------------------------------------------------------------------------
---------------------------------------------------------------------------------
Finished Rebuilding User Hierarchy : Time (s): cpu = 00:00:17 ; elapsed = 00:00:24 . Memory (MB): peak = 1932.891 ; gain = 594.391 ; free physical = 6671 ; free virtual = 10784
Synthesis current peak Physical Memory [PSS] (MB): peak = 1338.771; parent = 1133.350; children = 205.453
Synthesis current peak Virtual Memory [VSS] (MB): peak = 2915.535; parent = 1932.895; children = 982.641
---------------------------------------------------------------------------------
---------------------------------------------------------------------------------
Start Renaming Generated Ports
---------------------------------------------------------------------------------
---------------------------------------------------------------------------------
Finished Renaming Generated Ports : Time (s): cpu = 00:00:17 ; elapsed = 00:00:25 . Memory (MB): peak = 1932.891 ; gain = 594.391 ; free physical = 6671 ; free virtual = 10784
Synthesis current peak Physical Memory [PSS] (MB): peak = 1338.850; parent = 1133.428; children = 205.453
Synthesis current peak Virtual Memory [VSS] (MB): peak = 2915.535; parent = 1932.895; children = 982.641
---------------------------------------------------------------------------------
---------------------------------------------------------------------------------
Start Handling Custom Attributes
---------------------------------------------------------------------------------
---------------------------------------------------------------------------------
Finished Handling Custom Attributes : Time (s): cpu = 00:00:17 ; elapsed = 00:00:25 . Memory (MB): peak = 1932.891 ; gain = 594.391 ; free physical = 6671 ; free virtual = 10784
Synthesis current peak Physical Memory [PSS] (MB): peak = 1338.850; parent = 1133.428; children = 205.453
Synthesis current peak Virtual Memory [VSS] (MB): peak = 2915.535; parent = 1932.895; children = 982.641
---------------------------------------------------------------------------------
---------------------------------------------------------------------------------
Start Renaming Generated Nets
---------------------------------------------------------------------------------
---------------------------------------------------------------------------------
Finished Renaming Generated Nets : Time (s): cpu = 00:00:17 ; elapsed = 00:00:25 . Memory (MB): peak = 1932.891 ; gain = 594.391 ; free physical = 6671 ; free virtual = 10784
Synthesis current peak Physical Memory [PSS] (MB): peak = 1338.865; parent = 1133.443; children = 205.453
Synthesis current peak Virtual Memory [VSS] (MB): peak = 2915.535; parent = 1932.895; children = 982.641
---------------------------------------------------------------------------------
---------------------------------------------------------------------------------
Start Writing Synthesis Report
---------------------------------------------------------------------------------

Report BlackBoxes: 
+-+--------------+----------+
| |BlackBox name |Instances |
+-+--------------+----------+
+-+--------------+----------+

Report Cell Usage: 
+------+-----+------+
|      |Cell |Count |
+------+-----+------+
|1     |LUT2 |    11|
|2     |LUT3 |     4|
|3     |LUT4 |    10|
|4     |LUT5 |    11|
|5     |LUT6 |    12|
|6     |IBUF |    32|
|7     |OBUF |    17|
+------+-----+------+

Report Instance Areas: 
+------+---------+-------+------+
|      |Instance |Module |Cells |
+------+---------+-------+------+
|1     |top      |       |    97|
+------+---------+-------+------+
---------------------------------------------------------------------------------
Finished Writing Synthesis Report : Time (s): cpu = 00:00:17 ; elapsed = 00:00:25 . Memory (MB): peak = 1932.891 ; gain = 594.391 ; free physical = 6670 ; free virtual = 10783
Synthesis current peak Physical Memory [PSS] (MB): peak = 1338.928; parent = 1133.506; children = 205.453
Synthesis current peak Virtual Memory [VSS] (MB): peak = 2915.535; parent = 1932.895; children = 982.641
---------------------------------------------------------------------------------
Synthesis finished with 0 errors, 0 critical warnings and 1 warnings.
Synthesis Optimization Runtime : Time (s): cpu = 00:00:17 ; elapsed = 00:00:25 . Memory (MB): peak = 1932.891 ; gain = 594.391 ; free physical = 6675 ; free virtual = 10788
Synthesis Optimization Complete : Time (s): cpu = 00:00:17 ; elapsed = 00:00:25 . Memory (MB): peak = 1932.898 ; gain = 594.391 ; free physical = 6675 ; free virtual = 10788
INFO: [Project 1-571] Translating synthesized netlist
Netlist sorting complete. Time (s): cpu = 00:00:00 ; elapsed = 00:00:00 . Memory (MB): peak = 1938.828 ; gain = 0.000 ; free physical = 6766 ; free virtual = 10882
INFO: [Project 1-570] Preparing netlist for logic optimization
INFO: [Opt 31-138] Pushed 0 inverter(s) to 0 load pin(s).
Netlist sorting complete. Time (s): cpu = 00:00:00 ; elapsed = 00:00:00 . Memory (MB): peak = 2067.508 ; gain = 0.000 ; free physical = 6412 ; free virtual = 10731
INFO: [Project 1-111] Unisim Transformation Summary:
No Unisim elements were transformed.

Synth Design complete, checksum: fb5256a4
INFO: [Common 17-83] Releasing license: Synthesis
15 Infos, 1 Warnings, 0 Critical Warnings and 0 Errors encountered.
synth_design completed successfully
synth_design: Time (s): cpu = 00:00:24 ; elapsed = 00:00:29 . Memory (MB): peak = 2067.508 ; gain = 737.012 ; free physical = 6625 ; free virtual = 10944
INFO: [Common 17-1381] The checkpoint '/home/zza/Documents/ucas-digital_ic_design-course/add_tc_16_16/sync/add_tc_16_16.runs/synth_1/add_tc_16_16.dcp' has been generated.
INFO: [runtcl-4] Executing : report_utilization -file add_tc_16_16_utilization_synth.rpt -pb add_tc_16_16_utilization_synth.pb
INFO: [Common 17-206] Exiting Vivado at Mon Dec  4 21:01:24 2023...
