
*** Running vivado
    with args -log vld_test.vdi -applog -m64 -product Vivado -messageDb vivado.pb -mode batch -source vld_test.tcl -notrace


****** Vivado v2022.2 (64-bit)
  **** SW Build 3671981 on Fri Oct 14 04:59:54 MDT 2022
  **** IP Build 3669848 on Fri Oct 14 08:30:02 MDT 2022
    ** Copyright 1986-2022 Xilinx, Inc. All Rights Reserved.

source vld_test.tcl -notrace
create_project: Time (s): cpu = 00:00:06 ; elapsed = 00:00:06 . Memory (MB): peak = 1326.590 ; gain = 0.023 ; free physical = 1462 ; free virtual = 5889
Command: link_design -top vld_test -part xc7k325tffg900-2
Design is defaulting to srcset: sources_1
Design is defaulting to constrset: constrs_1
INFO: [Device 21-403] Loading part xc7k325tffg900-2
Netlist sorting complete. Time (s): cpu = 00:00:00 ; elapsed = 00:00:00.01 . Memory (MB): peak = 1620.652 ; gain = 0.000 ; free physical = 1104 ; free virtual = 5532
INFO: [Netlist 29-17] Analyzing 1 Unisim elements for replacement
INFO: [Netlist 29-28] Unisim Transformation completed in 0 CPU seconds
INFO: [Project 1-479] Netlist was created with Vivado 2022.2
INFO: [Project 1-570] Preparing netlist for logic optimization
Parsing XDC File [/home/zza/Documents/ucas-digital_ic_design-course/proj_2_1/proj_2_1.srcs/constrs_1/new/vld.xdc]
Finished Parsing XDC File [/home/zza/Documents/ucas-digital_ic_design-course/proj_2_1/proj_2_1.srcs/constrs_1/new/vld.xdc]
INFO: [Opt 31-138] Pushed 0 inverter(s) to 0 load pin(s).
Netlist sorting complete. Time (s): cpu = 00:00:00 ; elapsed = 00:00:00 . Memory (MB): peak = 1785.117 ; gain = 0.000 ; free physical = 995 ; free virtual = 5422
INFO: [Project 1-111] Unisim Transformation Summary:
No Unisim elements were transformed.

7 Infos, 0 Warnings, 0 Critical Warnings and 0 Errors encountered.
link_design completed successfully
link_design: Time (s): cpu = 00:00:08 ; elapsed = 00:00:09 . Memory (MB): peak = 1785.117 ; gain = 458.527 ; free physical = 995 ; free virtual = 5422
Command: opt_design
Attempting to get a license for feature 'Implementation' and/or device 'xc7k325t'
INFO: [Common 17-349] Got license for feature 'Implementation' and/or device 'xc7k325t'
Running DRC as a precondition to command opt_design

Starting DRC Task
INFO: [DRC 23-27] Running DRC with 8 threads
INFO: [Project 1-461] DRC finished with 0 Errors
INFO: [Project 1-462] Please refer to the DRC report (report_drc) for more information.

Time (s): cpu = 00:00:02 ; elapsed = 00:00:02 . Memory (MB): peak = 1868.895 ; gain = 75.773 ; free physical = 986 ; free virtual = 5413

Starting Cache Timing Information Task
INFO: [Timing 38-35] Done setting XDC timing constraints.
Ending Cache Timing Information Task | Checksum: f5b50743

Time (s): cpu = 00:00:10 ; elapsed = 00:00:10 . Memory (MB): peak = 2379.934 ; gain = 511.039 ; free physical = 559 ; free virtual = 4986

Starting Logic Optimization Task

Phase 1 Retarget
INFO: [Opt 31-138] Pushed 0 inverter(s) to 0 load pin(s).
INFO: [Opt 31-49] Retargeted 0 cell(s).
Phase 1 Retarget | Checksum: f5b50743

Time (s): cpu = 00:00:00.03 ; elapsed = 00:00:00.03 . Memory (MB): peak = 2665.785 ; gain = 0.000 ; free physical = 320 ; free virtual = 4747
INFO: [Opt 31-389] Phase Retarget created 0 cells and removed 0 cells

Phase 2 Constant propagation
INFO: [Opt 31-138] Pushed 0 inverter(s) to 0 load pin(s).
Phase 2 Constant propagation | Checksum: f5b50743

Time (s): cpu = 00:00:00.04 ; elapsed = 00:00:00.04 . Memory (MB): peak = 2665.785 ; gain = 0.000 ; free physical = 320 ; free virtual = 4747
INFO: [Opt 31-389] Phase Constant propagation created 0 cells and removed 0 cells

Phase 3 Sweep
Phase 3 Sweep | Checksum: f5b50743

Time (s): cpu = 00:00:00.04 ; elapsed = 00:00:00.04 . Memory (MB): peak = 2665.785 ; gain = 0.000 ; free physical = 320 ; free virtual = 4747
INFO: [Opt 31-389] Phase Sweep created 0 cells and removed 0 cells

Phase 4 BUFG optimization
Phase 4 BUFG optimization | Checksum: f5b50743

Time (s): cpu = 00:00:00.05 ; elapsed = 00:00:00.05 . Memory (MB): peak = 2697.801 ; gain = 32.016 ; free physical = 320 ; free virtual = 4747
INFO: [Opt 31-662] Phase BUFG optimization created 0 cells of which 0 are BUFGs and removed 0 cells.

Phase 5 Shift Register Optimization
INFO: [Opt 31-1064] SRL Remap converted 0 SRLs to 0 registers and converted 0 registers of register chains to 0 SRLs
Phase 5 Shift Register Optimization | Checksum: f5b50743

Time (s): cpu = 00:00:00.05 ; elapsed = 00:00:00.05 . Memory (MB): peak = 2697.801 ; gain = 32.016 ; free physical = 320 ; free virtual = 4747
INFO: [Opt 31-389] Phase Shift Register Optimization created 0 cells and removed 0 cells

Phase 6 Post Processing Netlist
Phase 6 Post Processing Netlist | Checksum: f5b50743

Time (s): cpu = 00:00:00.05 ; elapsed = 00:00:00.05 . Memory (MB): peak = 2697.801 ; gain = 32.016 ; free physical = 320 ; free virtual = 4747
INFO: [Opt 31-389] Phase Post Processing Netlist created 0 cells and removed 0 cells
Opt_design Change Summary
=========================


-------------------------------------------------------------------------------------------------------------------------
|  Phase                        |  #Cells created  |  #Cells Removed  |  #Constrained objects preventing optimizations  |
-------------------------------------------------------------------------------------------------------------------------
|  Retarget                     |               0  |               0  |                                              0  |
|  Constant propagation         |               0  |               0  |                                              0  |
|  Sweep                        |               0  |               0  |                                              0  |
|  BUFG optimization            |               0  |               0  |                                              0  |
|  Shift Register Optimization  |               0  |               0  |                                              0  |
|  Post Processing Netlist      |               0  |               0  |                                              0  |
-------------------------------------------------------------------------------------------------------------------------



Starting Connectivity Check Task

Time (s): cpu = 00:00:00 ; elapsed = 00:00:00 . Memory (MB): peak = 2697.801 ; gain = 0.000 ; free physical = 320 ; free virtual = 4747
Ending Logic Optimization Task | Checksum: f5b50743

Time (s): cpu = 00:00:00.05 ; elapsed = 00:00:00.06 . Memory (MB): peak = 2697.801 ; gain = 32.016 ; free physical = 320 ; free virtual = 4747

Starting Power Optimization Task
INFO: [Pwropt 34-132] Skipping clock gating for clocks with a period < 2.00 ns.
Ending Power Optimization Task | Checksum: f5b50743

Time (s): cpu = 00:00:00 ; elapsed = 00:00:00.01 . Memory (MB): peak = 2697.801 ; gain = 0.000 ; free physical = 319 ; free virtual = 4747

Starting Final Cleanup Task
Ending Final Cleanup Task | Checksum: f5b50743

Time (s): cpu = 00:00:00 ; elapsed = 00:00:00 . Memory (MB): peak = 2697.801 ; gain = 0.000 ; free physical = 319 ; free virtual = 4747

Starting Netlist Obfuscation Task
Netlist sorting complete. Time (s): cpu = 00:00:00 ; elapsed = 00:00:00 . Memory (MB): peak = 2697.801 ; gain = 0.000 ; free physical = 319 ; free virtual = 4747
Ending Netlist Obfuscation Task | Checksum: f5b50743

Time (s): cpu = 00:00:00 ; elapsed = 00:00:00 . Memory (MB): peak = 2697.801 ; gain = 0.000 ; free physical = 319 ; free virtual = 4747
INFO: [Common 17-83] Releasing license: Implementation
24 Infos, 0 Warnings, 0 Critical Warnings and 0 Errors encountered.
opt_design completed successfully
opt_design: Time (s): cpu = 00:00:15 ; elapsed = 00:00:16 . Memory (MB): peak = 2697.801 ; gain = 912.684 ; free physical = 319 ; free virtual = 4747
INFO: [Timing 38-480] Writing timing data to binary archive.
Writing XDEF routing.
Writing XDEF routing logical nets.
Writing XDEF routing special nets.
Write XDEF Complete: Time (s): cpu = 00:00:00.08 ; elapsed = 00:00:00.04 . Memory (MB): peak = 2721.812 ; gain = 16.008 ; free physical = 318 ; free virtual = 4746
INFO: [Common 17-1381] The checkpoint '/home/zza/Documents/ucas-digital_ic_design-course/proj_2_1/proj_2_1.runs/impl_1/vld_test_opt.dcp' has been generated.
INFO: [runtcl-4] Executing : report_drc -file vld_test_drc_opted.rpt -pb vld_test_drc_opted.pb -rpx vld_test_drc_opted.rpx
Command: report_drc -file vld_test_drc_opted.rpt -pb vld_test_drc_opted.pb -rpx vld_test_drc_opted.rpx
INFO: [IP_Flow 19-234] Refreshing IP repositories
INFO: [IP_Flow 19-1704] No user IP repositories specified
INFO: [IP_Flow 19-2313] Loaded Vivado IP repository '/home/zza/TOOLS/vivado/Vivado/2022.2/data/ip'.
INFO: [DRC 23-27] Running DRC with 8 threads
INFO: [Vivado_Tcl 2-168] The results of DRC are in file /home/zza/Documents/ucas-digital_ic_design-course/proj_2_1/proj_2_1.runs/impl_1/vld_test_drc_opted.rpt.
report_drc completed successfully
Command: place_design
Attempting to get a license for feature 'Implementation' and/or device 'xc7k325t'
INFO: [Common 17-349] Got license for feature 'Implementation' and/or device 'xc7k325t'
INFO: [DRC 23-27] Running DRC with 8 threads
INFO: [Vivado_Tcl 4-198] DRC finished with 0 Errors
INFO: [Vivado_Tcl 4-199] Please refer to the DRC report (report_drc) for more information.
Running DRC as a precondition to command place_design
INFO: [DRC 23-27] Running DRC with 8 threads
INFO: [Vivado_Tcl 4-198] DRC finished with 0 Errors
INFO: [Vivado_Tcl 4-199] Please refer to the DRC report (report_drc) for more information.

Starting Placer Task
INFO: [Place 30-611] Multithreading enabled for place_design using a maximum of 8 CPUs

Phase 1 Placer Initialization

Phase 1.1 Placer Initialization Netlist Sorting
Netlist sorting complete. Time (s): cpu = 00:00:00 ; elapsed = 00:00:00 . Memory (MB): peak = 2745.824 ; gain = 0.000 ; free physical = 283 ; free virtual = 4710
Phase 1.1 Placer Initialization Netlist Sorting | Checksum: d88faefc

Time (s): cpu = 00:00:00.01 ; elapsed = 00:00:00.01 . Memory (MB): peak = 2745.824 ; gain = 0.000 ; free physical = 283 ; free virtual = 4710
Netlist sorting complete. Time (s): cpu = 00:00:00 ; elapsed = 00:00:00 . Memory (MB): peak = 2745.824 ; gain = 0.000 ; free physical = 283 ; free virtual = 4710

Phase 1.2 IO Placement/ Clock Placement/ Build Placer Device
INFO: [Timing 38-35] Done setting XDC timing constraints.
Phase 1.2 IO Placement/ Clock Placement/ Build Placer Device | Checksum: f0228560

Time (s): cpu = 00:00:01 ; elapsed = 00:00:00.63 . Memory (MB): peak = 2745.824 ; gain = 0.000 ; free physical = 261 ; free virtual = 4689

Phase 1.3 Build Placer Netlist Model
Phase 1.3 Build Placer Netlist Model | Checksum: 126f3a414

Time (s): cpu = 00:00:01 ; elapsed = 00:00:00.82 . Memory (MB): peak = 2745.824 ; gain = 0.000 ; free physical = 276 ; free virtual = 4704

Phase 1.4 Constrain Clocks/Macros
Phase 1.4 Constrain Clocks/Macros | Checksum: 126f3a414

Time (s): cpu = 00:00:01 ; elapsed = 00:00:00.84 . Memory (MB): peak = 2745.824 ; gain = 0.000 ; free physical = 276 ; free virtual = 4704
Phase 1 Placer Initialization | Checksum: 126f3a414

Time (s): cpu = 00:00:02 ; elapsed = 00:00:00.86 . Memory (MB): peak = 2745.824 ; gain = 0.000 ; free physical = 275 ; free virtual = 4703

Phase 2 Global Placement

Phase 2.1 Floorplanning
Phase 2.1 Floorplanning | Checksum: 16a91a84b

Time (s): cpu = 00:00:02 ; elapsed = 00:00:00.97 . Memory (MB): peak = 2745.824 ; gain = 0.000 ; free physical = 270 ; free virtual = 4698

Phase 2.2 Update Timing before SLR Path Opt
Phase 2.2 Update Timing before SLR Path Opt | Checksum: 1c0410365

Time (s): cpu = 00:00:02 ; elapsed = 00:00:01 . Memory (MB): peak = 2745.824 ; gain = 0.000 ; free physical = 271 ; free virtual = 4699

Phase 2.3 Post-Processing in Floorplanning
Phase 2.3 Post-Processing in Floorplanning | Checksum: 1c0410365

Time (s): cpu = 00:00:02 ; elapsed = 00:00:01 . Memory (MB): peak = 2745.824 ; gain = 0.000 ; free physical = 271 ; free virtual = 4699

Phase 2.4 Global Placement Core

Phase 2.4.1 UpdateTiming Before Physical Synthesis
Phase 2.4.1 UpdateTiming Before Physical Synthesis | Checksum: 113708bc9

Time (s): cpu = 00:00:04 ; elapsed = 00:00:02 . Memory (MB): peak = 2745.824 ; gain = 0.000 ; free physical = 205 ; free virtual = 4633

Phase 2.4.2 Physical Synthesis In Placer
INFO: [Physopt 32-1044] Break lutnm for timing: one critical 0, two critical 0, total 0, new lutff created 0
INFO: [Physopt 32-1138] End 1 Pass. Optimized 0 net or LUT. Breaked 0 LUT, combined 0 existing LUT and moved 0 existing LUT
INFO: [Physopt 32-65] No nets found for high-fanout optimization.
INFO: [Physopt 32-232] Optimized 0 net. Created 0 new instance.
INFO: [Physopt 32-775] End 1 Pass. Optimized 0 net or cell. Created 0 new cell, deleted 0 existing cell and moved 0 existing cell
INFO: [Physopt 32-670] No setup violation found.  DSP Register Optimization was not performed.
INFO: [Physopt 32-670] No setup violation found.  Shift Register to Pipeline Optimization was not performed.
INFO: [Physopt 32-670] No setup violation found.  Shift Register Optimization was not performed.
INFO: [Physopt 32-670] No setup violation found.  BRAM Register Optimization was not performed.
INFO: [Physopt 32-670] No setup violation found.  URAM Register Optimization was not performed.
INFO: [Physopt 32-949] No candidate nets found for dynamic/static region interface net replication
INFO: [Physopt 32-775] End 1 Pass. Optimized 0 net or cell. Created 0 new cell, deleted 0 existing cell and moved 0 existing cell
Netlist sorting complete. Time (s): cpu = 00:00:00 ; elapsed = 00:00:00 . Memory (MB): peak = 2745.824 ; gain = 0.000 ; free physical = 203 ; free virtual = 4633

Summary of Physical Synthesis Optimizations
============================================


-----------------------------------------------------------------------------------------------------------------------------------------------------------
|  Optimization                                     |  Added Cells  |  Removed Cells  |  Optimized Cells/Nets  |  Dont Touch  |  Iterations  |  Elapsed   |
-----------------------------------------------------------------------------------------------------------------------------------------------------------
|  LUT Combining                                    |            0  |              0  |                     0  |           0  |           1  |  00:00:00  |
|  Retime                                           |            0  |              0  |                     0  |           0  |           1  |  00:00:00  |
|  Very High Fanout                                 |            0  |              0  |                     0  |           0  |           1  |  00:00:00  |
|  DSP Register                                     |            0  |              0  |                     0  |           0  |           0  |  00:00:00  |
|  Shift Register to Pipeline                       |            0  |              0  |                     0  |           0  |           0  |  00:00:00  |
|  Shift Register                                   |            0  |              0  |                     0  |           0  |           0  |  00:00:00  |
|  BRAM Register                                    |            0  |              0  |                     0  |           0  |           0  |  00:00:00  |
|  URAM Register                                    |            0  |              0  |                     0  |           0  |           0  |  00:00:00  |
|  Dynamic/Static Region Interface Net Replication  |            0  |              0  |                     0  |           0  |           1  |  00:00:00  |
|  Total                                            |            0  |              0  |                     0  |           0  |           4  |  00:00:00  |
-----------------------------------------------------------------------------------------------------------------------------------------------------------


Phase 2.4.2 Physical Synthesis In Placer | Checksum: 113708bc9

Time (s): cpu = 00:00:04 ; elapsed = 00:00:02 . Memory (MB): peak = 2745.824 ; gain = 0.000 ; free physical = 203 ; free virtual = 4633
Phase 2.4 Global Placement Core | Checksum: 15a190eda

Time (s): cpu = 00:00:05 ; elapsed = 00:00:03 . Memory (MB): peak = 2745.824 ; gain = 0.000 ; free physical = 202 ; free virtual = 4633
Phase 2 Global Placement | Checksum: 15a190eda

Time (s): cpu = 00:00:05 ; elapsed = 00:00:03 . Memory (MB): peak = 2745.824 ; gain = 0.000 ; free physical = 202 ; free virtual = 4633

Phase 3 Detail Placement

Phase 3.1 Commit Multi Column Macros
Phase 3.1 Commit Multi Column Macros | Checksum: 19f4a1a2f

Time (s): cpu = 00:00:05 ; elapsed = 00:00:03 . Memory (MB): peak = 2745.824 ; gain = 0.000 ; free physical = 202 ; free virtual = 4633

Phase 3.2 Commit Most Macros & LUTRAMs
Phase 3.2 Commit Most Macros & LUTRAMs | Checksum: 1800d182f

Time (s): cpu = 00:00:05 ; elapsed = 00:00:03 . Memory (MB): peak = 2745.824 ; gain = 0.000 ; free physical = 203 ; free virtual = 4634

Phase 3.3 Area Swap Optimization
Phase 3.3 Area Swap Optimization | Checksum: 1d405fbb2

Time (s): cpu = 00:00:06 ; elapsed = 00:00:03 . Memory (MB): peak = 2745.824 ; gain = 0.000 ; free physical = 203 ; free virtual = 4633

Phase 3.4 Pipeline Register Optimization
Phase 3.4 Pipeline Register Optimization | Checksum: 174cb6de1

Time (s): cpu = 00:00:06 ; elapsed = 00:00:03 . Memory (MB): peak = 2745.824 ; gain = 0.000 ; free physical = 203 ; free virtual = 4633

Phase 3.5 Small Shape Detail Placement
Phase 3.5 Small Shape Detail Placement | Checksum: 11bc104c4

Time (s): cpu = 00:00:07 ; elapsed = 00:00:03 . Memory (MB): peak = 2745.824 ; gain = 0.000 ; free physical = 201 ; free virtual = 4631

Phase 3.6 Re-assign LUT pins
Phase 3.6 Re-assign LUT pins | Checksum: 116885e1d

Time (s): cpu = 00:00:07 ; elapsed = 00:00:03 . Memory (MB): peak = 2745.824 ; gain = 0.000 ; free physical = 201 ; free virtual = 4631

Phase 3.7 Pipeline Register Optimization
Phase 3.7 Pipeline Register Optimization | Checksum: 171cef86a

Time (s): cpu = 00:00:07 ; elapsed = 00:00:03 . Memory (MB): peak = 2745.824 ; gain = 0.000 ; free physical = 201 ; free virtual = 4631
Phase 3 Detail Placement | Checksum: 171cef86a

Time (s): cpu = 00:00:07 ; elapsed = 00:00:03 . Memory (MB): peak = 2745.824 ; gain = 0.000 ; free physical = 201 ; free virtual = 4631

Phase 4 Post Placement Optimization and Clean-Up

Phase 4.1 Post Commit Optimization
INFO: [Timing 38-35] Done setting XDC timing constraints.

Phase 4.1.1 Post Placement Optimization
Post Placement Optimization Initialization | Checksum: 9a87a1b8

Phase 4.1.1.1 BUFG Insertion

Starting Physical Synthesis Task

Phase 1 Physical Synthesis Initialization
INFO: [Physopt 32-721] Multithreading enabled for phys_opt_design using a maximum of 8 CPUs
INFO: [Physopt 32-619] Estimated Timing Summary | WNS=2.599 | TNS=0.000 |
Phase 1 Physical Synthesis Initialization | Checksum: ae59fdd3

Time (s): cpu = 00:00:00.04 ; elapsed = 00:00:00.06 . Memory (MB): peak = 2764.621 ; gain = 0.000 ; free physical = 200 ; free virtual = 4631
INFO: [Place 46-56] BUFG insertion identified 0 candidate nets. Inserted BUFG: 0, Replicated BUFG Driver: 0, Skipped due to Placement/Routing Conflicts: 0, Skipped due to Timing Degradation: 0, Skipped due to Illegal Netlist: 0.
Ending Physical Synthesis Task | Checksum: 4d19e15f

Time (s): cpu = 00:00:00.04 ; elapsed = 00:00:00.06 . Memory (MB): peak = 2764.621 ; gain = 0.000 ; free physical = 200 ; free virtual = 4631
Phase 4.1.1.1 BUFG Insertion | Checksum: 9a87a1b8

Time (s): cpu = 00:00:07 ; elapsed = 00:00:04 . Memory (MB): peak = 2764.621 ; gain = 18.797 ; free physical = 200 ; free virtual = 4631

Phase 4.1.1.2 Post Placement Timing Optimization
INFO: [Place 30-746] Post Placement Timing Summary WNS=2.599. For the most accurate timing information please run report_timing.
Phase 4.1.1.2 Post Placement Timing Optimization | Checksum: 1259c7a35

Time (s): cpu = 00:00:07 ; elapsed = 00:00:04 . Memory (MB): peak = 2764.621 ; gain = 18.797 ; free physical = 200 ; free virtual = 4631

Time (s): cpu = 00:00:07 ; elapsed = 00:00:04 . Memory (MB): peak = 2764.621 ; gain = 18.797 ; free physical = 200 ; free virtual = 4631
Phase 4.1 Post Commit Optimization | Checksum: 1259c7a35

Time (s): cpu = 00:00:07 ; elapsed = 00:00:04 . Memory (MB): peak = 2764.621 ; gain = 18.797 ; free physical = 200 ; free virtual = 4631

Phase 4.2 Post Placement Cleanup
Phase 4.2 Post Placement Cleanup | Checksum: 1259c7a35

Time (s): cpu = 00:00:07 ; elapsed = 00:00:04 . Memory (MB): peak = 2764.621 ; gain = 18.797 ; free physical = 203 ; free virtual = 4634

Phase 4.3 Placer Reporting

Phase 4.3.1 Print Estimated Congestion
INFO: [Place 30-612] Post-Placement Estimated Congestion 
 ____________________________________________________
|           | Global Congestion | Short Congestion  |
| Direction | Region Size       | Region Size       |
|___________|___________________|___________________|
|      North|                1x1|                1x1|
|___________|___________________|___________________|
|      South|                1x1|                1x1|
|___________|___________________|___________________|
|       East|                1x1|                1x1|
|___________|___________________|___________________|
|       West|                1x1|                1x1|
|___________|___________________|___________________|

Phase 4.3.1 Print Estimated Congestion | Checksum: 1259c7a35

Time (s): cpu = 00:00:07 ; elapsed = 00:00:04 . Memory (MB): peak = 2764.621 ; gain = 18.797 ; free physical = 203 ; free virtual = 4634
Phase 4.3 Placer Reporting | Checksum: 1259c7a35

Time (s): cpu = 00:00:07 ; elapsed = 00:00:04 . Memory (MB): peak = 2764.621 ; gain = 18.797 ; free physical = 203 ; free virtual = 4634

Phase 4.4 Final Placement Cleanup
Netlist sorting complete. Time (s): cpu = 00:00:00 ; elapsed = 00:00:00 . Memory (MB): peak = 2764.621 ; gain = 0.000 ; free physical = 203 ; free virtual = 4634

Time (s): cpu = 00:00:07 ; elapsed = 00:00:04 . Memory (MB): peak = 2764.621 ; gain = 18.797 ; free physical = 203 ; free virtual = 4634
Phase 4 Post Placement Optimization and Clean-Up | Checksum: 11ddd952f

Time (s): cpu = 00:00:07 ; elapsed = 00:00:04 . Memory (MB): peak = 2764.621 ; gain = 18.797 ; free physical = 203 ; free virtual = 4634
Ending Placer Task | Checksum: 2835a412

Time (s): cpu = 00:00:07 ; elapsed = 00:00:04 . Memory (MB): peak = 2764.621 ; gain = 18.797 ; free physical = 203 ; free virtual = 4634
INFO: [Common 17-83] Releasing license: Implementation
60 Infos, 0 Warnings, 0 Critical Warnings and 0 Errors encountered.
place_design completed successfully
place_design: Time (s): cpu = 00:00:09 ; elapsed = 00:00:05 . Memory (MB): peak = 2764.621 ; gain = 18.797 ; free physical = 284 ; free virtual = 4715
INFO: [Timing 38-480] Writing timing data to binary archive.
Writing XDEF routing.
Writing XDEF routing logical nets.
Writing XDEF routing special nets.
Write XDEF Complete: Time (s): cpu = 00:00:00.08 ; elapsed = 00:00:00.04 . Memory (MB): peak = 2780.629 ; gain = 8.004 ; free physical = 284 ; free virtual = 4715
INFO: [Common 17-1381] The checkpoint '/home/zza/Documents/ucas-digital_ic_design-course/proj_2_1/proj_2_1.runs/impl_1/vld_test_placed.dcp' has been generated.
INFO: [runtcl-4] Executing : report_io -file vld_test_io_placed.rpt
report_io: Time (s): cpu = 00:00:00.31 ; elapsed = 00:00:00.48 . Memory (MB): peak = 2788.633 ; gain = 0.000 ; free physical = 255 ; free virtual = 4686
INFO: [runtcl-4] Executing : report_utilization -file vld_test_utilization_placed.rpt -pb vld_test_utilization_placed.pb
INFO: [runtcl-4] Executing : report_control_sets -verbose -file vld_test_control_sets_placed.rpt
report_control_sets: Time (s): cpu = 00:00:00.07 ; elapsed = 00:00:00.21 . Memory (MB): peak = 2788.633 ; gain = 0.000 ; free physical = 278 ; free virtual = 4709
Command: phys_opt_design
Attempting to get a license for feature 'Implementation' and/or device 'xc7k325t'
INFO: [Common 17-349] Got license for feature 'Implementation' and/or device 'xc7k325t'

Starting Initial Update Timing Task

Time (s): cpu = 00:00:00.05 ; elapsed = 00:00:00.06 . Memory (MB): peak = 2788.633 ; gain = 0.000 ; free physical = 254 ; free virtual = 4685
INFO: [Vivado_Tcl 4-383] Design worst setup slack (WNS) is greater than or equal to 0.000 ns. Skipping all physical synthesis optimizations.
INFO: [Vivado_Tcl 4-232] No setup violation found. The netlist was not modified.
INFO: [Common 17-83] Releasing license: Implementation
69 Infos, 0 Warnings, 0 Critical Warnings and 0 Errors encountered.
phys_opt_design completed successfully
INFO: [Timing 38-480] Writing timing data to binary archive.
Writing XDEF routing.
Writing XDEF routing logical nets.
Writing XDEF routing special nets.
Write XDEF Complete: Time (s): cpu = 00:00:00.1 ; elapsed = 00:00:00.05 . Memory (MB): peak = 2788.633 ; gain = 0.000 ; free physical = 249 ; free virtual = 4681
INFO: [Common 17-1381] The checkpoint '/home/zza/Documents/ucas-digital_ic_design-course/proj_2_1/proj_2_1.runs/impl_1/vld_test_physopt.dcp' has been generated.
Command: route_design
Attempting to get a license for feature 'Implementation' and/or device 'xc7k325t'
INFO: [Common 17-349] Got license for feature 'Implementation' and/or device 'xc7k325t'
Running DRC as a precondition to command route_design
INFO: [DRC 23-27] Running DRC with 8 threads
INFO: [Vivado_Tcl 4-198] DRC finished with 0 Errors
INFO: [Vivado_Tcl 4-199] Please refer to the DRC report (report_drc) for more information.


Starting Routing Task
INFO: [Route 35-254] Multithreading enabled for route_design using a maximum of 8 CPUs

Phase 1 Build RT Design
Checksum: PlaceDB: 952fc2c ConstDB: 0 ShapeSum: 1ee2a7e6 RouteDB: 0
Post Restoration Checksum: NetGraph: 74ac4420 NumContArr: 78ac46a8 Constraints: 0 Timing: 0
Phase 1 Build RT Design | Checksum: ed588ac8

Time (s): cpu = 00:00:54 ; elapsed = 00:00:36 . Memory (MB): peak = 2997.258 ; gain = 200.621 ; free physical = 176 ; free virtual = 4447

Phase 2 Router Initialization

Phase 2.1 Fix Topology Constraints
Phase 2.1 Fix Topology Constraints | Checksum: ed588ac8

Time (s): cpu = 00:00:54 ; elapsed = 00:00:36 . Memory (MB): peak = 3036.258 ; gain = 239.621 ; free physical = 132 ; free virtual = 4402

Phase 2.2 Pre Route Cleanup
Phase 2.2 Pre Route Cleanup | Checksum: ed588ac8

Time (s): cpu = 00:00:54 ; elapsed = 00:00:36 . Memory (MB): peak = 3036.258 ; gain = 239.621 ; free physical = 132 ; free virtual = 4402
 Number of Nodes with overlaps = 0

Phase 2.3 Update Timing
Phase 2.3 Update Timing | Checksum: 159bd041f

Time (s): cpu = 00:00:57 ; elapsed = 00:00:37 . Memory (MB): peak = 3078.367 ; gain = 281.730 ; free physical = 173 ; free virtual = 4394
INFO: [Route 35-416] Intermediate Timing Summary | WNS=2.521  | TNS=0.000  | WHS=-0.126 | THS=-3.162 |


Router Utilization Summary
  Global Vertical Routing Utilization    = 0 %
  Global Horizontal Routing Utilization  = 0 %
  Routable Net Status*
  *Does not include unroutable nets such as driverless and loadless.
  Run report_route_status for detailed report.
  Number of Failed Nets               = 74
    (Failed Nets is the sum of unrouted and partially routed nets)
  Number of Unrouted Nets             = 74
  Number of Partially Routed Nets     = 0
  Number of Node Overlaps             = 0

Phase 2 Router Initialization | Checksum: 212d1d47b

Time (s): cpu = 00:00:59 ; elapsed = 00:00:38 . Memory (MB): peak = 3081.367 ; gain = 284.730 ; free physical = 169 ; free virtual = 4390

Phase 3 Initial Routing

Phase 3.1 Global Routing
Phase 3.1 Global Routing | Checksum: 212d1d47b

Time (s): cpu = 00:00:59 ; elapsed = 00:00:38 . Memory (MB): peak = 3081.367 ; gain = 284.730 ; free physical = 169 ; free virtual = 4390
Phase 3 Initial Routing | Checksum: 21618062a

Time (s): cpu = 00:00:59 ; elapsed = 00:00:38 . Memory (MB): peak = 3081.367 ; gain = 284.730 ; free physical = 155 ; free virtual = 4376

Phase 4 Rip-up And Reroute

Phase 4.1 Global Iteration 0
 Number of Nodes with overlaps = 8
 Number of Nodes with overlaps = 0
INFO: [Route 35-416] Intermediate Timing Summary | WNS=2.526  | TNS=0.000  | WHS=N/A    | THS=N/A    |

Phase 4.1 Global Iteration 0 | Checksum: 165fed446

Time (s): cpu = 00:01:00 ; elapsed = 00:00:39 . Memory (MB): peak = 3081.367 ; gain = 284.730 ; free physical = 152 ; free virtual = 4373
Phase 4 Rip-up And Reroute | Checksum: 165fed446

Time (s): cpu = 00:01:00 ; elapsed = 00:00:39 . Memory (MB): peak = 3081.367 ; gain = 284.730 ; free physical = 152 ; free virtual = 4373

Phase 5 Delay and Skew Optimization

Phase 5.1 Delay CleanUp
Phase 5.1 Delay CleanUp | Checksum: 165fed446

Time (s): cpu = 00:01:00 ; elapsed = 00:00:39 . Memory (MB): peak = 3081.367 ; gain = 284.730 ; free physical = 152 ; free virtual = 4373

Phase 5.2 Clock Skew Optimization
Phase 5.2 Clock Skew Optimization | Checksum: 165fed446

Time (s): cpu = 00:01:00 ; elapsed = 00:00:39 . Memory (MB): peak = 3081.367 ; gain = 284.730 ; free physical = 152 ; free virtual = 4373
Phase 5 Delay and Skew Optimization | Checksum: 165fed446

Time (s): cpu = 00:01:00 ; elapsed = 00:00:39 . Memory (MB): peak = 3081.367 ; gain = 284.730 ; free physical = 152 ; free virtual = 4373

Phase 6 Post Hold Fix

Phase 6.1 Hold Fix Iter

Phase 6.1.1 Update Timing
Phase 6.1.1 Update Timing | Checksum: 2225f331d

Time (s): cpu = 00:01:00 ; elapsed = 00:00:39 . Memory (MB): peak = 3081.367 ; gain = 284.730 ; free physical = 152 ; free virtual = 4373
INFO: [Route 35-416] Intermediate Timing Summary | WNS=2.638  | TNS=0.000  | WHS=0.138  | THS=0.000  |

Phase 6.1 Hold Fix Iter | Checksum: 2225f331d

Time (s): cpu = 00:01:00 ; elapsed = 00:00:39 . Memory (MB): peak = 3081.367 ; gain = 284.730 ; free physical = 152 ; free virtual = 4373
Phase 6 Post Hold Fix | Checksum: 2225f331d

Time (s): cpu = 00:01:00 ; elapsed = 00:00:39 . Memory (MB): peak = 3081.367 ; gain = 284.730 ; free physical = 152 ; free virtual = 4373

Phase 7 Route finalize

Router Utilization Summary
  Global Vertical Routing Utilization    = 0.0023693 %
  Global Horizontal Routing Utilization  = 0.00224641 %
  Routable Net Status*
  *Does not include unroutable nets such as driverless and loadless.
  Run report_route_status for detailed report.
  Number of Failed Nets               = 0
    (Failed Nets is the sum of unrouted and partially routed nets)
  Number of Unrouted Nets             = 0
  Number of Partially Routed Nets     = 0
  Number of Node Overlaps             = 0

Phase 7 Route finalize | Checksum: 1bcf2483f

Time (s): cpu = 00:01:00 ; elapsed = 00:00:39 . Memory (MB): peak = 3081.367 ; gain = 284.730 ; free physical = 151 ; free virtual = 4372

Phase 8 Verifying routed nets

 Verification completed successfully
Phase 8 Verifying routed nets | Checksum: 1bcf2483f

Time (s): cpu = 00:01:00 ; elapsed = 00:00:39 . Memory (MB): peak = 3081.367 ; gain = 284.730 ; free physical = 146 ; free virtual = 4368

Phase 9 Depositing Routes
Phase 9 Depositing Routes | Checksum: 1197e1ac3

Time (s): cpu = 00:01:00 ; elapsed = 00:00:39 . Memory (MB): peak = 3097.375 ; gain = 300.738 ; free physical = 146 ; free virtual = 4367

Phase 10 Post Router Timing
INFO: [Route 35-57] Estimated Timing Summary | WNS=2.638  | TNS=0.000  | WHS=0.138  | THS=0.000  |

INFO: [Route 35-327] The final timing numbers are based on the router estimated timing analysis. For a complete and accurate timing signoff, please run report_timing_summary.
Phase 10 Post Router Timing | Checksum: 1197e1ac3

Time (s): cpu = 00:01:00 ; elapsed = 00:00:39 . Memory (MB): peak = 3097.375 ; gain = 300.738 ; free physical = 145 ; free virtual = 4367
INFO: [Route 35-16] Router Completed Successfully

Time (s): cpu = 00:01:00 ; elapsed = 00:00:39 . Memory (MB): peak = 3097.375 ; gain = 300.738 ; free physical = 207 ; free virtual = 4428

Routing Is Done.
INFO: [Common 17-83] Releasing license: Implementation
83 Infos, 0 Warnings, 0 Critical Warnings and 0 Errors encountered.
route_design completed successfully
route_design: Time (s): cpu = 00:01:03 ; elapsed = 00:00:40 . Memory (MB): peak = 3097.375 ; gain = 308.742 ; free physical = 207 ; free virtual = 4428
INFO: [Timing 38-480] Writing timing data to binary archive.
Writing XDEF routing.
Writing XDEF routing logical nets.
Writing XDEF routing special nets.
Write XDEF Complete: Time (s): cpu = 00:00:00.1 ; elapsed = 00:00:00.06 . Memory (MB): peak = 3097.375 ; gain = 0.000 ; free physical = 206 ; free virtual = 4428
INFO: [Common 17-1381] The checkpoint '/home/zza/Documents/ucas-digital_ic_design-course/proj_2_1/proj_2_1.runs/impl_1/vld_test_routed.dcp' has been generated.
INFO: [runtcl-4] Executing : report_drc -file vld_test_drc_routed.rpt -pb vld_test_drc_routed.pb -rpx vld_test_drc_routed.rpx
Command: report_drc -file vld_test_drc_routed.rpt -pb vld_test_drc_routed.pb -rpx vld_test_drc_routed.rpx
INFO: [IP_Flow 19-1839] IP Catalog is up to date.
INFO: [DRC 23-27] Running DRC with 8 threads
INFO: [Vivado_Tcl 2-168] The results of DRC are in file /home/zza/Documents/ucas-digital_ic_design-course/proj_2_1/proj_2_1.runs/impl_1/vld_test_drc_routed.rpt.
report_drc completed successfully
INFO: [runtcl-4] Executing : report_methodology -file vld_test_methodology_drc_routed.rpt -pb vld_test_methodology_drc_routed.pb -rpx vld_test_methodology_drc_routed.rpx
Command: report_methodology -file vld_test_methodology_drc_routed.rpt -pb vld_test_methodology_drc_routed.pb -rpx vld_test_methodology_drc_routed.rpx
INFO: [Timing 38-35] Done setting XDC timing constraints.
INFO: [DRC 23-133] Running Methodology with 8 threads
INFO: [Vivado_Tcl 2-1520] The results of Report Methodology are in file /home/zza/Documents/ucas-digital_ic_design-course/proj_2_1/proj_2_1.runs/impl_1/vld_test_methodology_drc_routed.rpt.
report_methodology completed successfully
INFO: [runtcl-4] Executing : report_power -file vld_test_power_routed.rpt -pb vld_test_power_summary_routed.pb -rpx vld_test_power_routed.rpx
Command: report_power -file vld_test_power_routed.rpt -pb vld_test_power_summary_routed.pb -rpx vld_test_power_routed.rpx
INFO: [Timing 38-35] Done setting XDC timing constraints.
Running Vector-less Activity Propagation...

Finished Running Vector-less Activity Propagation
95 Infos, 0 Warnings, 0 Critical Warnings and 0 Errors encountered.
report_power completed successfully
INFO: [runtcl-4] Executing : report_route_status -file vld_test_route_status.rpt -pb vld_test_route_status.pb
INFO: [runtcl-4] Executing : report_timing_summary -max_paths 10 -report_unconstrained -file vld_test_timing_summary_routed.rpt -pb vld_test_timing_summary_routed.pb -rpx vld_test_timing_summary_routed.rpx -warn_on_violation 
INFO: [Timing 38-91] UpdateTimingParams: Speed grade: -2, Delay Type: min_max.
INFO: [Timing 38-191] Multithreading enabled for timing update using a maximum of 8 CPUs
INFO: [runtcl-4] Executing : report_incremental_reuse -file vld_test_incremental_reuse_routed.rpt
INFO: [Vivado_Tcl 4-1062] Incremental flow is disabled. No incremental reuse Info to report.
INFO: [runtcl-4] Executing : report_clock_utilization -file vld_test_clock_utilization_routed.rpt
INFO: [runtcl-4] Executing : report_bus_skew -warn_on_violation -file vld_test_bus_skew_routed.rpt -pb vld_test_bus_skew_routed.pb -rpx vld_test_bus_skew_routed.rpx
INFO: [Timing 38-91] UpdateTimingParams: Speed grade: -2, Delay Type: min_max.
INFO: [Timing 38-191] Multithreading enabled for timing update using a maximum of 8 CPUs
INFO: [Common 17-206] Exiting Vivado at Sat Nov 11 11:29:11 2023...
