Copyright 1986-2022 Xilinx, Inc. All Rights Reserved.
-----------------------------------------------------------------------------------------------------------------------------------------------
| Tool Version : Vivado v.2022.2 (lin64) Build 3671981 Fri Oct 14 04:59:54 MDT 2022
| Date         : Sat Nov 11 16:45:35 2023
| Host         : zza-virtual-machine running 64-bit Ubuntu 22.04.1 LTS
| Command      : report_methodology -file top_methodology_drc_routed.rpt -pb top_methodology_drc_routed.pb -rpx top_methodology_drc_routed.rpx
| Design       : top
| Device       : xc7k325tffg900-2
| Speed File   : -2
| Design State : Fully Routed
-----------------------------------------------------------------------------------------------------------------------------------------------

Report Methodology

Table of Contents
-----------------
1. REPORT SUMMARY
2. REPORT DETAILS

1. REPORT SUMMARY
-----------------
            Netlist: netlist
          Floorplan: design_1
      Design limits: <entire design considered>
             Max violations: <unlimited>
             Violations found: 11
+-----------+----------+-------------------------------+------------+
| Rule      | Severity | Description                   | Violations |
+-----------+----------+-------------------------------+------------+
| TIMING-18 | Warning  | Missing input or output delay | 11         |
+-----------+----------+-------------------------------+------------+

2. REPORT DETAILS
-----------------
TIMING-18#1 Warning
Missing input or output delay  
An input delay is missing on rst relative to clock(s) sys_clk_n
Related violations: <none>

TIMING-18#2 Warning
Missing input or output delay  
An output delay is missing on out[0] relative to clock(s) sys_clk_n
Related violations: <none>

TIMING-18#3 Warning
Missing input or output delay  
An output delay is missing on out[1] relative to clock(s) sys_clk_n
Related violations: <none>

TIMING-18#4 Warning
Missing input or output delay  
An output delay is missing on out[2] relative to clock(s) sys_clk_n
Related violations: <none>

TIMING-18#5 Warning
Missing input or output delay  
An output delay is missing on out[3] relative to clock(s) sys_clk_n
Related violations: <none>

TIMING-18#6 Warning
Missing input or output delay  
An output delay is missing on out[4] relative to clock(s) sys_clk_n
Related violations: <none>

TIMING-18#7 Warning
Missing input or output delay  
An output delay is missing on out[5] relative to clock(s) sys_clk_n
Related violations: <none>

TIMING-18#8 Warning
Missing input or output delay  
An output delay is missing on out[6] relative to clock(s) sys_clk_n
Related violations: <none>

TIMING-18#9 Warning
Missing input or output delay  
An output delay is missing on out[7] relative to clock(s) sys_clk_n
Related violations: <none>

TIMING-18#10 Warning
Missing input or output delay  
An output delay is missing on out[8] relative to clock(s) sys_clk_n
Related violations: <none>

TIMING-18#11 Warning
Missing input or output delay  
An output delay is missing on out[9] relative to clock(s) sys_clk_n
Related violations: <none>


