
*** Running vivado
    with args -log sort_32_u8.vds -m64 -product Vivado -mode batch -messageDb vivado.pb -notrace -source sort_32_u8.tcl


****** Vivado v2022.2 (64-bit)
  **** SW Build 3671981 on Fri Oct 14 04:59:54 MDT 2022
  **** IP Build 3669848 on Fri Oct 14 08:30:02 MDT 2022
    ** Copyright 1986-2022 Xilinx, Inc. All Rights Reserved.

source sort_32_u8.tcl -notrace
Command: synth_design -top sort_32_u8 -part xc7k325tffg900-2
Starting synth_design
Attempting to get a license for feature 'Synthesis' and/or device 'xc7k325t'
INFO: [Common 17-349] Got license for feature 'Synthesis' and/or device 'xc7k325t'
INFO: [Device 21-403] Loading part xc7k325tffg900-2
INFO: [Synth 8-7079] Multithreading enabled for synth_design using a maximum of 4 processes.
INFO: [Synth 8-7078] Launching helper process for spawning children vivado processes
INFO: [Synth 8-7075] Helper process launched with PID 19577
INFO: [Synth 8-11241] undeclared symbol 'REGCCE', assumed default net type 'wire' [/home/zza/TOOLS/vivado/Vivado/2022.2/data/verilog/src/unimacro/BRAM_SINGLE_MACRO.v:2170]
WARNING: [Synth 8-6901] identifier 'state' is used before its declaration [/home/zza/Documents/ucas-digital_ic_design-course/sort_32_u8/sync/sort_32_u8.srcs/sources_1/imports/src/sort_32_u8.v:25]
WARNING: [Synth 8-6901] identifier 'FIND' is used before its declaration [/home/zza/Documents/ucas-digital_ic_design-course/sort_32_u8/sync/sort_32_u8.srcs/sources_1/imports/src/sort_32_u8.v:25]
WARNING: [Synth 8-6901] identifier 'state' is used before its declaration [/home/zza/Documents/ucas-digital_ic_design-course/sort_32_u8/sync/sort_32_u8.srcs/sources_1/imports/src/sort_32_u8.v:37]
WARNING: [Synth 8-6901] identifier 'FIND' is used before its declaration [/home/zza/Documents/ucas-digital_ic_design-course/sort_32_u8/sync/sort_32_u8.srcs/sources_1/imports/src/sort_32_u8.v:37]
WARNING: [Synth 8-6901] identifier 'wen' is used before its declaration [/home/zza/Documents/ucas-digital_ic_design-course/sort_32_u8/sync/sort_32_u8.srcs/sources_1/imports/src/sort_32_u8.v:37]
WARNING: [Synth 8-6901] identifier 'state' is used before its declaration [/home/zza/Documents/ucas-digital_ic_design-course/sort_32_u8/sync/sort_32_u8.srcs/sources_1/imports/src/sort_32_u8.v:40]
WARNING: [Synth 8-6901] identifier 'FIND' is used before its declaration [/home/zza/Documents/ucas-digital_ic_design-course/sort_32_u8/sync/sort_32_u8.srcs/sources_1/imports/src/sort_32_u8.v:40]
WARNING: [Synth 8-6901] identifier 'shift' is used before its declaration [/home/zza/Documents/ucas-digital_ic_design-course/sort_32_u8/sync/sort_32_u8.srcs/sources_1/imports/src/sort_32_u8.v:40]
---------------------------------------------------------------------------------
Starting RTL Elaboration : Time (s): cpu = 00:00:05 ; elapsed = 00:00:07 . Memory (MB): peak = 1996.895 ; gain = 369.801 ; free physical = 4594 ; free virtual = 9493
Synthesis current peak Physical Memory [PSS] (MB): peak = 1405.378; parent = 1201.011; children = 204.367
Synthesis current peak Virtual Memory [VSS] (MB): peak = 2982.051; parent = 1999.867; children = 982.184
---------------------------------------------------------------------------------
INFO: [Synth 8-6157] synthesizing module 'sort_32_u8' [/home/zza/Documents/ucas-digital_ic_design-course/sort_32_u8/sync/sort_32_u8.srcs/sources_1/imports/src/sort_32_u8.v:3]
INFO: [Synth 8-6155] done synthesizing module 'sort_32_u8' (0#1) [/home/zza/Documents/ucas-digital_ic_design-course/sort_32_u8/sync/sort_32_u8.srcs/sources_1/imports/src/sort_32_u8.v:3]
---------------------------------------------------------------------------------
Finished RTL Elaboration : Time (s): cpu = 00:00:07 ; elapsed = 00:00:10 . Memory (MB): peak = 2072.832 ; gain = 445.738 ; free physical = 4676 ; free virtual = 9576
Synthesis current peak Physical Memory [PSS] (MB): peak = 1405.378; parent = 1201.011; children = 204.367
Synthesis current peak Virtual Memory [VSS] (MB): peak = 3055.020; parent = 2072.836; children = 982.184
---------------------------------------------------------------------------------
---------------------------------------------------------------------------------
Start Handling Custom Attributes
---------------------------------------------------------------------------------
---------------------------------------------------------------------------------
Finished Handling Custom Attributes : Time (s): cpu = 00:00:07 ; elapsed = 00:00:10 . Memory (MB): peak = 2084.707 ; gain = 457.613 ; free physical = 4676 ; free virtual = 9576
Synthesis current peak Physical Memory [PSS] (MB): peak = 1405.378; parent = 1201.011; children = 204.367
Synthesis current peak Virtual Memory [VSS] (MB): peak = 3066.895; parent = 2084.711; children = 982.184
---------------------------------------------------------------------------------
---------------------------------------------------------------------------------
Finished RTL Optimization Phase 1 : Time (s): cpu = 00:00:07 ; elapsed = 00:00:10 . Memory (MB): peak = 2084.707 ; gain = 457.613 ; free physical = 4676 ; free virtual = 9576
Synthesis current peak Physical Memory [PSS] (MB): peak = 1405.378; parent = 1201.011; children = 204.367
Synthesis current peak Virtual Memory [VSS] (MB): peak = 3066.895; parent = 2084.711; children = 982.184
---------------------------------------------------------------------------------
Netlist sorting complete. Time (s): cpu = 00:00:00.01 ; elapsed = 00:00:00.02 . Memory (MB): peak = 2084.707 ; gain = 0.000 ; free physical = 4671 ; free virtual = 9571
INFO: [Project 1-570] Preparing netlist for logic optimization

Processing XDC Constraints
Initializing timing engine
Parsing XDC File [/home/zza/Documents/ucas-digital_ic_design-course/sort_32_u8/sync/sort_32_u8.srcs/constrs_1/new/sort_32_u8.xdc]
Finished Parsing XDC File [/home/zza/Documents/ucas-digital_ic_design-course/sort_32_u8/sync/sort_32_u8.srcs/constrs_1/new/sort_32_u8.xdc]
Completed Processing XDC Constraints

Netlist sorting complete. Time (s): cpu = 00:00:00 ; elapsed = 00:00:00 . Memory (MB): peak = 2240.426 ; gain = 0.000 ; free physical = 4576 ; free virtual = 9476
INFO: [Project 1-111] Unisim Transformation Summary:
No Unisim elements were transformed.

Constraint Validation Runtime : Time (s): cpu = 00:00:00.02 ; elapsed = 00:00:00.01 . Memory (MB): peak = 2240.426 ; gain = 0.000 ; free physical = 4576 ; free virtual = 9476
INFO: [Synth 8-11241] undeclared symbol 'REGCCE', assumed default net type 'wire' [/home/zza/TOOLS/vivado/Vivado/2022.2/data/verilog/src/unimacro/BRAM_SINGLE_MACRO.v:2170]
---------------------------------------------------------------------------------
Finished Constraint Validation : Time (s): cpu = 00:00:14 ; elapsed = 00:00:19 . Memory (MB): peak = 2240.426 ; gain = 613.332 ; free physical = 4648 ; free virtual = 9548
Synthesis current peak Physical Memory [PSS] (MB): peak = 1405.378; parent = 1201.011; children = 204.367
Synthesis current peak Virtual Memory [VSS] (MB): peak = 3190.598; parent = 2208.414; children = 982.184
---------------------------------------------------------------------------------
---------------------------------------------------------------------------------
Start Loading Part and Timing Information
---------------------------------------------------------------------------------
Loading part: xc7k325tffg900-2
---------------------------------------------------------------------------------
Finished Loading Part and Timing Information : Time (s): cpu = 00:00:14 ; elapsed = 00:00:19 . Memory (MB): peak = 2240.426 ; gain = 613.332 ; free physical = 4648 ; free virtual = 9548
Synthesis current peak Physical Memory [PSS] (MB): peak = 1405.378; parent = 1201.011; children = 204.367
Synthesis current peak Virtual Memory [VSS] (MB): peak = 3190.598; parent = 2208.414; children = 982.184
---------------------------------------------------------------------------------
---------------------------------------------------------------------------------
Start Applying 'set_property' XDC Constraints
---------------------------------------------------------------------------------
---------------------------------------------------------------------------------
Finished applying 'set_property' XDC Constraints : Time (s): cpu = 00:00:14 ; elapsed = 00:00:19 . Memory (MB): peak = 2240.426 ; gain = 613.332 ; free physical = 4648 ; free virtual = 9548
Synthesis current peak Physical Memory [PSS] (MB): peak = 1405.378; parent = 1201.011; children = 204.367
Synthesis current peak Virtual Memory [VSS] (MB): peak = 3190.598; parent = 2208.414; children = 982.184
---------------------------------------------------------------------------------
INFO: [Synth 8-802] inferred FSM for state register 'state_reg' in module 'sort_32_u8'
---------------------------------------------------------------------------------------------------
                   State |                     New Encoding |                Previous Encoding 
---------------------------------------------------------------------------------------------------
                    IDLE |                          0100000 |                              000
                 LESS_16 |                          1000000 |                              001
                  LESS_8 |                          0010000 |                              011
                  LESS_4 |                          0001000 |                              100
                  LESS_2 |                          0000100 |                              101
                  LESS_1 |                          0000001 |                              110
                    FIND |                          0000010 |                              010
---------------------------------------------------------------------------------------------------
INFO: [Synth 8-3354] encoded FSM with state register 'state_reg' using encoding 'one-hot' in module 'sort_32_u8'
---------------------------------------------------------------------------------
Finished RTL Optimization Phase 2 : Time (s): cpu = 00:00:15 ; elapsed = 00:00:19 . Memory (MB): peak = 2240.426 ; gain = 613.332 ; free physical = 4637 ; free virtual = 9538
Synthesis current peak Physical Memory [PSS] (MB): peak = 1405.378; parent = 1201.011; children = 204.367
Synthesis current peak Virtual Memory [VSS] (MB): peak = 3190.598; parent = 2208.414; children = 982.184
---------------------------------------------------------------------------------
---------------------------------------------------------------------------------
Start RTL Component Statistics 
---------------------------------------------------------------------------------
Detailed RTL Component Info : 
+---Adders : 
	   2 Input    6 Bit       Adders := 1     
+---Registers : 
	              256 Bit    Registers := 2     
	               32 Bit    Registers := 2     
	                8 Bit    Registers := 33    
	                6 Bit    Registers := 1     
	                1 Bit    Registers := 1     
+---Muxes : 
	   2 Input  256 Bit        Muxes := 1     
	   7 Input  256 Bit        Muxes := 1     
	   2 Input   32 Bit        Muxes := 10    
	   7 Input   32 Bit        Muxes := 2     
	   2 Input    8 Bit        Muxes := 35    
	   7 Input    8 Bit        Muxes := 1     
	   7 Input    7 Bit        Muxes := 1     
	   2 Input    7 Bit        Muxes := 4     
	   7 Input    6 Bit        Muxes := 1     
	   2 Input    1 Bit        Muxes := 35    
	   7 Input    1 Bit        Muxes := 6     
---------------------------------------------------------------------------------
Finished RTL Component Statistics 
---------------------------------------------------------------------------------
---------------------------------------------------------------------------------
Start Part Resource Summary
---------------------------------------------------------------------------------
Part Resources:
DSPs: 840 (col length:140)
BRAMs: 890 (col length: RAMB18 140 RAMB36 70)
---------------------------------------------------------------------------------
Finished Part Resource Summary
---------------------------------------------------------------------------------
---------------------------------------------------------------------------------
Start Cross Boundary and Area Optimization
---------------------------------------------------------------------------------
WARNING: [Synth 8-7080] Parallel synthesis criteria is not met
---------------------------------------------------------------------------------
Finished Cross Boundary and Area Optimization : Time (s): cpu = 00:00:21 ; elapsed = 00:00:26 . Memory (MB): peak = 2240.426 ; gain = 613.332 ; free physical = 4614 ; free virtual = 9522
Synthesis current peak Physical Memory [PSS] (MB): peak = 1405.378; parent = 1201.011; children = 204.367
Synthesis current peak Virtual Memory [VSS] (MB): peak = 3190.598; parent = 2208.414; children = 982.184
---------------------------------------------------------------------------------
---------------------------------------------------------------------------------
Start Applying XDC Timing Constraints
---------------------------------------------------------------------------------
---------------------------------------------------------------------------------
Finished Applying XDC Timing Constraints : Time (s): cpu = 00:00:25 ; elapsed = 00:00:30 . Memory (MB): peak = 2240.426 ; gain = 613.332 ; free physical = 4500 ; free virtual = 9407
Synthesis current peak Physical Memory [PSS] (MB): peak = 1512.580; parent = 1308.255; children = 204.367
Synthesis current peak Virtual Memory [VSS] (MB): peak = 3190.598; parent = 2208.414; children = 982.184
---------------------------------------------------------------------------------
---------------------------------------------------------------------------------
Start Timing Optimization
---------------------------------------------------------------------------------
---------------------------------------------------------------------------------
Finished Timing Optimization : Time (s): cpu = 00:00:31 ; elapsed = 00:00:37 . Memory (MB): peak = 2240.426 ; gain = 613.332 ; free physical = 4457 ; free virtual = 9365
Synthesis current peak Physical Memory [PSS] (MB): peak = 1550.322; parent = 1345.997; children = 204.367
Synthesis current peak Virtual Memory [VSS] (MB): peak = 3190.598; parent = 2208.414; children = 982.184
---------------------------------------------------------------------------------
---------------------------------------------------------------------------------
Start Technology Mapping
---------------------------------------------------------------------------------
---------------------------------------------------------------------------------
Finished Technology Mapping : Time (s): cpu = 00:00:31 ; elapsed = 00:00:37 . Memory (MB): peak = 2240.426 ; gain = 613.332 ; free physical = 4457 ; free virtual = 9364
Synthesis current peak Physical Memory [PSS] (MB): peak = 1550.322; parent = 1345.997; children = 204.367
Synthesis current peak Virtual Memory [VSS] (MB): peak = 3190.598; parent = 2208.414; children = 982.184
---------------------------------------------------------------------------------
---------------------------------------------------------------------------------
Start IO Insertion
---------------------------------------------------------------------------------
---------------------------------------------------------------------------------
Start Flattening Before IO Insertion
---------------------------------------------------------------------------------
---------------------------------------------------------------------------------
Finished Flattening Before IO Insertion
---------------------------------------------------------------------------------
---------------------------------------------------------------------------------
Start Final Netlist Cleanup
---------------------------------------------------------------------------------
---------------------------------------------------------------------------------
Finished Final Netlist Cleanup
---------------------------------------------------------------------------------
---------------------------------------------------------------------------------
Finished IO Insertion : Time (s): cpu = 00:00:35 ; elapsed = 00:00:41 . Memory (MB): peak = 2240.426 ; gain = 613.332 ; free physical = 4457 ; free virtual = 9364
Synthesis current peak Physical Memory [PSS] (MB): peak = 1550.322; parent = 1345.997; children = 204.367
Synthesis current peak Virtual Memory [VSS] (MB): peak = 3190.598; parent = 2208.414; children = 982.184
---------------------------------------------------------------------------------
---------------------------------------------------------------------------------
Start Renaming Generated Instances
---------------------------------------------------------------------------------
---------------------------------------------------------------------------------
Finished Renaming Generated Instances : Time (s): cpu = 00:00:35 ; elapsed = 00:00:41 . Memory (MB): peak = 2240.426 ; gain = 613.332 ; free physical = 4457 ; free virtual = 9364
Synthesis current peak Physical Memory [PSS] (MB): peak = 1550.322; parent = 1345.997; children = 204.367
Synthesis current peak Virtual Memory [VSS] (MB): peak = 3190.598; parent = 2208.414; children = 982.184
---------------------------------------------------------------------------------
---------------------------------------------------------------------------------
Start Rebuilding User Hierarchy
---------------------------------------------------------------------------------
---------------------------------------------------------------------------------
Finished Rebuilding User Hierarchy : Time (s): cpu = 00:00:35 ; elapsed = 00:00:41 . Memory (MB): peak = 2240.426 ; gain = 613.332 ; free physical = 4457 ; free virtual = 9364
Synthesis current peak Physical Memory [PSS] (MB): peak = 1550.322; parent = 1345.997; children = 204.367
Synthesis current peak Virtual Memory [VSS] (MB): peak = 3190.598; parent = 2208.414; children = 982.184
---------------------------------------------------------------------------------
---------------------------------------------------------------------------------
Start Renaming Generated Ports
---------------------------------------------------------------------------------
---------------------------------------------------------------------------------
Finished Renaming Generated Ports : Time (s): cpu = 00:00:35 ; elapsed = 00:00:42 . Memory (MB): peak = 2240.426 ; gain = 613.332 ; free physical = 4457 ; free virtual = 9364
Synthesis current peak Physical Memory [PSS] (MB): peak = 1550.322; parent = 1345.997; children = 204.367
Synthesis current peak Virtual Memory [VSS] (MB): peak = 3190.598; parent = 2208.414; children = 982.184
---------------------------------------------------------------------------------
---------------------------------------------------------------------------------
Start Handling Custom Attributes
---------------------------------------------------------------------------------
---------------------------------------------------------------------------------
Finished Handling Custom Attributes : Time (s): cpu = 00:00:35 ; elapsed = 00:00:42 . Memory (MB): peak = 2240.426 ; gain = 613.332 ; free physical = 4457 ; free virtual = 9364
Synthesis current peak Physical Memory [PSS] (MB): peak = 1550.322; parent = 1345.997; children = 204.367
Synthesis current peak Virtual Memory [VSS] (MB): peak = 3190.598; parent = 2208.414; children = 982.184
---------------------------------------------------------------------------------
---------------------------------------------------------------------------------
Start Renaming Generated Nets
---------------------------------------------------------------------------------
---------------------------------------------------------------------------------
Finished Renaming Generated Nets : Time (s): cpu = 00:00:35 ; elapsed = 00:00:42 . Memory (MB): peak = 2240.426 ; gain = 613.332 ; free physical = 4457 ; free virtual = 9364
Synthesis current peak Physical Memory [PSS] (MB): peak = 1550.322; parent = 1345.997; children = 204.367
Synthesis current peak Virtual Memory [VSS] (MB): peak = 3190.598; parent = 2208.414; children = 982.184
---------------------------------------------------------------------------------
---------------------------------------------------------------------------------
Start Writing Synthesis Report
---------------------------------------------------------------------------------

Report BlackBoxes: 
+-+--------------+----------+
| |BlackBox name |Instances |
+-+--------------+----------+
+-+--------------+----------+

Report Cell Usage: 
+------+-------+------+
|      |Cell   |Count |
+------+-------+------+
|1     |BUFG   |     1|
|2     |CARRY4 |     2|
|3     |LUT1   |     1|
|4     |LUT2   |    75|
|5     |LUT3   |   571|
|6     |LUT4   |   101|
|7     |LUT5   |    71|
|8     |LUT6   |   524|
|9     |FDRE   |   606|
|10    |FDSE   |   260|
|11    |IBUF   |   259|
|12    |OBUF   |   257|
+------+-------+------+
---------------------------------------------------------------------------------
Finished Writing Synthesis Report : Time (s): cpu = 00:00:35 ; elapsed = 00:00:42 . Memory (MB): peak = 2240.426 ; gain = 613.332 ; free physical = 4456 ; free virtual = 9363
Synthesis current peak Physical Memory [PSS] (MB): peak = 1550.322; parent = 1345.997; children = 204.367
Synthesis current peak Virtual Memory [VSS] (MB): peak = 3190.598; parent = 2208.414; children = 982.184
---------------------------------------------------------------------------------
Synthesis finished with 0 errors, 0 critical warnings and 1 warnings.
Synthesis Optimization Runtime : Time (s): cpu = 00:00:33 ; elapsed = 00:00:39 . Memory (MB): peak = 2240.426 ; gain = 457.613 ; free physical = 4512 ; free virtual = 9419
Synthesis Optimization Complete : Time (s): cpu = 00:00:36 ; elapsed = 00:00:42 . Memory (MB): peak = 2240.426 ; gain = 613.332 ; free physical = 4512 ; free virtual = 9419
INFO: [Project 1-571] Translating synthesized netlist
Netlist sorting complete. Time (s): cpu = 00:00:00.02 ; elapsed = 00:00:00.02 . Memory (MB): peak = 2240.426 ; gain = 0.000 ; free physical = 4616 ; free virtual = 9523
INFO: [Netlist 29-17] Analyzing 2 Unisim elements for replacement
INFO: [Netlist 29-28] Unisim Transformation completed in 0 CPU seconds
WARNING: [Netlist 29-101] Netlist 'sort_32_u8' is not ideal for floorplanning, since the cellview 'sort_32_u8' contains a large number of primitives.  Please consider enabling hierarchy in synthesis if you want to do floorplanning.
INFO: [Project 1-570] Preparing netlist for logic optimization
INFO: [Opt 31-138] Pushed 0 inverter(s) to 0 load pin(s).
Netlist sorting complete. Time (s): cpu = 00:00:00 ; elapsed = 00:00:00 . Memory (MB): peak = 2240.426 ; gain = 0.000 ; free physical = 4558 ; free virtual = 9465
INFO: [Project 1-111] Unisim Transformation Summary:
No Unisim elements were transformed.

Synth Design complete, checksum: 89bc3a60
INFO: [Common 17-83] Releasing license: Synthesis
20 Infos, 10 Warnings, 0 Critical Warnings and 0 Errors encountered.
synth_design completed successfully
synth_design: Time (s): cpu = 00:00:45 ; elapsed = 00:00:51 . Memory (MB): peak = 2240.426 ; gain = 975.289 ; free physical = 4789 ; free virtual = 9696
INFO: [Common 17-1381] The checkpoint '/home/zza/Documents/ucas-digital_ic_design-course/sort_32_u8/sync/sort_32_u8.runs/synth_1/sort_32_u8.dcp' has been generated.
INFO: [runtcl-4] Executing : report_utilization -file sort_32_u8_utilization_synth.rpt -pb sort_32_u8_utilization_synth.pb
INFO: [Common 17-206] Exiting Vivado at Thu Jan  4 12:55:23 2024...
