Copyright 1986-2022 Xilinx, Inc. All Rights Reserved.
-------------------------------------------------------------------------------------------------------------------------
| Tool Version : Vivado v.2022.2 (lin64) Build 3671981 Fri Oct 14 04:59:54 MDT 2022
| Date         : Mon Dec  4 14:59:05 2023
| Host         : zza-virtual-machine running 64-bit Ubuntu 22.04.1 LTS
| Command      : report_timing_summary -file /home/zza/Documents/ucas-digital_ic_design-course/stopwatch/sync/timing.rpt
| Design       : stopwatch
| Device       : 7k325t-ffg900
| Speed File   : -2  PRODUCTION 1.12 2017-02-17
-------------------------------------------------------------------------------------------------------------------------

Timing Summary Report

------------------------------------------------------------------------------------------------
| Timer Settings
| --------------
------------------------------------------------------------------------------------------------

  Enable Multi Corner Analysis               :  Yes
  Enable Pessimism Removal                   :  Yes
  Pessimism Removal Resolution               :  Nearest Common Node
  Enable Input Delay Default Clock           :  No
  Enable Preset / Clear Arcs                 :  No
  Disable Flight Delays                      :  No
  Ignore I/O Paths                           :  No
  Timing Early Launch at Borrowing Latches   :  No
  Borrow Time for Max Delay Exceptions       :  Yes
  Merge Timing Exceptions                    :  Yes

  Corner  Analyze    Analyze    
  Name    Max Paths  Min Paths  
  ------  ---------  ---------  
  Slow    Yes        Yes        
  Fast    Yes        Yes        


------------------------------------------------------------------------------------------------
| Report Methodology
| ------------------
------------------------------------------------------------------------------------------------

No report available as report_methodology has not been run prior. Run report_methodology on the current design for the summary of methodology violations.



check_timing report

Table of Contents
-----------------
1. checking no_clock (1)
2. checking constant_clock (0)
3. checking pulse_width_clock (0)
4. checking unconstrained_internal_endpoints (2)
5. checking no_input_delay (2)
6. checking no_output_delay (24)
7. checking multiple_clock (0)
8. checking generated_clocks (0)
9. checking loops (0)
10. checking partial_input_delay (0)
11. checking partial_output_delay (0)
12. checking latch_loops (0)

1. checking no_clock (1)
------------------------
 There is 1 register/latch pin with no clock driven by root clock pin: start_stop (HIGH)


2. checking constant_clock (0)
------------------------------
 There are 0 register/latch pins with constant_clock.


3. checking pulse_width_clock (0)
---------------------------------
 There are 0 register/latch pins which need pulse_width check


4. checking unconstrained_internal_endpoints (2)
------------------------------------------------
 There are 2 pins that are not constrained for maximum delay. (HIGH)

 There are 0 pins that are not constrained for maximum delay due to constant clock.


5. checking no_input_delay (2)
------------------------------
 There are 2 input ports with no input delay specified. (HIGH)

 There are 0 input ports with no input delay but user has a false path constraint.


6. checking no_output_delay (24)
--------------------------------
 There are 24 ports with no output delay specified. (HIGH)

 There are 0 ports with no output delay but user has a false path constraint

 There are 0 ports with no output delay but with a timing clock defined on it or propagating through it


7. checking multiple_clock (0)
------------------------------
 There are 0 register/latch pins with multiple clocks.


8. checking generated_clocks (0)
--------------------------------
 There are 0 generated clocks that are not connected to a clock source.


9. checking loops (0)
---------------------
 There are 0 combinational loops in the design.


10. checking partial_input_delay (0)
------------------------------------
 There are 0 input ports with partial input delay specified.


11. checking partial_output_delay (0)
-------------------------------------
 There are 0 ports with partial output delay specified.


12. checking latch_loops (0)
----------------------------
 There are 0 combinational latch loops in the design through latch input



------------------------------------------------------------------------------------------------
| Design Timing Summary
| ---------------------
------------------------------------------------------------------------------------------------

    WNS(ns)      TNS(ns)  TNS Failing Endpoints  TNS Total Endpoints      WHS(ns)      THS(ns)  THS Failing Endpoints  THS Total Endpoints     WPWS(ns)     TPWS(ns)  TPWS Failing Endpoints  TPWS Total Endpoints  
    -------      -------  ---------------------  -------------------      -------      -------  ---------------------  -------------------     --------     --------  ----------------------  --------------------  
     96.966        0.000                      0                   86        0.058        0.000                      0                   86       49.650        0.000                       0                    33  


All user specified timing constraints are met.


------------------------------------------------------------------------------------------------
| Clock Summary
| -------------
------------------------------------------------------------------------------------------------

Clock  Waveform(ns)         Period(ns)      Frequency(MHz)
-----  ------------         ----------      --------------
clk    {0.000 50.000}       100.000         10.000          


------------------------------------------------------------------------------------------------
| Intra Clock Table
| -----------------
------------------------------------------------------------------------------------------------

Clock             WNS(ns)      TNS(ns)  TNS Failing Endpoints  TNS Total Endpoints      WHS(ns)      THS(ns)  THS Failing Endpoints  THS Total Endpoints     WPWS(ns)     TPWS(ns)  TPWS Failing Endpoints  TPWS Total Endpoints  
-----             -------      -------  ---------------------  -------------------      -------      -------  ---------------------  -------------------     --------     --------  ----------------------  --------------------  
clk                96.966        0.000                      0                   86        0.058        0.000                      0                   86       49.650        0.000                       0                    33  


------------------------------------------------------------------------------------------------
| Inter Clock Table
| -----------------
------------------------------------------------------------------------------------------------

From Clock    To Clock          WNS(ns)      TNS(ns)  TNS Failing Endpoints  TNS Total Endpoints      WHS(ns)      THS(ns)  THS Failing Endpoints  THS Total Endpoints  
----------    --------          -------      -------  ---------------------  -------------------      -------      -------  ---------------------  -------------------  


------------------------------------------------------------------------------------------------
| Other Path Groups Table
| -----------------------
------------------------------------------------------------------------------------------------

Path Group    From Clock    To Clock          WNS(ns)      TNS(ns)  TNS Failing Endpoints  TNS Total Endpoints      WHS(ns)      THS(ns)  THS Failing Endpoints  THS Total Endpoints  
----------    ----------    --------          -------      -------  ---------------------  -------------------      -------      -------  ---------------------  -------------------  


------------------------------------------------------------------------------------------------
| Timing Details
| --------------
------------------------------------------------------------------------------------------------


---------------------------------------------------------------------------------------------------
From Clock:  clk
  To Clock:  clk

Setup :            0  Failing Endpoints,  Worst Slack       96.966ns,  Total Violation        0.000ns
Hold  :            0  Failing Endpoints,  Worst Slack        0.058ns,  Total Violation        0.000ns
PW    :            0  Failing Endpoints,  Worst Slack       49.650ns,  Total Violation        0.000ns
---------------------------------------------------------------------------------------------------


Max Delay Paths
--------------------------------------------------------------------------------------
Slack (MET) :             96.966ns  (required time - arrival time)
  Source:                 sec_h_reg[1]/C
                            (rising edge-triggered cell FDRE clocked by clk  {rise@0.000ns fall@50.000ns period=100.000ns})
  Destination:            min_l_reg[0]/R
                            (rising edge-triggered cell FDRE clocked by clk  {rise@0.000ns fall@50.000ns period=100.000ns})
  Path Group:             clk
  Path Type:              Setup (Max at Slow Process Corner)
  Requirement:            100.000ns  (clk rise@100.000ns - clk rise@0.000ns)
  Data Path Delay:        2.548ns  (logic 0.432ns (16.954%)  route 2.116ns (83.046%))
  Logic Levels:           3  (LUT3=1 LUT4=1 LUT6=1)
  Clock Path Skew:        -0.145ns (DCD - SCD + CPR)
    Destination Clock Delay (DCD):    1.687ns = ( 101.687 - 100.000 ) 
    Source Clock Delay      (SCD):    1.941ns
    Clock Pessimism Removal (CPR):    0.109ns
  Clock Uncertainty:      0.035ns  ((TSJ^2 + TIJ^2)^1/2 + DJ) / 2 + PE
    Total System Jitter     (TSJ):    0.071ns
    Total Input Jitter      (TIJ):    0.000ns
    Discrete Jitter          (DJ):    0.000ns
    Phase Error              (PE):    0.000ns

    Location             Delay type                Incr(ns)  Path(ns)    Netlist Resource(s)
  -------------------------------------------------------------------    -------------------
                         (clock clk rise edge)        0.000     0.000 r  
                                                      0.000     0.000 r  clk (IN)
                         net (fo=0)                   0.000     0.000    clk
                         IBUF (Prop_ibuf_I_O)         0.798     0.798 r  clk_IBUF_inst/O
                         net (fo=1, unplaced)         0.466     1.264    clk_IBUF
                         BUFG (Prop_bufg_I_O)         0.093     1.357 r  clk_IBUF_BUFG_inst/O
                         net (fo=32, unplaced)        0.584     1.941    clk_IBUF_BUFG
                         FDRE                                         r  sec_h_reg[1]/C
  -------------------------------------------------------------------    -------------------
                         FDRE (Prop_fdre_C_Q)         0.223     2.164 f  sec_h_reg[1]/Q
                         net (fo=6, unplaced)         0.448     2.612    sec_h_OBUF[1]
                         LUT4 (Prop_lut4_I1_O)        0.123     2.735 r  min_h[3]_i_5/O
                         net (fo=2, unplaced)         0.753     3.488    sec_h_rst0
                         LUT6 (Prop_lut6_I1_O)        0.043     3.531 r  min_h[3]_i_2/O
                         net (fo=5, unplaced)         0.298     3.829    min_h[3]_i_2_n_0
                         LUT3 (Prop_lut3_I0_O)        0.043     3.872 r  min_l[3]_i_1/O
                         net (fo=4, unplaced)         0.617     4.489    min_l[3]_i_1_n_0
                         FDRE                                         r  min_l_reg[0]/R
  -------------------------------------------------------------------    -------------------

                         (clock clk rise edge)      100.000   100.000 r  
                                                      0.000   100.000 r  clk (IN)
                         net (fo=0)                   0.000   100.000    clk
                         IBUF (Prop_ibuf_I_O)         0.723   100.723 r  clk_IBUF_inst/O
                         net (fo=1, unplaced)         0.442   101.165    clk_IBUF
                         BUFG (Prop_bufg_I_O)         0.083   101.248 r  clk_IBUF_BUFG_inst/O
                         net (fo=32, unplaced)        0.439   101.687    clk_IBUF_BUFG
                         FDRE                                         r  min_l_reg[0]/C
                         clock pessimism              0.109   101.796    
                         clock uncertainty           -0.035   101.760    
                         FDRE (Setup_fdre_C_R)       -0.306   101.454    min_l_reg[0]
  -------------------------------------------------------------------
                         required time                        101.454    
                         arrival time                          -4.489    
  -------------------------------------------------------------------
                         slack                                 96.966    





Min Delay Paths
--------------------------------------------------------------------------------------
Slack (MET) :             0.058ns  (arrival time - required time)
  Source:                 hr_h_reg[3]/C
                            (rising edge-triggered cell FDRE clocked by clk  {rise@0.000ns fall@50.000ns period=100.000ns})
  Destination:            hr_h_reg[3]/D
                            (rising edge-triggered cell FDRE clocked by clk  {rise@0.000ns fall@50.000ns period=100.000ns})
  Path Group:             clk
  Path Type:              Hold (Min at Fast Process Corner)
  Requirement:            0.000ns  (clk rise@0.000ns - clk rise@0.000ns)
  Data Path Delay:        0.268ns  (logic 0.164ns (61.275%)  route 0.104ns (38.725%))
  Logic Levels:           1  (LUT4=1)
  Clock Path Skew:        0.145ns (DCD - SCD - CPR)
    Destination Clock Delay (DCD):    0.920ns
    Source Clock Delay      (SCD):    0.511ns
    Clock Pessimism Removal (CPR):    0.265ns

    Location             Delay type                Incr(ns)  Path(ns)    Netlist Resource(s)
  -------------------------------------------------------------------    -------------------
                         (clock clk rise edge)        0.000     0.000 r  
                                                      0.000     0.000 r  clk (IN)
                         net (fo=0)                   0.000     0.000    clk
                         IBUF (Prop_ibuf_I_O)         0.140     0.140 r  clk_IBUF_inst/O
                         net (fo=1, unplaced)         0.231     0.371    clk_IBUF
                         BUFG (Prop_bufg_I_O)         0.026     0.397 r  clk_IBUF_BUFG_inst/O
                         net (fo=32, unplaced)        0.114     0.511    clk_IBUF_BUFG
                         FDRE                                         r  hr_h_reg[3]/C
  -------------------------------------------------------------------    -------------------
                         FDRE (Prop_fdre_C_Q)         0.100     0.611 r  hr_h_reg[3]/Q
                         net (fo=3, unplaced)         0.104     0.714    hr_h_OBUF[3]
                         LUT4 (Prop_lut4_I3_O)        0.064     0.778 r  hr_h[3]_i_3/O
                         net (fo=1, unplaced)         0.000     0.778    p_0_in__5[3]
                         FDRE                                         r  hr_h_reg[3]/D
  -------------------------------------------------------------------    -------------------

                         (clock clk rise edge)        0.000     0.000 r  
                                                      0.000     0.000 r  clk (IN)
                         net (fo=0)                   0.000     0.000    clk
                         IBUF (Prop_ibuf_I_O)         0.388     0.388 r  clk_IBUF_inst/O
                         net (fo=1, unplaced)         0.243     0.631    clk_IBUF
                         BUFG (Prop_bufg_I_O)         0.030     0.661 r  clk_IBUF_BUFG_inst/O
                         net (fo=32, unplaced)        0.259     0.920    clk_IBUF_BUFG
                         FDRE                                         r  hr_h_reg[3]/C
                         clock pessimism             -0.265     0.656    
                         FDRE (Hold_fdre_C_D)         0.065     0.721    hr_h_reg[3]
  -------------------------------------------------------------------
                         required time                         -0.721    
                         arrival time                           0.778    
  -------------------------------------------------------------------
                         slack                                  0.058    





Pulse Width Checks
--------------------------------------------------------------------------------------
Clock Name:         clk
Waveform(ns):       { 0.000 50.000 }
Period(ns):         100.000
Sources:            { clk }

Check Type        Corner  Lib Pin  Reference Pin  Required(ns)  Actual(ns)  Slack(ns)  Location  Pin
Min Period        n/a     BUFG/I   n/a            1.408         100.000     98.591               clk_IBUF_BUFG_inst/I
Low Pulse Width   Slow    FDPE/C   n/a            0.350         50.000      49.650               clean_trig_reg/C
High Pulse Width  Slow    FDPE/C   n/a            0.350         50.000      49.650               clean_trig_reg/C



