Copyright 1986-2022 Xilinx, Inc. All Rights Reserved.
------------------------------------------------------------------------------------------------------------------------------------------------------------------------------------------------------------------------------------------------------------------------------------------------------
| Tool Version : Vivado v.2022.2 (lin64) Build 3671981 Fri Oct 14 04:59:54 MDT 2022
| Date         : Thu Jan  4 15:09:28 2024
| Host         : zza-virtual-machine running 64-bit Ubuntu 22.04.1 LTS
| Command      : report_timing -from [get_pins -hierarchical -regexp .*] -to [get_pins -hierarchical -regexp .*] -delay_type max -max_paths 10 -sort_by group -input_pins -routable_nets -name timing_1 -file /home/zza/Documents/ucas-digital_ic_design-course/sort_32_u8/sync/rpt/timing_report.rpt
| Design       : sort_32_u8
| Device       : 7k325t-ffg900
| Speed File   : -2  PRODUCTION 1.12 2017-02-17
------------------------------------------------------------------------------------------------------------------------------------------------------------------------------------------------------------------------------------------------------------------------------------------------------

Timing Report

Slack (MET) :             97.150ns  (required time - arrival time)
  Source:                 din_reg_reg[1]/C
                            (rising edge-triggered cell FDRE clocked by clk  {rise@0.000ns fall@50.000ns period=100.000ns})
  Destination:            wen_reg[24]/D
                            (rising edge-triggered cell FDRE clocked by clk  {rise@0.000ns fall@50.000ns period=100.000ns})
  Path Group:             clk
  Path Type:              Setup (Max at Slow Process Corner)
  Requirement:            100.000ns  (clk rise@100.000ns - clk rise@0.000ns)
  Data Path Delay:        2.706ns  (logic 0.726ns (26.829%)  route 1.980ns (73.171%))
  Logic Levels:           4  (CARRY4=1 LUT4=1 LUT5=1 LUT6=1)
  Clock Path Skew:        -0.145ns (DCD - SCD + CPR)
    Destination Clock Delay (DCD):    1.687ns = ( 101.687 - 100.000 ) 
    Source Clock Delay      (SCD):    1.941ns
    Clock Pessimism Removal (CPR):    0.109ns
  Clock Uncertainty:      0.035ns  ((TSJ^2 + TIJ^2)^1/2 + DJ) / 2 + PE
    Total System Jitter     (TSJ):    0.071ns
    Total Input Jitter      (TIJ):    0.000ns
    Discrete Jitter          (DJ):    0.000ns
    Phase Error              (PE):    0.000ns

    Location             Delay type                Incr(ns)  Path(ns)    Netlist Resource(s)
  -------------------------------------------------------------------    -------------------
                         (clock clk rise edge)        0.000     0.000 r  
                                                      0.000     0.000 r  clk (IN)
                         net (fo=0)                   0.000     0.000    clk
                                                                      r  clk_IBUF_inst/I
                         IBUF (Prop_ibuf_I_O)         0.798     0.798 r  clk_IBUF_inst/O
                         net (fo=1, unplaced)         0.466     1.264    clk_IBUF
                                                                      r  clk_IBUF_BUFG_inst/I
                         BUFG (Prop_bufg_I_O)         0.093     1.357 r  clk_IBUF_BUFG_inst/O
                         net (fo=866, unplaced)       0.584     1.941    clk_IBUF_BUFG
                         FDRE                                         r  din_reg_reg[1]/C
  -------------------------------------------------------------------    -------------------
                         FDRE (Prop_fdre_C_Q)         0.223     2.164 f  din_reg_reg[1]/Q
                         net (fo=37, unplaced)        0.491     2.655    din_reg_reg_n_0_[1]
                                                                      f  d_tmp[255]_i_9/I1
                         LUT4 (Prop_lut4_I1_O)        0.131     2.786 r  d_tmp[255]_i_9/O
                         net (fo=1, unplaced)         0.000     2.786    d_tmp[255]_i_9_n_0
                                                                      r  d_tmp_reg[255]_i_4/DI[0]
                         CARRY4 (Prop_carry4_DI[0]_CO[3])
                                                      0.280     3.066 r  d_tmp_reg[255]_i_4/CO[3]
                         net (fo=216, unplaced)       0.747     3.813    d_tmp_reg[255]_i_4_n_0
                                                                      r  wen[24]_i_2/I3
                         LUT5 (Prop_lut5_I3_O)        0.049     3.862 r  wen[24]_i_2/O
                         net (fo=1, unplaced)         0.742     4.604    wen[24]_i_2_n_0
                                                                      r  wen[24]_i_1/I0
                         LUT6 (Prop_lut6_I0_O)        0.043     4.647 r  wen[24]_i_1/O
                         net (fo=1, unplaced)         0.000     4.647    wen[24]_i_1_n_0
                         FDRE                                         r  wen_reg[24]/D
  -------------------------------------------------------------------    -------------------

                         (clock clk rise edge)      100.000   100.000 r  
                                                      0.000   100.000 r  clk (IN)
                         net (fo=0)                   0.000   100.000    clk
                                                                      r  clk_IBUF_inst/I
                         IBUF (Prop_ibuf_I_O)         0.723   100.723 r  clk_IBUF_inst/O
                         net (fo=1, unplaced)         0.442   101.165    clk_IBUF
                                                                      r  clk_IBUF_BUFG_inst/I
                         BUFG (Prop_bufg_I_O)         0.083   101.248 r  clk_IBUF_BUFG_inst/O
                         net (fo=866, unplaced)       0.439   101.687    clk_IBUF_BUFG
                         FDRE                                         r  wen_reg[24]/C
                         clock pessimism              0.109   101.796    
                         clock uncertainty           -0.035   101.760    
                         FDRE (Setup_fdre_C_D)        0.036   101.796    wen_reg[24]
  -------------------------------------------------------------------
                         required time                        101.796    
                         arrival time                          -4.647    
  -------------------------------------------------------------------
                         slack                                 97.150    

Slack (MET) :             97.156ns  (required time - arrival time)
  Source:                 din_reg_reg[1]/C
                            (rising edge-triggered cell FDRE clocked by clk  {rise@0.000ns fall@50.000ns period=100.000ns})
  Destination:            wen_reg[10]/D
                            (rising edge-triggered cell FDRE clocked by clk  {rise@0.000ns fall@50.000ns period=100.000ns})
  Path Group:             clk
  Path Type:              Setup (Max at Slow Process Corner)
  Requirement:            100.000ns  (clk rise@100.000ns - clk rise@0.000ns)
  Data Path Delay:        2.700ns  (logic 0.720ns (26.667%)  route 1.980ns (73.333%))
  Logic Levels:           4  (CARRY4=1 LUT4=1 LUT6=2)
  Clock Path Skew:        -0.145ns (DCD - SCD + CPR)
    Destination Clock Delay (DCD):    1.687ns = ( 101.687 - 100.000 ) 
    Source Clock Delay      (SCD):    1.941ns
    Clock Pessimism Removal (CPR):    0.109ns
  Clock Uncertainty:      0.035ns  ((TSJ^2 + TIJ^2)^1/2 + DJ) / 2 + PE
    Total System Jitter     (TSJ):    0.071ns
    Total Input Jitter      (TIJ):    0.000ns
    Discrete Jitter          (DJ):    0.000ns
    Phase Error              (PE):    0.000ns

    Location             Delay type                Incr(ns)  Path(ns)    Netlist Resource(s)
  -------------------------------------------------------------------    -------------------
                         (clock clk rise edge)        0.000     0.000 r  
                                                      0.000     0.000 r  clk (IN)
                         net (fo=0)                   0.000     0.000    clk
                                                                      r  clk_IBUF_inst/I
                         IBUF (Prop_ibuf_I_O)         0.798     0.798 r  clk_IBUF_inst/O
                         net (fo=1, unplaced)         0.466     1.264    clk_IBUF
                                                                      r  clk_IBUF_BUFG_inst/I
                         BUFG (Prop_bufg_I_O)         0.093     1.357 r  clk_IBUF_BUFG_inst/O
                         net (fo=866, unplaced)       0.584     1.941    clk_IBUF_BUFG
                         FDRE                                         r  din_reg_reg[1]/C
  -------------------------------------------------------------------    -------------------
                         FDRE (Prop_fdre_C_Q)         0.223     2.164 f  din_reg_reg[1]/Q
                         net (fo=37, unplaced)        0.491     2.655    din_reg_reg_n_0_[1]
                                                                      f  d_tmp[255]_i_9/I1
                         LUT4 (Prop_lut4_I1_O)        0.131     2.786 r  d_tmp[255]_i_9/O
                         net (fo=1, unplaced)         0.000     2.786    d_tmp[255]_i_9_n_0
                                                                      r  d_tmp_reg[255]_i_4/DI[0]
                         CARRY4 (Prop_carry4_DI[0]_CO[3])
                                                      0.280     3.066 r  d_tmp_reg[255]_i_4/CO[3]
                         net (fo=216, unplaced)       0.747     3.813    d_tmp_reg[255]_i_4_n_0
                                                                      r  wen[10]_i_2/I5
                         LUT6 (Prop_lut6_I5_O)        0.043     3.856 r  wen[10]_i_2/O
                         net (fo=1, unplaced)         0.742     4.598    wen[10]_i_2_n_0
                                                                      r  wen[10]_i_1/I0
                         LUT6 (Prop_lut6_I0_O)        0.043     4.641 r  wen[10]_i_1/O
                         net (fo=1, unplaced)         0.000     4.641    wen[10]_i_1_n_0
                         FDRE                                         r  wen_reg[10]/D
  -------------------------------------------------------------------    -------------------

                         (clock clk rise edge)      100.000   100.000 r  
                                                      0.000   100.000 r  clk (IN)
                         net (fo=0)                   0.000   100.000    clk
                                                                      r  clk_IBUF_inst/I
                         IBUF (Prop_ibuf_I_O)         0.723   100.723 r  clk_IBUF_inst/O
                         net (fo=1, unplaced)         0.442   101.165    clk_IBUF
                                                                      r  clk_IBUF_BUFG_inst/I
                         BUFG (Prop_bufg_I_O)         0.083   101.248 r  clk_IBUF_BUFG_inst/O
                         net (fo=866, unplaced)       0.439   101.687    clk_IBUF_BUFG
                         FDRE                                         r  wen_reg[10]/C
                         clock pessimism              0.109   101.796    
                         clock uncertainty           -0.035   101.760    
                         FDRE (Setup_fdre_C_D)        0.036   101.796    wen_reg[10]
  -------------------------------------------------------------------
                         required time                        101.796    
                         arrival time                          -4.641    
  -------------------------------------------------------------------
                         slack                                 97.156    

Slack (MET) :             97.156ns  (required time - arrival time)
  Source:                 din_reg_reg[1]/C
                            (rising edge-triggered cell FDRE clocked by clk  {rise@0.000ns fall@50.000ns period=100.000ns})
  Destination:            wen_reg[11]/D
                            (rising edge-triggered cell FDRE clocked by clk  {rise@0.000ns fall@50.000ns period=100.000ns})
  Path Group:             clk
  Path Type:              Setup (Max at Slow Process Corner)
  Requirement:            100.000ns  (clk rise@100.000ns - clk rise@0.000ns)
  Data Path Delay:        2.700ns  (logic 0.720ns (26.667%)  route 1.980ns (73.333%))
  Logic Levels:           4  (CARRY4=1 LUT4=1 LUT6=2)
  Clock Path Skew:        -0.145ns (DCD - SCD + CPR)
    Destination Clock Delay (DCD):    1.687ns = ( 101.687 - 100.000 ) 
    Source Clock Delay      (SCD):    1.941ns
    Clock Pessimism Removal (CPR):    0.109ns
  Clock Uncertainty:      0.035ns  ((TSJ^2 + TIJ^2)^1/2 + DJ) / 2 + PE
    Total System Jitter     (TSJ):    0.071ns
    Total Input Jitter      (TIJ):    0.000ns
    Discrete Jitter          (DJ):    0.000ns
    Phase Error              (PE):    0.000ns

    Location             Delay type                Incr(ns)  Path(ns)    Netlist Resource(s)
  -------------------------------------------------------------------    -------------------
                         (clock clk rise edge)        0.000     0.000 r  
                                                      0.000     0.000 r  clk (IN)
                         net (fo=0)                   0.000     0.000    clk
                                                                      r  clk_IBUF_inst/I
                         IBUF (Prop_ibuf_I_O)         0.798     0.798 r  clk_IBUF_inst/O
                         net (fo=1, unplaced)         0.466     1.264    clk_IBUF
                                                                      r  clk_IBUF_BUFG_inst/I
                         BUFG (Prop_bufg_I_O)         0.093     1.357 r  clk_IBUF_BUFG_inst/O
                         net (fo=866, unplaced)       0.584     1.941    clk_IBUF_BUFG
                         FDRE                                         r  din_reg_reg[1]/C
  -------------------------------------------------------------------    -------------------
                         FDRE (Prop_fdre_C_Q)         0.223     2.164 f  din_reg_reg[1]/Q
                         net (fo=37, unplaced)        0.491     2.655    din_reg_reg_n_0_[1]
                                                                      f  d_tmp[255]_i_9/I1
                         LUT4 (Prop_lut4_I1_O)        0.131     2.786 r  d_tmp[255]_i_9/O
                         net (fo=1, unplaced)         0.000     2.786    d_tmp[255]_i_9_n_0
                                                                      r  d_tmp_reg[255]_i_4/DI[0]
                         CARRY4 (Prop_carry4_DI[0]_CO[3])
                                                      0.280     3.066 r  d_tmp_reg[255]_i_4/CO[3]
                         net (fo=216, unplaced)       0.747     3.813    d_tmp_reg[255]_i_4_n_0
                                                                      r  wen[11]_i_2/I5
                         LUT6 (Prop_lut6_I5_O)        0.043     3.856 r  wen[11]_i_2/O
                         net (fo=1, unplaced)         0.742     4.598    wen[11]_i_2_n_0
                                                                      r  wen[11]_i_1/I0
                         LUT6 (Prop_lut6_I0_O)        0.043     4.641 r  wen[11]_i_1/O
                         net (fo=1, unplaced)         0.000     4.641    wen[11]_i_1_n_0
                         FDRE                                         r  wen_reg[11]/D
  -------------------------------------------------------------------    -------------------

                         (clock clk rise edge)      100.000   100.000 r  
                                                      0.000   100.000 r  clk (IN)
                         net (fo=0)                   0.000   100.000    clk
                                                                      r  clk_IBUF_inst/I
                         IBUF (Prop_ibuf_I_O)         0.723   100.723 r  clk_IBUF_inst/O
                         net (fo=1, unplaced)         0.442   101.165    clk_IBUF
                                                                      r  clk_IBUF_BUFG_inst/I
                         BUFG (Prop_bufg_I_O)         0.083   101.248 r  clk_IBUF_BUFG_inst/O
                         net (fo=866, unplaced)       0.439   101.687    clk_IBUF_BUFG
                         FDRE                                         r  wen_reg[11]/C
                         clock pessimism              0.109   101.796    
                         clock uncertainty           -0.035   101.760    
                         FDRE (Setup_fdre_C_D)        0.036   101.796    wen_reg[11]
  -------------------------------------------------------------------
                         required time                        101.796    
                         arrival time                          -4.641    
  -------------------------------------------------------------------
                         slack                                 97.156    

Slack (MET) :             97.156ns  (required time - arrival time)
  Source:                 din_reg_reg[1]/C
                            (rising edge-triggered cell FDRE clocked by clk  {rise@0.000ns fall@50.000ns period=100.000ns})
  Destination:            wen_reg[12]/D
                            (rising edge-triggered cell FDRE clocked by clk  {rise@0.000ns fall@50.000ns period=100.000ns})
  Path Group:             clk
  Path Type:              Setup (Max at Slow Process Corner)
  Requirement:            100.000ns  (clk rise@100.000ns - clk rise@0.000ns)
  Data Path Delay:        2.700ns  (logic 0.720ns (26.667%)  route 1.980ns (73.333%))
  Logic Levels:           4  (CARRY4=1 LUT4=1 LUT6=2)
  Clock Path Skew:        -0.145ns (DCD - SCD + CPR)
    Destination Clock Delay (DCD):    1.687ns = ( 101.687 - 100.000 ) 
    Source Clock Delay      (SCD):    1.941ns
    Clock Pessimism Removal (CPR):    0.109ns
  Clock Uncertainty:      0.035ns  ((TSJ^2 + TIJ^2)^1/2 + DJ) / 2 + PE
    Total System Jitter     (TSJ):    0.071ns
    Total Input Jitter      (TIJ):    0.000ns
    Discrete Jitter          (DJ):    0.000ns
    Phase Error              (PE):    0.000ns

    Location             Delay type                Incr(ns)  Path(ns)    Netlist Resource(s)
  -------------------------------------------------------------------    -------------------
                         (clock clk rise edge)        0.000     0.000 r  
                                                      0.000     0.000 r  clk (IN)
                         net (fo=0)                   0.000     0.000    clk
                                                                      r  clk_IBUF_inst/I
                         IBUF (Prop_ibuf_I_O)         0.798     0.798 r  clk_IBUF_inst/O
                         net (fo=1, unplaced)         0.466     1.264    clk_IBUF
                                                                      r  clk_IBUF_BUFG_inst/I
                         BUFG (Prop_bufg_I_O)         0.093     1.357 r  clk_IBUF_BUFG_inst/O
                         net (fo=866, unplaced)       0.584     1.941    clk_IBUF_BUFG
                         FDRE                                         r  din_reg_reg[1]/C
  -------------------------------------------------------------------    -------------------
                         FDRE (Prop_fdre_C_Q)         0.223     2.164 f  din_reg_reg[1]/Q
                         net (fo=37, unplaced)        0.491     2.655    din_reg_reg_n_0_[1]
                                                                      f  d_tmp[255]_i_9/I1
                         LUT4 (Prop_lut4_I1_O)        0.131     2.786 r  d_tmp[255]_i_9/O
                         net (fo=1, unplaced)         0.000     2.786    d_tmp[255]_i_9_n_0
                                                                      r  d_tmp_reg[255]_i_4/DI[0]
                         CARRY4 (Prop_carry4_DI[0]_CO[3])
                                                      0.280     3.066 r  d_tmp_reg[255]_i_4/CO[3]
                         net (fo=216, unplaced)       0.747     3.813    d_tmp_reg[255]_i_4_n_0
                                                                      r  wen[12]_i_2/I5
                         LUT6 (Prop_lut6_I5_O)        0.043     3.856 r  wen[12]_i_2/O
                         net (fo=1, unplaced)         0.742     4.598    wen[12]_i_2_n_0
                                                                      r  wen[12]_i_1/I0
                         LUT6 (Prop_lut6_I0_O)        0.043     4.641 r  wen[12]_i_1/O
                         net (fo=1, unplaced)         0.000     4.641    wen[12]_i_1_n_0
                         FDRE                                         r  wen_reg[12]/D
  -------------------------------------------------------------------    -------------------

                         (clock clk rise edge)      100.000   100.000 r  
                                                      0.000   100.000 r  clk (IN)
                         net (fo=0)                   0.000   100.000    clk
                                                                      r  clk_IBUF_inst/I
                         IBUF (Prop_ibuf_I_O)         0.723   100.723 r  clk_IBUF_inst/O
                         net (fo=1, unplaced)         0.442   101.165    clk_IBUF
                                                                      r  clk_IBUF_BUFG_inst/I
                         BUFG (Prop_bufg_I_O)         0.083   101.248 r  clk_IBUF_BUFG_inst/O
                         net (fo=866, unplaced)       0.439   101.687    clk_IBUF_BUFG
                         FDRE                                         r  wen_reg[12]/C
                         clock pessimism              0.109   101.796    
                         clock uncertainty           -0.035   101.760    
                         FDRE (Setup_fdre_C_D)        0.036   101.796    wen_reg[12]
  -------------------------------------------------------------------
                         required time                        101.796    
                         arrival time                          -4.641    
  -------------------------------------------------------------------
                         slack                                 97.156    

Slack (MET) :             97.156ns  (required time - arrival time)
  Source:                 din_reg_reg[1]/C
                            (rising edge-triggered cell FDRE clocked by clk  {rise@0.000ns fall@50.000ns period=100.000ns})
  Destination:            wen_reg[13]/D
                            (rising edge-triggered cell FDRE clocked by clk  {rise@0.000ns fall@50.000ns period=100.000ns})
  Path Group:             clk
  Path Type:              Setup (Max at Slow Process Corner)
  Requirement:            100.000ns  (clk rise@100.000ns - clk rise@0.000ns)
  Data Path Delay:        2.700ns  (logic 0.720ns (26.667%)  route 1.980ns (73.333%))
  Logic Levels:           4  (CARRY4=1 LUT4=1 LUT6=2)
  Clock Path Skew:        -0.145ns (DCD - SCD + CPR)
    Destination Clock Delay (DCD):    1.687ns = ( 101.687 - 100.000 ) 
    Source Clock Delay      (SCD):    1.941ns
    Clock Pessimism Removal (CPR):    0.109ns
  Clock Uncertainty:      0.035ns  ((TSJ^2 + TIJ^2)^1/2 + DJ) / 2 + PE
    Total System Jitter     (TSJ):    0.071ns
    Total Input Jitter      (TIJ):    0.000ns
    Discrete Jitter          (DJ):    0.000ns
    Phase Error              (PE):    0.000ns

    Location             Delay type                Incr(ns)  Path(ns)    Netlist Resource(s)
  -------------------------------------------------------------------    -------------------
                         (clock clk rise edge)        0.000     0.000 r  
                                                      0.000     0.000 r  clk (IN)
                         net (fo=0)                   0.000     0.000    clk
                                                                      r  clk_IBUF_inst/I
                         IBUF (Prop_ibuf_I_O)         0.798     0.798 r  clk_IBUF_inst/O
                         net (fo=1, unplaced)         0.466     1.264    clk_IBUF
                                                                      r  clk_IBUF_BUFG_inst/I
                         BUFG (Prop_bufg_I_O)         0.093     1.357 r  clk_IBUF_BUFG_inst/O
                         net (fo=866, unplaced)       0.584     1.941    clk_IBUF_BUFG
                         FDRE                                         r  din_reg_reg[1]/C
  -------------------------------------------------------------------    -------------------
                         FDRE (Prop_fdre_C_Q)         0.223     2.164 f  din_reg_reg[1]/Q
                         net (fo=37, unplaced)        0.491     2.655    din_reg_reg_n_0_[1]
                                                                      f  d_tmp[255]_i_9/I1
                         LUT4 (Prop_lut4_I1_O)        0.131     2.786 r  d_tmp[255]_i_9/O
                         net (fo=1, unplaced)         0.000     2.786    d_tmp[255]_i_9_n_0
                                                                      r  d_tmp_reg[255]_i_4/DI[0]
                         CARRY4 (Prop_carry4_DI[0]_CO[3])
                                                      0.280     3.066 r  d_tmp_reg[255]_i_4/CO[3]
                         net (fo=216, unplaced)       0.747     3.813    d_tmp_reg[255]_i_4_n_0
                                                                      r  wen[13]_i_2/I5
                         LUT6 (Prop_lut6_I5_O)        0.043     3.856 r  wen[13]_i_2/O
                         net (fo=1, unplaced)         0.742     4.598    wen[13]_i_2_n_0
                                                                      r  wen[13]_i_1/I0
                         LUT6 (Prop_lut6_I0_O)        0.043     4.641 r  wen[13]_i_1/O
                         net (fo=1, unplaced)         0.000     4.641    wen[13]_i_1_n_0
                         FDRE                                         r  wen_reg[13]/D
  -------------------------------------------------------------------    -------------------

                         (clock clk rise edge)      100.000   100.000 r  
                                                      0.000   100.000 r  clk (IN)
                         net (fo=0)                   0.000   100.000    clk
                                                                      r  clk_IBUF_inst/I
                         IBUF (Prop_ibuf_I_O)         0.723   100.723 r  clk_IBUF_inst/O
                         net (fo=1, unplaced)         0.442   101.165    clk_IBUF
                                                                      r  clk_IBUF_BUFG_inst/I
                         BUFG (Prop_bufg_I_O)         0.083   101.248 r  clk_IBUF_BUFG_inst/O
                         net (fo=866, unplaced)       0.439   101.687    clk_IBUF_BUFG
                         FDRE                                         r  wen_reg[13]/C
                         clock pessimism              0.109   101.796    
                         clock uncertainty           -0.035   101.760    
                         FDRE (Setup_fdre_C_D)        0.036   101.796    wen_reg[13]
  -------------------------------------------------------------------
                         required time                        101.796    
                         arrival time                          -4.641    
  -------------------------------------------------------------------
                         slack                                 97.156    

Slack (MET) :             97.156ns  (required time - arrival time)
  Source:                 din_reg_reg[1]/C
                            (rising edge-triggered cell FDRE clocked by clk  {rise@0.000ns fall@50.000ns period=100.000ns})
  Destination:            wen_reg[14]/D
                            (rising edge-triggered cell FDRE clocked by clk  {rise@0.000ns fall@50.000ns period=100.000ns})
  Path Group:             clk
  Path Type:              Setup (Max at Slow Process Corner)
  Requirement:            100.000ns  (clk rise@100.000ns - clk rise@0.000ns)
  Data Path Delay:        2.700ns  (logic 0.720ns (26.667%)  route 1.980ns (73.333%))
  Logic Levels:           4  (CARRY4=1 LUT4=1 LUT6=2)
  Clock Path Skew:        -0.145ns (DCD - SCD + CPR)
    Destination Clock Delay (DCD):    1.687ns = ( 101.687 - 100.000 ) 
    Source Clock Delay      (SCD):    1.941ns
    Clock Pessimism Removal (CPR):    0.109ns
  Clock Uncertainty:      0.035ns  ((TSJ^2 + TIJ^2)^1/2 + DJ) / 2 + PE
    Total System Jitter     (TSJ):    0.071ns
    Total Input Jitter      (TIJ):    0.000ns
    Discrete Jitter          (DJ):    0.000ns
    Phase Error              (PE):    0.000ns

    Location             Delay type                Incr(ns)  Path(ns)    Netlist Resource(s)
  -------------------------------------------------------------------    -------------------
                         (clock clk rise edge)        0.000     0.000 r  
                                                      0.000     0.000 r  clk (IN)
                         net (fo=0)                   0.000     0.000    clk
                                                                      r  clk_IBUF_inst/I
                         IBUF (Prop_ibuf_I_O)         0.798     0.798 r  clk_IBUF_inst/O
                         net (fo=1, unplaced)         0.466     1.264    clk_IBUF
                                                                      r  clk_IBUF_BUFG_inst/I
                         BUFG (Prop_bufg_I_O)         0.093     1.357 r  clk_IBUF_BUFG_inst/O
                         net (fo=866, unplaced)       0.584     1.941    clk_IBUF_BUFG
                         FDRE                                         r  din_reg_reg[1]/C
  -------------------------------------------------------------------    -------------------
                         FDRE (Prop_fdre_C_Q)         0.223     2.164 f  din_reg_reg[1]/Q
                         net (fo=37, unplaced)        0.491     2.655    din_reg_reg_n_0_[1]
                                                                      f  d_tmp[255]_i_9/I1
                         LUT4 (Prop_lut4_I1_O)        0.131     2.786 r  d_tmp[255]_i_9/O
                         net (fo=1, unplaced)         0.000     2.786    d_tmp[255]_i_9_n_0
                                                                      r  d_tmp_reg[255]_i_4/DI[0]
                         CARRY4 (Prop_carry4_DI[0]_CO[3])
                                                      0.280     3.066 r  d_tmp_reg[255]_i_4/CO[3]
                         net (fo=216, unplaced)       0.747     3.813    d_tmp_reg[255]_i_4_n_0
                                                                      r  wen[14]_i_2/I5
                         LUT6 (Prop_lut6_I5_O)        0.043     3.856 r  wen[14]_i_2/O
                         net (fo=1, unplaced)         0.742     4.598    wen[14]_i_2_n_0
                                                                      r  wen[14]_i_1/I0
                         LUT6 (Prop_lut6_I0_O)        0.043     4.641 r  wen[14]_i_1/O
                         net (fo=1, unplaced)         0.000     4.641    wen[14]_i_1_n_0
                         FDRE                                         r  wen_reg[14]/D
  -------------------------------------------------------------------    -------------------

                         (clock clk rise edge)      100.000   100.000 r  
                                                      0.000   100.000 r  clk (IN)
                         net (fo=0)                   0.000   100.000    clk
                                                                      r  clk_IBUF_inst/I
                         IBUF (Prop_ibuf_I_O)         0.723   100.723 r  clk_IBUF_inst/O
                         net (fo=1, unplaced)         0.442   101.165    clk_IBUF
                                                                      r  clk_IBUF_BUFG_inst/I
                         BUFG (Prop_bufg_I_O)         0.083   101.248 r  clk_IBUF_BUFG_inst/O
                         net (fo=866, unplaced)       0.439   101.687    clk_IBUF_BUFG
                         FDRE                                         r  wen_reg[14]/C
                         clock pessimism              0.109   101.796    
                         clock uncertainty           -0.035   101.760    
                         FDRE (Setup_fdre_C_D)        0.036   101.796    wen_reg[14]
  -------------------------------------------------------------------
                         required time                        101.796    
                         arrival time                          -4.641    
  -------------------------------------------------------------------
                         slack                                 97.156    

Slack (MET) :             97.156ns  (required time - arrival time)
  Source:                 din_reg_reg[1]/C
                            (rising edge-triggered cell FDRE clocked by clk  {rise@0.000ns fall@50.000ns period=100.000ns})
  Destination:            wen_reg[15]/D
                            (rising edge-triggered cell FDRE clocked by clk  {rise@0.000ns fall@50.000ns period=100.000ns})
  Path Group:             clk
  Path Type:              Setup (Max at Slow Process Corner)
  Requirement:            100.000ns  (clk rise@100.000ns - clk rise@0.000ns)
  Data Path Delay:        2.700ns  (logic 0.720ns (26.667%)  route 1.980ns (73.333%))
  Logic Levels:           4  (CARRY4=1 LUT4=1 LUT6=2)
  Clock Path Skew:        -0.145ns (DCD - SCD + CPR)
    Destination Clock Delay (DCD):    1.687ns = ( 101.687 - 100.000 ) 
    Source Clock Delay      (SCD):    1.941ns
    Clock Pessimism Removal (CPR):    0.109ns
  Clock Uncertainty:      0.035ns  ((TSJ^2 + TIJ^2)^1/2 + DJ) / 2 + PE
    Total System Jitter     (TSJ):    0.071ns
    Total Input Jitter      (TIJ):    0.000ns
    Discrete Jitter          (DJ):    0.000ns
    Phase Error              (PE):    0.000ns

    Location             Delay type                Incr(ns)  Path(ns)    Netlist Resource(s)
  -------------------------------------------------------------------    -------------------
                         (clock clk rise edge)        0.000     0.000 r  
                                                      0.000     0.000 r  clk (IN)
                         net (fo=0)                   0.000     0.000    clk
                                                                      r  clk_IBUF_inst/I
                         IBUF (Prop_ibuf_I_O)         0.798     0.798 r  clk_IBUF_inst/O
                         net (fo=1, unplaced)         0.466     1.264    clk_IBUF
                                                                      r  clk_IBUF_BUFG_inst/I
                         BUFG (Prop_bufg_I_O)         0.093     1.357 r  clk_IBUF_BUFG_inst/O
                         net (fo=866, unplaced)       0.584     1.941    clk_IBUF_BUFG
                         FDRE                                         r  din_reg_reg[1]/C
  -------------------------------------------------------------------    -------------------
                         FDRE (Prop_fdre_C_Q)         0.223     2.164 f  din_reg_reg[1]/Q
                         net (fo=37, unplaced)        0.491     2.655    din_reg_reg_n_0_[1]
                                                                      f  d_tmp[255]_i_9/I1
                         LUT4 (Prop_lut4_I1_O)        0.131     2.786 r  d_tmp[255]_i_9/O
                         net (fo=1, unplaced)         0.000     2.786    d_tmp[255]_i_9_n_0
                                                                      r  d_tmp_reg[255]_i_4/DI[0]
                         CARRY4 (Prop_carry4_DI[0]_CO[3])
                                                      0.280     3.066 r  d_tmp_reg[255]_i_4/CO[3]
                         net (fo=216, unplaced)       0.747     3.813    d_tmp_reg[255]_i_4_n_0
                                                                      r  wen[15]_i_2/I5
                         LUT6 (Prop_lut6_I5_O)        0.043     3.856 r  wen[15]_i_2/O
                         net (fo=1, unplaced)         0.742     4.598    wen[15]_i_2_n_0
                                                                      r  wen[15]_i_1/I0
                         LUT6 (Prop_lut6_I0_O)        0.043     4.641 r  wen[15]_i_1/O
                         net (fo=1, unplaced)         0.000     4.641    wen[15]_i_1_n_0
                         FDRE                                         r  wen_reg[15]/D
  -------------------------------------------------------------------    -------------------

                         (clock clk rise edge)      100.000   100.000 r  
                                                      0.000   100.000 r  clk (IN)
                         net (fo=0)                   0.000   100.000    clk
                                                                      r  clk_IBUF_inst/I
                         IBUF (Prop_ibuf_I_O)         0.723   100.723 r  clk_IBUF_inst/O
                         net (fo=1, unplaced)         0.442   101.165    clk_IBUF
                                                                      r  clk_IBUF_BUFG_inst/I
                         BUFG (Prop_bufg_I_O)         0.083   101.248 r  clk_IBUF_BUFG_inst/O
                         net (fo=866, unplaced)       0.439   101.687    clk_IBUF_BUFG
                         FDRE                                         r  wen_reg[15]/C
                         clock pessimism              0.109   101.796    
                         clock uncertainty           -0.035   101.760    
                         FDRE (Setup_fdre_C_D)        0.036   101.796    wen_reg[15]
  -------------------------------------------------------------------
                         required time                        101.796    
                         arrival time                          -4.641    
  -------------------------------------------------------------------
                         slack                                 97.156    

Slack (MET) :             97.156ns  (required time - arrival time)
  Source:                 din_reg_reg[1]/C
                            (rising edge-triggered cell FDRE clocked by clk  {rise@0.000ns fall@50.000ns period=100.000ns})
  Destination:            wen_reg[16]/D
                            (rising edge-triggered cell FDRE clocked by clk  {rise@0.000ns fall@50.000ns period=100.000ns})
  Path Group:             clk
  Path Type:              Setup (Max at Slow Process Corner)
  Requirement:            100.000ns  (clk rise@100.000ns - clk rise@0.000ns)
  Data Path Delay:        2.700ns  (logic 0.720ns (26.667%)  route 1.980ns (73.333%))
  Logic Levels:           4  (CARRY4=1 LUT4=2 LUT6=1)
  Clock Path Skew:        -0.145ns (DCD - SCD + CPR)
    Destination Clock Delay (DCD):    1.687ns = ( 101.687 - 100.000 ) 
    Source Clock Delay      (SCD):    1.941ns
    Clock Pessimism Removal (CPR):    0.109ns
  Clock Uncertainty:      0.035ns  ((TSJ^2 + TIJ^2)^1/2 + DJ) / 2 + PE
    Total System Jitter     (TSJ):    0.071ns
    Total Input Jitter      (TIJ):    0.000ns
    Discrete Jitter          (DJ):    0.000ns
    Phase Error              (PE):    0.000ns

    Location             Delay type                Incr(ns)  Path(ns)    Netlist Resource(s)
  -------------------------------------------------------------------    -------------------
                         (clock clk rise edge)        0.000     0.000 r  
                                                      0.000     0.000 r  clk (IN)
                         net (fo=0)                   0.000     0.000    clk
                                                                      r  clk_IBUF_inst/I
                         IBUF (Prop_ibuf_I_O)         0.798     0.798 r  clk_IBUF_inst/O
                         net (fo=1, unplaced)         0.466     1.264    clk_IBUF
                                                                      r  clk_IBUF_BUFG_inst/I
                         BUFG (Prop_bufg_I_O)         0.093     1.357 r  clk_IBUF_BUFG_inst/O
                         net (fo=866, unplaced)       0.584     1.941    clk_IBUF_BUFG
                         FDRE                                         r  din_reg_reg[1]/C
  -------------------------------------------------------------------    -------------------
                         FDRE (Prop_fdre_C_Q)         0.223     2.164 f  din_reg_reg[1]/Q
                         net (fo=37, unplaced)        0.491     2.655    din_reg_reg_n_0_[1]
                                                                      f  d_tmp[255]_i_9/I1
                         LUT4 (Prop_lut4_I1_O)        0.131     2.786 r  d_tmp[255]_i_9/O
                         net (fo=1, unplaced)         0.000     2.786    d_tmp[255]_i_9_n_0
                                                                      r  d_tmp_reg[255]_i_4/DI[0]
                         CARRY4 (Prop_carry4_DI[0]_CO[3])
                                                      0.280     3.066 f  d_tmp_reg[255]_i_4/CO[3]
                         net (fo=216, unplaced)       0.747     3.813    d_tmp_reg[255]_i_4_n_0
                                                                      f  wen[16]_i_2/I2
                         LUT4 (Prop_lut4_I2_O)        0.043     3.856 r  wen[16]_i_2/O
                         net (fo=1, unplaced)         0.742     4.598    wen[16]_i_2_n_0
                                                                      r  wen[16]_i_1/I0
                         LUT6 (Prop_lut6_I0_O)        0.043     4.641 r  wen[16]_i_1/O
                         net (fo=1, unplaced)         0.000     4.641    wen[16]_i_1_n_0
                         FDRE                                         r  wen_reg[16]/D
  -------------------------------------------------------------------    -------------------

                         (clock clk rise edge)      100.000   100.000 r  
                                                      0.000   100.000 r  clk (IN)
                         net (fo=0)                   0.000   100.000    clk
                                                                      r  clk_IBUF_inst/I
                         IBUF (Prop_ibuf_I_O)         0.723   100.723 r  clk_IBUF_inst/O
                         net (fo=1, unplaced)         0.442   101.165    clk_IBUF
                                                                      r  clk_IBUF_BUFG_inst/I
                         BUFG (Prop_bufg_I_O)         0.083   101.248 r  clk_IBUF_BUFG_inst/O
                         net (fo=866, unplaced)       0.439   101.687    clk_IBUF_BUFG
                         FDRE                                         r  wen_reg[16]/C
                         clock pessimism              0.109   101.796    
                         clock uncertainty           -0.035   101.760    
                         FDRE (Setup_fdre_C_D)        0.036   101.796    wen_reg[16]
  -------------------------------------------------------------------
                         required time                        101.796    
                         arrival time                          -4.641    
  -------------------------------------------------------------------
                         slack                                 97.156    

Slack (MET) :             97.156ns  (required time - arrival time)
  Source:                 din_reg_reg[1]/C
                            (rising edge-triggered cell FDRE clocked by clk  {rise@0.000ns fall@50.000ns period=100.000ns})
  Destination:            wen_reg[17]/D
                            (rising edge-triggered cell FDRE clocked by clk  {rise@0.000ns fall@50.000ns period=100.000ns})
  Path Group:             clk
  Path Type:              Setup (Max at Slow Process Corner)
  Requirement:            100.000ns  (clk rise@100.000ns - clk rise@0.000ns)
  Data Path Delay:        2.700ns  (logic 0.720ns (26.667%)  route 1.980ns (73.333%))
  Logic Levels:           4  (CARRY4=1 LUT4=1 LUT6=2)
  Clock Path Skew:        -0.145ns (DCD - SCD + CPR)
    Destination Clock Delay (DCD):    1.687ns = ( 101.687 - 100.000 ) 
    Source Clock Delay      (SCD):    1.941ns
    Clock Pessimism Removal (CPR):    0.109ns
  Clock Uncertainty:      0.035ns  ((TSJ^2 + TIJ^2)^1/2 + DJ) / 2 + PE
    Total System Jitter     (TSJ):    0.071ns
    Total Input Jitter      (TIJ):    0.000ns
    Discrete Jitter          (DJ):    0.000ns
    Phase Error              (PE):    0.000ns

    Location             Delay type                Incr(ns)  Path(ns)    Netlist Resource(s)
  -------------------------------------------------------------------    -------------------
                         (clock clk rise edge)        0.000     0.000 r  
                                                      0.000     0.000 r  clk (IN)
                         net (fo=0)                   0.000     0.000    clk
                                                                      r  clk_IBUF_inst/I
                         IBUF (Prop_ibuf_I_O)         0.798     0.798 r  clk_IBUF_inst/O
                         net (fo=1, unplaced)         0.466     1.264    clk_IBUF
                                                                      r  clk_IBUF_BUFG_inst/I
                         BUFG (Prop_bufg_I_O)         0.093     1.357 r  clk_IBUF_BUFG_inst/O
                         net (fo=866, unplaced)       0.584     1.941    clk_IBUF_BUFG
                         FDRE                                         r  din_reg_reg[1]/C
  -------------------------------------------------------------------    -------------------
                         FDRE (Prop_fdre_C_Q)         0.223     2.164 f  din_reg_reg[1]/Q
                         net (fo=37, unplaced)        0.491     2.655    din_reg_reg_n_0_[1]
                                                                      f  d_tmp[255]_i_9/I1
                         LUT4 (Prop_lut4_I1_O)        0.131     2.786 r  d_tmp[255]_i_9/O
                         net (fo=1, unplaced)         0.000     2.786    d_tmp[255]_i_9_n_0
                                                                      r  d_tmp_reg[255]_i_4/DI[0]
                         CARRY4 (Prop_carry4_DI[0]_CO[3])
                                                      0.280     3.066 r  d_tmp_reg[255]_i_4/CO[3]
                         net (fo=216, unplaced)       0.747     3.813    d_tmp_reg[255]_i_4_n_0
                                                                      r  wen[17]_i_2/I5
                         LUT6 (Prop_lut6_I5_O)        0.043     3.856 r  wen[17]_i_2/O
                         net (fo=1, unplaced)         0.742     4.598    wen[17]_i_2_n_0
                                                                      r  wen[17]_i_1/I0
                         LUT6 (Prop_lut6_I0_O)        0.043     4.641 r  wen[17]_i_1/O
                         net (fo=1, unplaced)         0.000     4.641    wen[17]_i_1_n_0
                         FDRE                                         r  wen_reg[17]/D
  -------------------------------------------------------------------    -------------------

                         (clock clk rise edge)      100.000   100.000 r  
                                                      0.000   100.000 r  clk (IN)
                         net (fo=0)                   0.000   100.000    clk
                                                                      r  clk_IBUF_inst/I
                         IBUF (Prop_ibuf_I_O)         0.723   100.723 r  clk_IBUF_inst/O
                         net (fo=1, unplaced)         0.442   101.165    clk_IBUF
                                                                      r  clk_IBUF_BUFG_inst/I
                         BUFG (Prop_bufg_I_O)         0.083   101.248 r  clk_IBUF_BUFG_inst/O
                         net (fo=866, unplaced)       0.439   101.687    clk_IBUF_BUFG
                         FDRE                                         r  wen_reg[17]/C
                         clock pessimism              0.109   101.796    
                         clock uncertainty           -0.035   101.760    
                         FDRE (Setup_fdre_C_D)        0.036   101.796    wen_reg[17]
  -------------------------------------------------------------------
                         required time                        101.796    
                         arrival time                          -4.641    
  -------------------------------------------------------------------
                         slack                                 97.156    

Slack (MET) :             97.156ns  (required time - arrival time)
  Source:                 din_reg_reg[1]/C
                            (rising edge-triggered cell FDRE clocked by clk  {rise@0.000ns fall@50.000ns period=100.000ns})
  Destination:            wen_reg[18]/D
                            (rising edge-triggered cell FDRE clocked by clk  {rise@0.000ns fall@50.000ns period=100.000ns})
  Path Group:             clk
  Path Type:              Setup (Max at Slow Process Corner)
  Requirement:            100.000ns  (clk rise@100.000ns - clk rise@0.000ns)
  Data Path Delay:        2.700ns  (logic 0.720ns (26.667%)  route 1.980ns (73.333%))
  Logic Levels:           4  (CARRY4=1 LUT4=1 LUT6=2)
  Clock Path Skew:        -0.145ns (DCD - SCD + CPR)
    Destination Clock Delay (DCD):    1.687ns = ( 101.687 - 100.000 ) 
    Source Clock Delay      (SCD):    1.941ns
    Clock Pessimism Removal (CPR):    0.109ns
  Clock Uncertainty:      0.035ns  ((TSJ^2 + TIJ^2)^1/2 + DJ) / 2 + PE
    Total System Jitter     (TSJ):    0.071ns
    Total Input Jitter      (TIJ):    0.000ns
    Discrete Jitter          (DJ):    0.000ns
    Phase Error              (PE):    0.000ns

    Location             Delay type                Incr(ns)  Path(ns)    Netlist Resource(s)
  -------------------------------------------------------------------    -------------------
                         (clock clk rise edge)        0.000     0.000 r  
                                                      0.000     0.000 r  clk (IN)
                         net (fo=0)                   0.000     0.000    clk
                                                                      r  clk_IBUF_inst/I
                         IBUF (Prop_ibuf_I_O)         0.798     0.798 r  clk_IBUF_inst/O
                         net (fo=1, unplaced)         0.466     1.264    clk_IBUF
                                                                      r  clk_IBUF_BUFG_inst/I
                         BUFG (Prop_bufg_I_O)         0.093     1.357 r  clk_IBUF_BUFG_inst/O
                         net (fo=866, unplaced)       0.584     1.941    clk_IBUF_BUFG
                         FDRE                                         r  din_reg_reg[1]/C
  -------------------------------------------------------------------    -------------------
                         FDRE (Prop_fdre_C_Q)         0.223     2.164 f  din_reg_reg[1]/Q
                         net (fo=37, unplaced)        0.491     2.655    din_reg_reg_n_0_[1]
                                                                      f  d_tmp[255]_i_9/I1
                         LUT4 (Prop_lut4_I1_O)        0.131     2.786 r  d_tmp[255]_i_9/O
                         net (fo=1, unplaced)         0.000     2.786    d_tmp[255]_i_9_n_0
                                                                      r  d_tmp_reg[255]_i_4/DI[0]
                         CARRY4 (Prop_carry4_DI[0]_CO[3])
                                                      0.280     3.066 r  d_tmp_reg[255]_i_4/CO[3]
                         net (fo=216, unplaced)       0.747     3.813    d_tmp_reg[255]_i_4_n_0
                                                                      r  wen[18]_i_2/I5
                         LUT6 (Prop_lut6_I5_O)        0.043     3.856 r  wen[18]_i_2/O
                         net (fo=1, unplaced)         0.742     4.598    wen[18]_i_2_n_0
                                                                      r  wen[18]_i_1/I0
                         LUT6 (Prop_lut6_I0_O)        0.043     4.641 r  wen[18]_i_1/O
                         net (fo=1, unplaced)         0.000     4.641    wen[18]_i_1_n_0
                         FDRE                                         r  wen_reg[18]/D
  -------------------------------------------------------------------    -------------------

                         (clock clk rise edge)      100.000   100.000 r  
                                                      0.000   100.000 r  clk (IN)
                         net (fo=0)                   0.000   100.000    clk
                                                                      r  clk_IBUF_inst/I
                         IBUF (Prop_ibuf_I_O)         0.723   100.723 r  clk_IBUF_inst/O
                         net (fo=1, unplaced)         0.442   101.165    clk_IBUF
                                                                      r  clk_IBUF_BUFG_inst/I
                         BUFG (Prop_bufg_I_O)         0.083   101.248 r  clk_IBUF_BUFG_inst/O
                         net (fo=866, unplaced)       0.439   101.687    clk_IBUF_BUFG
                         FDRE                                         r  wen_reg[18]/C
                         clock pessimism              0.109   101.796    
                         clock uncertainty           -0.035   101.760    
                         FDRE (Setup_fdre_C_D)        0.036   101.796    wen_reg[18]
  -------------------------------------------------------------------
                         required time                        101.796    
                         arrival time                          -4.641    
  -------------------------------------------------------------------
                         slack                                 97.156    




