Copyright 1986-2022 Xilinx, Inc. All Rights Reserved.
----------------------------------------------------------------------------------------------------------------------------------------------------------------------------------------------------------------------------------------------------------------------------------------------------
| Tool Version : Vivado v.2022.2 (lin64) Build 3671981 Fri Oct 14 04:59:54 MDT 2022
| Date         : Thu Jan  4 15:24:47 2024
| Host         : zza-virtual-machine running 64-bit Ubuntu 22.04.1 LTS
| Command      : report_timing -from [get_pins -hierarchical -regexp .*] -to [get_pins -hierarchical -regexp .*] -delay_type max -max_paths 10 -sort_by group -input_pins -routable_nets -name timing_1 -file /home/zza/Documents/ucas-digital_ic_design-course/mat_scan/sync/rpt/timing_report.rpt
| Design       : mat_scan
| Device       : 7k325t-ffg900
| Speed File   : -2  PRODUCTION 1.12 2017-02-17
----------------------------------------------------------------------------------------------------------------------------------------------------------------------------------------------------------------------------------------------------------------------------------------------------

Timing Report

Slack (MET) :             98.196ns  (required time - arrival time)
  Source:                 cnt_reg[1]/C
                            (rising edge-triggered cell FDRE clocked by clk  {rise@0.000ns fall@50.000ns period=100.000ns})
  Destination:            cnt_reg[0]/CE
                            (rising edge-triggered cell FDRE clocked by clk  {rise@0.000ns fall@50.000ns period=100.000ns})
  Path Group:             clk
  Path Type:              Setup (Max at Slow Process Corner)
  Requirement:            100.000ns  (clk rise@100.000ns - clk rise@0.000ns)
  Data Path Delay:        1.425ns  (logic 0.397ns (27.860%)  route 1.028ns (72.140%))
  Logic Levels:           2  (LUT4=1 LUT6=1)
  Clock Path Skew:        -0.145ns (DCD - SCD + CPR)
    Destination Clock Delay (DCD):    1.687ns = ( 101.687 - 100.000 ) 
    Source Clock Delay      (SCD):    1.941ns
    Clock Pessimism Removal (CPR):    0.109ns
  Clock Uncertainty:      0.035ns  ((TSJ^2 + TIJ^2)^1/2 + DJ) / 2 + PE
    Total System Jitter     (TSJ):    0.071ns
    Total Input Jitter      (TIJ):    0.000ns
    Discrete Jitter          (DJ):    0.000ns
    Phase Error              (PE):    0.000ns

    Location             Delay type                Incr(ns)  Path(ns)    Netlist Resource(s)
  -------------------------------------------------------------------    -------------------
                         (clock clk rise edge)        0.000     0.000 r  
                                                      0.000     0.000 r  clk (IN)
                         net (fo=0)                   0.000     0.000    clk
                                                                      r  clk_IBUF_inst/I
                         IBUF (Prop_ibuf_I_O)         0.798     0.798 r  clk_IBUF_inst/O
                         net (fo=1, unplaced)         0.466     1.264    clk_IBUF
                                                                      r  clk_IBUF_BUFG_inst/I
                         BUFG (Prop_bufg_I_O)         0.093     1.357 r  clk_IBUF_BUFG_inst/O
                         net (fo=680, unplaced)       0.584     1.941    clk_IBUF_BUFG
                         FDRE                                         r  cnt_reg[1]/C
  -------------------------------------------------------------------    -------------------
                         FDRE (Prop_fdre_C_Q)         0.223     2.164 r  cnt_reg[1]/Q
                         net (fo=8, unplaced)         0.454     2.618    cnt_reg_n_0_[1]
                                                                      r  cnt[5]_i_3/I1
                         LUT4 (Prop_lut4_I1_O)        0.131     2.749 f  cnt[5]_i_3/O
                         net (fo=1, unplaced)         0.270     3.019    cnt[5]_i_3_n_0
                                                                      f  cnt[5]_i_1/I1
                         LUT6 (Prop_lut6_I1_O)        0.043     3.062 r  cnt[5]_i_1/O
                         net (fo=6, unplaced)         0.304     3.366    cnt
                         FDRE                                         r  cnt_reg[0]/CE
  -------------------------------------------------------------------    -------------------

                         (clock clk rise edge)      100.000   100.000 r  
                                                      0.000   100.000 r  clk (IN)
                         net (fo=0)                   0.000   100.000    clk
                                                                      r  clk_IBUF_inst/I
                         IBUF (Prop_ibuf_I_O)         0.723   100.723 r  clk_IBUF_inst/O
                         net (fo=1, unplaced)         0.442   101.165    clk_IBUF
                                                                      r  clk_IBUF_BUFG_inst/I
                         BUFG (Prop_bufg_I_O)         0.083   101.248 r  clk_IBUF_BUFG_inst/O
                         net (fo=680, unplaced)       0.439   101.687    clk_IBUF_BUFG
                         FDRE                                         r  cnt_reg[0]/C
                         clock pessimism              0.109   101.796    
                         clock uncertainty           -0.035   101.760    
                         FDRE (Setup_fdre_C_CE)      -0.199   101.561    cnt_reg[0]
  -------------------------------------------------------------------
                         required time                        101.561    
                         arrival time                          -3.366    
  -------------------------------------------------------------------
                         slack                                 98.196    

Slack (MET) :             98.196ns  (required time - arrival time)
  Source:                 cnt_reg[1]/C
                            (rising edge-triggered cell FDRE clocked by clk  {rise@0.000ns fall@50.000ns period=100.000ns})
  Destination:            cnt_reg[1]/CE
                            (rising edge-triggered cell FDRE clocked by clk  {rise@0.000ns fall@50.000ns period=100.000ns})
  Path Group:             clk
  Path Type:              Setup (Max at Slow Process Corner)
  Requirement:            100.000ns  (clk rise@100.000ns - clk rise@0.000ns)
  Data Path Delay:        1.425ns  (logic 0.397ns (27.860%)  route 1.028ns (72.140%))
  Logic Levels:           2  (LUT4=1 LUT6=1)
  Clock Path Skew:        -0.145ns (DCD - SCD + CPR)
    Destination Clock Delay (DCD):    1.687ns = ( 101.687 - 100.000 ) 
    Source Clock Delay      (SCD):    1.941ns
    Clock Pessimism Removal (CPR):    0.109ns
  Clock Uncertainty:      0.035ns  ((TSJ^2 + TIJ^2)^1/2 + DJ) / 2 + PE
    Total System Jitter     (TSJ):    0.071ns
    Total Input Jitter      (TIJ):    0.000ns
    Discrete Jitter          (DJ):    0.000ns
    Phase Error              (PE):    0.000ns

    Location             Delay type                Incr(ns)  Path(ns)    Netlist Resource(s)
  -------------------------------------------------------------------    -------------------
                         (clock clk rise edge)        0.000     0.000 r  
                                                      0.000     0.000 r  clk (IN)
                         net (fo=0)                   0.000     0.000    clk
                                                                      r  clk_IBUF_inst/I
                         IBUF (Prop_ibuf_I_O)         0.798     0.798 r  clk_IBUF_inst/O
                         net (fo=1, unplaced)         0.466     1.264    clk_IBUF
                                                                      r  clk_IBUF_BUFG_inst/I
                         BUFG (Prop_bufg_I_O)         0.093     1.357 r  clk_IBUF_BUFG_inst/O
                         net (fo=680, unplaced)       0.584     1.941    clk_IBUF_BUFG
                         FDRE                                         r  cnt_reg[1]/C
  -------------------------------------------------------------------    -------------------
                         FDRE (Prop_fdre_C_Q)         0.223     2.164 r  cnt_reg[1]/Q
                         net (fo=8, unplaced)         0.454     2.618    cnt_reg_n_0_[1]
                                                                      r  cnt[5]_i_3/I1
                         LUT4 (Prop_lut4_I1_O)        0.131     2.749 f  cnt[5]_i_3/O
                         net (fo=1, unplaced)         0.270     3.019    cnt[5]_i_3_n_0
                                                                      f  cnt[5]_i_1/I1
                         LUT6 (Prop_lut6_I1_O)        0.043     3.062 r  cnt[5]_i_1/O
                         net (fo=6, unplaced)         0.304     3.366    cnt
                         FDRE                                         r  cnt_reg[1]/CE
  -------------------------------------------------------------------    -------------------

                         (clock clk rise edge)      100.000   100.000 r  
                                                      0.000   100.000 r  clk (IN)
                         net (fo=0)                   0.000   100.000    clk
                                                                      r  clk_IBUF_inst/I
                         IBUF (Prop_ibuf_I_O)         0.723   100.723 r  clk_IBUF_inst/O
                         net (fo=1, unplaced)         0.442   101.165    clk_IBUF
                                                                      r  clk_IBUF_BUFG_inst/I
                         BUFG (Prop_bufg_I_O)         0.083   101.248 r  clk_IBUF_BUFG_inst/O
                         net (fo=680, unplaced)       0.439   101.687    clk_IBUF_BUFG
                         FDRE                                         r  cnt_reg[1]/C
                         clock pessimism              0.109   101.796    
                         clock uncertainty           -0.035   101.760    
                         FDRE (Setup_fdre_C_CE)      -0.199   101.561    cnt_reg[1]
  -------------------------------------------------------------------
                         required time                        101.561    
                         arrival time                          -3.366    
  -------------------------------------------------------------------
                         slack                                 98.196    

Slack (MET) :             98.196ns  (required time - arrival time)
  Source:                 cnt_reg[1]/C
                            (rising edge-triggered cell FDRE clocked by clk  {rise@0.000ns fall@50.000ns period=100.000ns})
  Destination:            cnt_reg[2]/CE
                            (rising edge-triggered cell FDRE clocked by clk  {rise@0.000ns fall@50.000ns period=100.000ns})
  Path Group:             clk
  Path Type:              Setup (Max at Slow Process Corner)
  Requirement:            100.000ns  (clk rise@100.000ns - clk rise@0.000ns)
  Data Path Delay:        1.425ns  (logic 0.397ns (27.860%)  route 1.028ns (72.140%))
  Logic Levels:           2  (LUT4=1 LUT6=1)
  Clock Path Skew:        -0.145ns (DCD - SCD + CPR)
    Destination Clock Delay (DCD):    1.687ns = ( 101.687 - 100.000 ) 
    Source Clock Delay      (SCD):    1.941ns
    Clock Pessimism Removal (CPR):    0.109ns
  Clock Uncertainty:      0.035ns  ((TSJ^2 + TIJ^2)^1/2 + DJ) / 2 + PE
    Total System Jitter     (TSJ):    0.071ns
    Total Input Jitter      (TIJ):    0.000ns
    Discrete Jitter          (DJ):    0.000ns
    Phase Error              (PE):    0.000ns

    Location             Delay type                Incr(ns)  Path(ns)    Netlist Resource(s)
  -------------------------------------------------------------------    -------------------
                         (clock clk rise edge)        0.000     0.000 r  
                                                      0.000     0.000 r  clk (IN)
                         net (fo=0)                   0.000     0.000    clk
                                                                      r  clk_IBUF_inst/I
                         IBUF (Prop_ibuf_I_O)         0.798     0.798 r  clk_IBUF_inst/O
                         net (fo=1, unplaced)         0.466     1.264    clk_IBUF
                                                                      r  clk_IBUF_BUFG_inst/I
                         BUFG (Prop_bufg_I_O)         0.093     1.357 r  clk_IBUF_BUFG_inst/O
                         net (fo=680, unplaced)       0.584     1.941    clk_IBUF_BUFG
                         FDRE                                         r  cnt_reg[1]/C
  -------------------------------------------------------------------    -------------------
                         FDRE (Prop_fdre_C_Q)         0.223     2.164 r  cnt_reg[1]/Q
                         net (fo=8, unplaced)         0.454     2.618    cnt_reg_n_0_[1]
                                                                      r  cnt[5]_i_3/I1
                         LUT4 (Prop_lut4_I1_O)        0.131     2.749 f  cnt[5]_i_3/O
                         net (fo=1, unplaced)         0.270     3.019    cnt[5]_i_3_n_0
                                                                      f  cnt[5]_i_1/I1
                         LUT6 (Prop_lut6_I1_O)        0.043     3.062 r  cnt[5]_i_1/O
                         net (fo=6, unplaced)         0.304     3.366    cnt
                         FDRE                                         r  cnt_reg[2]/CE
  -------------------------------------------------------------------    -------------------

                         (clock clk rise edge)      100.000   100.000 r  
                                                      0.000   100.000 r  clk (IN)
                         net (fo=0)                   0.000   100.000    clk
                                                                      r  clk_IBUF_inst/I
                         IBUF (Prop_ibuf_I_O)         0.723   100.723 r  clk_IBUF_inst/O
                         net (fo=1, unplaced)         0.442   101.165    clk_IBUF
                                                                      r  clk_IBUF_BUFG_inst/I
                         BUFG (Prop_bufg_I_O)         0.083   101.248 r  clk_IBUF_BUFG_inst/O
                         net (fo=680, unplaced)       0.439   101.687    clk_IBUF_BUFG
                         FDRE                                         r  cnt_reg[2]/C
                         clock pessimism              0.109   101.796    
                         clock uncertainty           -0.035   101.760    
                         FDRE (Setup_fdre_C_CE)      -0.199   101.561    cnt_reg[2]
  -------------------------------------------------------------------
                         required time                        101.561    
                         arrival time                          -3.366    
  -------------------------------------------------------------------
                         slack                                 98.196    

Slack (MET) :             98.196ns  (required time - arrival time)
  Source:                 cnt_reg[1]/C
                            (rising edge-triggered cell FDRE clocked by clk  {rise@0.000ns fall@50.000ns period=100.000ns})
  Destination:            cnt_reg[3]/CE
                            (rising edge-triggered cell FDRE clocked by clk  {rise@0.000ns fall@50.000ns period=100.000ns})
  Path Group:             clk
  Path Type:              Setup (Max at Slow Process Corner)
  Requirement:            100.000ns  (clk rise@100.000ns - clk rise@0.000ns)
  Data Path Delay:        1.425ns  (logic 0.397ns (27.860%)  route 1.028ns (72.140%))
  Logic Levels:           2  (LUT4=1 LUT6=1)
  Clock Path Skew:        -0.145ns (DCD - SCD + CPR)
    Destination Clock Delay (DCD):    1.687ns = ( 101.687 - 100.000 ) 
    Source Clock Delay      (SCD):    1.941ns
    Clock Pessimism Removal (CPR):    0.109ns
  Clock Uncertainty:      0.035ns  ((TSJ^2 + TIJ^2)^1/2 + DJ) / 2 + PE
    Total System Jitter     (TSJ):    0.071ns
    Total Input Jitter      (TIJ):    0.000ns
    Discrete Jitter          (DJ):    0.000ns
    Phase Error              (PE):    0.000ns

    Location             Delay type                Incr(ns)  Path(ns)    Netlist Resource(s)
  -------------------------------------------------------------------    -------------------
                         (clock clk rise edge)        0.000     0.000 r  
                                                      0.000     0.000 r  clk (IN)
                         net (fo=0)                   0.000     0.000    clk
                                                                      r  clk_IBUF_inst/I
                         IBUF (Prop_ibuf_I_O)         0.798     0.798 r  clk_IBUF_inst/O
                         net (fo=1, unplaced)         0.466     1.264    clk_IBUF
                                                                      r  clk_IBUF_BUFG_inst/I
                         BUFG (Prop_bufg_I_O)         0.093     1.357 r  clk_IBUF_BUFG_inst/O
                         net (fo=680, unplaced)       0.584     1.941    clk_IBUF_BUFG
                         FDRE                                         r  cnt_reg[1]/C
  -------------------------------------------------------------------    -------------------
                         FDRE (Prop_fdre_C_Q)         0.223     2.164 r  cnt_reg[1]/Q
                         net (fo=8, unplaced)         0.454     2.618    cnt_reg_n_0_[1]
                                                                      r  cnt[5]_i_3/I1
                         LUT4 (Prop_lut4_I1_O)        0.131     2.749 f  cnt[5]_i_3/O
                         net (fo=1, unplaced)         0.270     3.019    cnt[5]_i_3_n_0
                                                                      f  cnt[5]_i_1/I1
                         LUT6 (Prop_lut6_I1_O)        0.043     3.062 r  cnt[5]_i_1/O
                         net (fo=6, unplaced)         0.304     3.366    cnt
                         FDRE                                         r  cnt_reg[3]/CE
  -------------------------------------------------------------------    -------------------

                         (clock clk rise edge)      100.000   100.000 r  
                                                      0.000   100.000 r  clk (IN)
                         net (fo=0)                   0.000   100.000    clk
                                                                      r  clk_IBUF_inst/I
                         IBUF (Prop_ibuf_I_O)         0.723   100.723 r  clk_IBUF_inst/O
                         net (fo=1, unplaced)         0.442   101.165    clk_IBUF
                                                                      r  clk_IBUF_BUFG_inst/I
                         BUFG (Prop_bufg_I_O)         0.083   101.248 r  clk_IBUF_BUFG_inst/O
                         net (fo=680, unplaced)       0.439   101.687    clk_IBUF_BUFG
                         FDRE                                         r  cnt_reg[3]/C
                         clock pessimism              0.109   101.796    
                         clock uncertainty           -0.035   101.760    
                         FDRE (Setup_fdre_C_CE)      -0.199   101.561    cnt_reg[3]
  -------------------------------------------------------------------
                         required time                        101.561    
                         arrival time                          -3.366    
  -------------------------------------------------------------------
                         slack                                 98.196    

Slack (MET) :             98.196ns  (required time - arrival time)
  Source:                 cnt_reg[1]/C
                            (rising edge-triggered cell FDRE clocked by clk  {rise@0.000ns fall@50.000ns period=100.000ns})
  Destination:            cnt_reg[4]/CE
                            (rising edge-triggered cell FDRE clocked by clk  {rise@0.000ns fall@50.000ns period=100.000ns})
  Path Group:             clk
  Path Type:              Setup (Max at Slow Process Corner)
  Requirement:            100.000ns  (clk rise@100.000ns - clk rise@0.000ns)
  Data Path Delay:        1.425ns  (logic 0.397ns (27.860%)  route 1.028ns (72.140%))
  Logic Levels:           2  (LUT4=1 LUT6=1)
  Clock Path Skew:        -0.145ns (DCD - SCD + CPR)
    Destination Clock Delay (DCD):    1.687ns = ( 101.687 - 100.000 ) 
    Source Clock Delay      (SCD):    1.941ns
    Clock Pessimism Removal (CPR):    0.109ns
  Clock Uncertainty:      0.035ns  ((TSJ^2 + TIJ^2)^1/2 + DJ) / 2 + PE
    Total System Jitter     (TSJ):    0.071ns
    Total Input Jitter      (TIJ):    0.000ns
    Discrete Jitter          (DJ):    0.000ns
    Phase Error              (PE):    0.000ns

    Location             Delay type                Incr(ns)  Path(ns)    Netlist Resource(s)
  -------------------------------------------------------------------    -------------------
                         (clock clk rise edge)        0.000     0.000 r  
                                                      0.000     0.000 r  clk (IN)
                         net (fo=0)                   0.000     0.000    clk
                                                                      r  clk_IBUF_inst/I
                         IBUF (Prop_ibuf_I_O)         0.798     0.798 r  clk_IBUF_inst/O
                         net (fo=1, unplaced)         0.466     1.264    clk_IBUF
                                                                      r  clk_IBUF_BUFG_inst/I
                         BUFG (Prop_bufg_I_O)         0.093     1.357 r  clk_IBUF_BUFG_inst/O
                         net (fo=680, unplaced)       0.584     1.941    clk_IBUF_BUFG
                         FDRE                                         r  cnt_reg[1]/C
  -------------------------------------------------------------------    -------------------
                         FDRE (Prop_fdre_C_Q)         0.223     2.164 r  cnt_reg[1]/Q
                         net (fo=8, unplaced)         0.454     2.618    cnt_reg_n_0_[1]
                                                                      r  cnt[5]_i_3/I1
                         LUT4 (Prop_lut4_I1_O)        0.131     2.749 f  cnt[5]_i_3/O
                         net (fo=1, unplaced)         0.270     3.019    cnt[5]_i_3_n_0
                                                                      f  cnt[5]_i_1/I1
                         LUT6 (Prop_lut6_I1_O)        0.043     3.062 r  cnt[5]_i_1/O
                         net (fo=6, unplaced)         0.304     3.366    cnt
                         FDRE                                         r  cnt_reg[4]/CE
  -------------------------------------------------------------------    -------------------

                         (clock clk rise edge)      100.000   100.000 r  
                                                      0.000   100.000 r  clk (IN)
                         net (fo=0)                   0.000   100.000    clk
                                                                      r  clk_IBUF_inst/I
                         IBUF (Prop_ibuf_I_O)         0.723   100.723 r  clk_IBUF_inst/O
                         net (fo=1, unplaced)         0.442   101.165    clk_IBUF
                                                                      r  clk_IBUF_BUFG_inst/I
                         BUFG (Prop_bufg_I_O)         0.083   101.248 r  clk_IBUF_BUFG_inst/O
                         net (fo=680, unplaced)       0.439   101.687    clk_IBUF_BUFG
                         FDRE                                         r  cnt_reg[4]/C
                         clock pessimism              0.109   101.796    
                         clock uncertainty           -0.035   101.760    
                         FDRE (Setup_fdre_C_CE)      -0.199   101.561    cnt_reg[4]
  -------------------------------------------------------------------
                         required time                        101.561    
                         arrival time                          -3.366    
  -------------------------------------------------------------------
                         slack                                 98.196    

Slack (MET) :             98.196ns  (required time - arrival time)
  Source:                 cnt_reg[1]/C
                            (rising edge-triggered cell FDRE clocked by clk  {rise@0.000ns fall@50.000ns period=100.000ns})
  Destination:            cnt_reg[5]/CE
                            (rising edge-triggered cell FDRE clocked by clk  {rise@0.000ns fall@50.000ns period=100.000ns})
  Path Group:             clk
  Path Type:              Setup (Max at Slow Process Corner)
  Requirement:            100.000ns  (clk rise@100.000ns - clk rise@0.000ns)
  Data Path Delay:        1.425ns  (logic 0.397ns (27.860%)  route 1.028ns (72.140%))
  Logic Levels:           2  (LUT4=1 LUT6=1)
  Clock Path Skew:        -0.145ns (DCD - SCD + CPR)
    Destination Clock Delay (DCD):    1.687ns = ( 101.687 - 100.000 ) 
    Source Clock Delay      (SCD):    1.941ns
    Clock Pessimism Removal (CPR):    0.109ns
  Clock Uncertainty:      0.035ns  ((TSJ^2 + TIJ^2)^1/2 + DJ) / 2 + PE
    Total System Jitter     (TSJ):    0.071ns
    Total Input Jitter      (TIJ):    0.000ns
    Discrete Jitter          (DJ):    0.000ns
    Phase Error              (PE):    0.000ns

    Location             Delay type                Incr(ns)  Path(ns)    Netlist Resource(s)
  -------------------------------------------------------------------    -------------------
                         (clock clk rise edge)        0.000     0.000 r  
                                                      0.000     0.000 r  clk (IN)
                         net (fo=0)                   0.000     0.000    clk
                                                                      r  clk_IBUF_inst/I
                         IBUF (Prop_ibuf_I_O)         0.798     0.798 r  clk_IBUF_inst/O
                         net (fo=1, unplaced)         0.466     1.264    clk_IBUF
                                                                      r  clk_IBUF_BUFG_inst/I
                         BUFG (Prop_bufg_I_O)         0.093     1.357 r  clk_IBUF_BUFG_inst/O
                         net (fo=680, unplaced)       0.584     1.941    clk_IBUF_BUFG
                         FDRE                                         r  cnt_reg[1]/C
  -------------------------------------------------------------------    -------------------
                         FDRE (Prop_fdre_C_Q)         0.223     2.164 r  cnt_reg[1]/Q
                         net (fo=8, unplaced)         0.454     2.618    cnt_reg_n_0_[1]
                                                                      r  cnt[5]_i_3/I1
                         LUT4 (Prop_lut4_I1_O)        0.131     2.749 f  cnt[5]_i_3/O
                         net (fo=1, unplaced)         0.270     3.019    cnt[5]_i_3_n_0
                                                                      f  cnt[5]_i_1/I1
                         LUT6 (Prop_lut6_I1_O)        0.043     3.062 r  cnt[5]_i_1/O
                         net (fo=6, unplaced)         0.304     3.366    cnt
                         FDRE                                         r  cnt_reg[5]/CE
  -------------------------------------------------------------------    -------------------

                         (clock clk rise edge)      100.000   100.000 r  
                                                      0.000   100.000 r  clk (IN)
                         net (fo=0)                   0.000   100.000    clk
                                                                      r  clk_IBUF_inst/I
                         IBUF (Prop_ibuf_I_O)         0.723   100.723 r  clk_IBUF_inst/O
                         net (fo=1, unplaced)         0.442   101.165    clk_IBUF
                                                                      r  clk_IBUF_BUFG_inst/I
                         BUFG (Prop_bufg_I_O)         0.083   101.248 r  clk_IBUF_BUFG_inst/O
                         net (fo=680, unplaced)       0.439   101.687    clk_IBUF_BUFG
                         FDRE                                         r  cnt_reg[5]/C
                         clock pessimism              0.109   101.796    
                         clock uncertainty           -0.035   101.760    
                         FDRE (Setup_fdre_C_CE)      -0.199   101.561    cnt_reg[5]
  -------------------------------------------------------------------
                         required time                        101.561    
                         arrival time                          -3.366    
  -------------------------------------------------------------------
                         slack                                 98.196    

Slack (MET) :             98.230ns  (required time - arrival time)
  Source:                 addr_reg[1]_rep/C
                            (rising edge-triggered cell FDRE clocked by clk  {rise@0.000ns fall@50.000ns period=100.000ns})
  Destination:            sram/mem_reg[19][0]/CE
                            (rising edge-triggered cell FDRE clocked by clk  {rise@0.000ns fall@50.000ns period=100.000ns})
  Path Group:             clk
  Path Type:              Setup (Max at Slow Process Corner)
  Requirement:            100.000ns  (clk rise@100.000ns - clk rise@0.000ns)
  Data Path Delay:        1.391ns  (logic 0.389ns (27.965%)  route 1.002ns (72.035%))
  Logic Levels:           2  (LUT2=1 LUT6=1)
  Clock Path Skew:        -0.145ns (DCD - SCD + CPR)
    Destination Clock Delay (DCD):    1.687ns = ( 101.687 - 100.000 ) 
    Source Clock Delay      (SCD):    1.941ns
    Clock Pessimism Removal (CPR):    0.109ns
  Clock Uncertainty:      0.035ns  ((TSJ^2 + TIJ^2)^1/2 + DJ) / 2 + PE
    Total System Jitter     (TSJ):    0.071ns
    Total Input Jitter      (TIJ):    0.000ns
    Discrete Jitter          (DJ):    0.000ns
    Phase Error              (PE):    0.000ns

    Location             Delay type                Incr(ns)  Path(ns)    Netlist Resource(s)
  -------------------------------------------------------------------    -------------------
                         (clock clk rise edge)        0.000     0.000 r  
                                                      0.000     0.000 r  clk (IN)
                         net (fo=0)                   0.000     0.000    clk
                                                                      r  clk_IBUF_inst/I
                         IBUF (Prop_ibuf_I_O)         0.798     0.798 r  clk_IBUF_inst/O
                         net (fo=1, unplaced)         0.466     1.264    clk_IBUF
                                                                      r  clk_IBUF_BUFG_inst/I
                         BUFG (Prop_bufg_I_O)         0.093     1.357 r  clk_IBUF_BUFG_inst/O
                         net (fo=680, unplaced)       0.584     1.941    clk_IBUF_BUFG
                         FDRE                                         r  addr_reg[1]_rep/C
  -------------------------------------------------------------------    -------------------
                         FDRE (Prop_fdre_C_Q)         0.223     2.164 r  addr_reg[1]_rep/Q
                         net (fo=103, unplaced)       0.367     2.531    sram/mem_reg[61][0]_0
                                                                      r  sram/addr[2]_i_2/I0
                         LUT2 (Prop_lut2_I0_O)        0.123     2.654 r  sram/addr[2]_i_2/O
                         net (fo=13, unplaced)        0.320     2.974    sram/addr_reg[1]_rep
                                                                      r  sram/mem[19][9]_i_1/I3
                         LUT6 (Prop_lut6_I3_O)        0.043     3.017 r  sram/mem[19][9]_i_1/O
                         net (fo=10, unplaced)        0.315     3.332    sram/mem[19][9]_i_1_n_0
                         FDRE                                         r  sram/mem_reg[19][0]/CE
  -------------------------------------------------------------------    -------------------

                         (clock clk rise edge)      100.000   100.000 r  
                                                      0.000   100.000 r  clk (IN)
                         net (fo=0)                   0.000   100.000    clk
                                                                      r  clk_IBUF_inst/I
                         IBUF (Prop_ibuf_I_O)         0.723   100.723 r  clk_IBUF_inst/O
                         net (fo=1, unplaced)         0.442   101.165    clk_IBUF
                                                                      r  clk_IBUF_BUFG_inst/I
                         BUFG (Prop_bufg_I_O)         0.083   101.248 r  clk_IBUF_BUFG_inst/O
                         net (fo=680, unplaced)       0.439   101.687    sram/clk_IBUF_BUFG
                         FDRE                                         r  sram/mem_reg[19][0]/C
                         clock pessimism              0.109   101.796    
                         clock uncertainty           -0.035   101.760    
                         FDRE (Setup_fdre_C_CE)      -0.199   101.561    sram/mem_reg[19][0]
  -------------------------------------------------------------------
                         required time                        101.561    
                         arrival time                          -3.332    
  -------------------------------------------------------------------
                         slack                                 98.230    

Slack (MET) :             98.230ns  (required time - arrival time)
  Source:                 addr_reg[1]_rep/C
                            (rising edge-triggered cell FDRE clocked by clk  {rise@0.000ns fall@50.000ns period=100.000ns})
  Destination:            sram/mem_reg[19][1]/CE
                            (rising edge-triggered cell FDRE clocked by clk  {rise@0.000ns fall@50.000ns period=100.000ns})
  Path Group:             clk
  Path Type:              Setup (Max at Slow Process Corner)
  Requirement:            100.000ns  (clk rise@100.000ns - clk rise@0.000ns)
  Data Path Delay:        1.391ns  (logic 0.389ns (27.965%)  route 1.002ns (72.035%))
  Logic Levels:           2  (LUT2=1 LUT6=1)
  Clock Path Skew:        -0.145ns (DCD - SCD + CPR)
    Destination Clock Delay (DCD):    1.687ns = ( 101.687 - 100.000 ) 
    Source Clock Delay      (SCD):    1.941ns
    Clock Pessimism Removal (CPR):    0.109ns
  Clock Uncertainty:      0.035ns  ((TSJ^2 + TIJ^2)^1/2 + DJ) / 2 + PE
    Total System Jitter     (TSJ):    0.071ns
    Total Input Jitter      (TIJ):    0.000ns
    Discrete Jitter          (DJ):    0.000ns
    Phase Error              (PE):    0.000ns

    Location             Delay type                Incr(ns)  Path(ns)    Netlist Resource(s)
  -------------------------------------------------------------------    -------------------
                         (clock clk rise edge)        0.000     0.000 r  
                                                      0.000     0.000 r  clk (IN)
                         net (fo=0)                   0.000     0.000    clk
                                                                      r  clk_IBUF_inst/I
                         IBUF (Prop_ibuf_I_O)         0.798     0.798 r  clk_IBUF_inst/O
                         net (fo=1, unplaced)         0.466     1.264    clk_IBUF
                                                                      r  clk_IBUF_BUFG_inst/I
                         BUFG (Prop_bufg_I_O)         0.093     1.357 r  clk_IBUF_BUFG_inst/O
                         net (fo=680, unplaced)       0.584     1.941    clk_IBUF_BUFG
                         FDRE                                         r  addr_reg[1]_rep/C
  -------------------------------------------------------------------    -------------------
                         FDRE (Prop_fdre_C_Q)         0.223     2.164 r  addr_reg[1]_rep/Q
                         net (fo=103, unplaced)       0.367     2.531    sram/mem_reg[61][0]_0
                                                                      r  sram/addr[2]_i_2/I0
                         LUT2 (Prop_lut2_I0_O)        0.123     2.654 r  sram/addr[2]_i_2/O
                         net (fo=13, unplaced)        0.320     2.974    sram/addr_reg[1]_rep
                                                                      r  sram/mem[19][9]_i_1/I3
                         LUT6 (Prop_lut6_I3_O)        0.043     3.017 r  sram/mem[19][9]_i_1/O
                         net (fo=10, unplaced)        0.315     3.332    sram/mem[19][9]_i_1_n_0
                         FDRE                                         r  sram/mem_reg[19][1]/CE
  -------------------------------------------------------------------    -------------------

                         (clock clk rise edge)      100.000   100.000 r  
                                                      0.000   100.000 r  clk (IN)
                         net (fo=0)                   0.000   100.000    clk
                                                                      r  clk_IBUF_inst/I
                         IBUF (Prop_ibuf_I_O)         0.723   100.723 r  clk_IBUF_inst/O
                         net (fo=1, unplaced)         0.442   101.165    clk_IBUF
                                                                      r  clk_IBUF_BUFG_inst/I
                         BUFG (Prop_bufg_I_O)         0.083   101.248 r  clk_IBUF_BUFG_inst/O
                         net (fo=680, unplaced)       0.439   101.687    sram/clk_IBUF_BUFG
                         FDRE                                         r  sram/mem_reg[19][1]/C
                         clock pessimism              0.109   101.796    
                         clock uncertainty           -0.035   101.760    
                         FDRE (Setup_fdre_C_CE)      -0.199   101.561    sram/mem_reg[19][1]
  -------------------------------------------------------------------
                         required time                        101.561    
                         arrival time                          -3.332    
  -------------------------------------------------------------------
                         slack                                 98.230    

Slack (MET) :             98.230ns  (required time - arrival time)
  Source:                 addr_reg[1]_rep/C
                            (rising edge-triggered cell FDRE clocked by clk  {rise@0.000ns fall@50.000ns period=100.000ns})
  Destination:            sram/mem_reg[19][2]/CE
                            (rising edge-triggered cell FDRE clocked by clk  {rise@0.000ns fall@50.000ns period=100.000ns})
  Path Group:             clk
  Path Type:              Setup (Max at Slow Process Corner)
  Requirement:            100.000ns  (clk rise@100.000ns - clk rise@0.000ns)
  Data Path Delay:        1.391ns  (logic 0.389ns (27.965%)  route 1.002ns (72.035%))
  Logic Levels:           2  (LUT2=1 LUT6=1)
  Clock Path Skew:        -0.145ns (DCD - SCD + CPR)
    Destination Clock Delay (DCD):    1.687ns = ( 101.687 - 100.000 ) 
    Source Clock Delay      (SCD):    1.941ns
    Clock Pessimism Removal (CPR):    0.109ns
  Clock Uncertainty:      0.035ns  ((TSJ^2 + TIJ^2)^1/2 + DJ) / 2 + PE
    Total System Jitter     (TSJ):    0.071ns
    Total Input Jitter      (TIJ):    0.000ns
    Discrete Jitter          (DJ):    0.000ns
    Phase Error              (PE):    0.000ns

    Location             Delay type                Incr(ns)  Path(ns)    Netlist Resource(s)
  -------------------------------------------------------------------    -------------------
                         (clock clk rise edge)        0.000     0.000 r  
                                                      0.000     0.000 r  clk (IN)
                         net (fo=0)                   0.000     0.000    clk
                                                                      r  clk_IBUF_inst/I
                         IBUF (Prop_ibuf_I_O)         0.798     0.798 r  clk_IBUF_inst/O
                         net (fo=1, unplaced)         0.466     1.264    clk_IBUF
                                                                      r  clk_IBUF_BUFG_inst/I
                         BUFG (Prop_bufg_I_O)         0.093     1.357 r  clk_IBUF_BUFG_inst/O
                         net (fo=680, unplaced)       0.584     1.941    clk_IBUF_BUFG
                         FDRE                                         r  addr_reg[1]_rep/C
  -------------------------------------------------------------------    -------------------
                         FDRE (Prop_fdre_C_Q)         0.223     2.164 r  addr_reg[1]_rep/Q
                         net (fo=103, unplaced)       0.367     2.531    sram/mem_reg[61][0]_0
                                                                      r  sram/addr[2]_i_2/I0
                         LUT2 (Prop_lut2_I0_O)        0.123     2.654 r  sram/addr[2]_i_2/O
                         net (fo=13, unplaced)        0.320     2.974    sram/addr_reg[1]_rep
                                                                      r  sram/mem[19][9]_i_1/I3
                         LUT6 (Prop_lut6_I3_O)        0.043     3.017 r  sram/mem[19][9]_i_1/O
                         net (fo=10, unplaced)        0.315     3.332    sram/mem[19][9]_i_1_n_0
                         FDRE                                         r  sram/mem_reg[19][2]/CE
  -------------------------------------------------------------------    -------------------

                         (clock clk rise edge)      100.000   100.000 r  
                                                      0.000   100.000 r  clk (IN)
                         net (fo=0)                   0.000   100.000    clk
                                                                      r  clk_IBUF_inst/I
                         IBUF (Prop_ibuf_I_O)         0.723   100.723 r  clk_IBUF_inst/O
                         net (fo=1, unplaced)         0.442   101.165    clk_IBUF
                                                                      r  clk_IBUF_BUFG_inst/I
                         BUFG (Prop_bufg_I_O)         0.083   101.248 r  clk_IBUF_BUFG_inst/O
                         net (fo=680, unplaced)       0.439   101.687    sram/clk_IBUF_BUFG
                         FDRE                                         r  sram/mem_reg[19][2]/C
                         clock pessimism              0.109   101.796    
                         clock uncertainty           -0.035   101.760    
                         FDRE (Setup_fdre_C_CE)      -0.199   101.561    sram/mem_reg[19][2]
  -------------------------------------------------------------------
                         required time                        101.561    
                         arrival time                          -3.332    
  -------------------------------------------------------------------
                         slack                                 98.230    

Slack (MET) :             98.230ns  (required time - arrival time)
  Source:                 addr_reg[1]_rep/C
                            (rising edge-triggered cell FDRE clocked by clk  {rise@0.000ns fall@50.000ns period=100.000ns})
  Destination:            sram/mem_reg[19][3]/CE
                            (rising edge-triggered cell FDRE clocked by clk  {rise@0.000ns fall@50.000ns period=100.000ns})
  Path Group:             clk
  Path Type:              Setup (Max at Slow Process Corner)
  Requirement:            100.000ns  (clk rise@100.000ns - clk rise@0.000ns)
  Data Path Delay:        1.391ns  (logic 0.389ns (27.965%)  route 1.002ns (72.035%))
  Logic Levels:           2  (LUT2=1 LUT6=1)
  Clock Path Skew:        -0.145ns (DCD - SCD + CPR)
    Destination Clock Delay (DCD):    1.687ns = ( 101.687 - 100.000 ) 
    Source Clock Delay      (SCD):    1.941ns
    Clock Pessimism Removal (CPR):    0.109ns
  Clock Uncertainty:      0.035ns  ((TSJ^2 + TIJ^2)^1/2 + DJ) / 2 + PE
    Total System Jitter     (TSJ):    0.071ns
    Total Input Jitter      (TIJ):    0.000ns
    Discrete Jitter          (DJ):    0.000ns
    Phase Error              (PE):    0.000ns

    Location             Delay type                Incr(ns)  Path(ns)    Netlist Resource(s)
  -------------------------------------------------------------------    -------------------
                         (clock clk rise edge)        0.000     0.000 r  
                                                      0.000     0.000 r  clk (IN)
                         net (fo=0)                   0.000     0.000    clk
                                                                      r  clk_IBUF_inst/I
                         IBUF (Prop_ibuf_I_O)         0.798     0.798 r  clk_IBUF_inst/O
                         net (fo=1, unplaced)         0.466     1.264    clk_IBUF
                                                                      r  clk_IBUF_BUFG_inst/I
                         BUFG (Prop_bufg_I_O)         0.093     1.357 r  clk_IBUF_BUFG_inst/O
                         net (fo=680, unplaced)       0.584     1.941    clk_IBUF_BUFG
                         FDRE                                         r  addr_reg[1]_rep/C
  -------------------------------------------------------------------    -------------------
                         FDRE (Prop_fdre_C_Q)         0.223     2.164 r  addr_reg[1]_rep/Q
                         net (fo=103, unplaced)       0.367     2.531    sram/mem_reg[61][0]_0
                                                                      r  sram/addr[2]_i_2/I0
                         LUT2 (Prop_lut2_I0_O)        0.123     2.654 r  sram/addr[2]_i_2/O
                         net (fo=13, unplaced)        0.320     2.974    sram/addr_reg[1]_rep
                                                                      r  sram/mem[19][9]_i_1/I3
                         LUT6 (Prop_lut6_I3_O)        0.043     3.017 r  sram/mem[19][9]_i_1/O
                         net (fo=10, unplaced)        0.315     3.332    sram/mem[19][9]_i_1_n_0
                         FDRE                                         r  sram/mem_reg[19][3]/CE
  -------------------------------------------------------------------    -------------------

                         (clock clk rise edge)      100.000   100.000 r  
                                                      0.000   100.000 r  clk (IN)
                         net (fo=0)                   0.000   100.000    clk
                                                                      r  clk_IBUF_inst/I
                         IBUF (Prop_ibuf_I_O)         0.723   100.723 r  clk_IBUF_inst/O
                         net (fo=1, unplaced)         0.442   101.165    clk_IBUF
                                                                      r  clk_IBUF_BUFG_inst/I
                         BUFG (Prop_bufg_I_O)         0.083   101.248 r  clk_IBUF_BUFG_inst/O
                         net (fo=680, unplaced)       0.439   101.687    sram/clk_IBUF_BUFG
                         FDRE                                         r  sram/mem_reg[19][3]/C
                         clock pessimism              0.109   101.796    
                         clock uncertainty           -0.035   101.760    
                         FDRE (Setup_fdre_C_CE)      -0.199   101.561    sram/mem_reg[19][3]
  -------------------------------------------------------------------
                         required time                        101.561    
                         arrival time                          -3.332    
  -------------------------------------------------------------------
                         slack                                 98.230    




