Copyright 1986-2022 Xilinx, Inc. All Rights Reserved.
--------------------------------------------------------------------------------------------------------------------------------------------------------------------------------------------------------------------------------------------------------------------------
| Tool Version : Vivado v.2022.2 (lin64) Build 3671981 Fri Oct 14 04:59:54 MDT 2022
| Date         : Mon Dec  4 21:23:02 2023
| Host         : zza-virtual-machine running 64-bit Ubuntu 22.04.1 LTS
| Command      : report_timing -from [get_ports -regexp .*] -to [get_ports -regexp .*] -delay_type max -max_paths 10 -sort_by group -input_pins -routable_nets -name timing_2 -file /home/zza/Documents/ucas-digital_ic_design-course/mul_tc_16_16/sync/timing_report.rpt
| Design       : mul_tc_16_16
| Device       : 7k325t-ffg900
| Speed File   : -2  PRODUCTION 1.12 2017-02-17
--------------------------------------------------------------------------------------------------------------------------------------------------------------------------------------------------------------------------------------------------------------------------

Timing Report

Slack:                    inf
  Source:                 a[1]
                            (input port)
  Destination:            product[29]
                            (output port)
  Path Group:             (none)
  Path Type:              Max at Slow Process Corner
  Data Path Delay:        8.282ns  (logic 4.501ns (54.353%)  route 3.780ns (45.647%))
  Logic Levels:           13  (CARRY4=5 IBUF=1 LUT1=1 LUT3=1 LUT5=3 LUT6=1 OBUF=1)

    Location             Delay type                Incr(ns)  Path(ns)    Netlist Resource(s)
  -------------------------------------------------------------------    -------------------
                                                      0.000     0.000 f  a[1] (IN)
                         net (fo=0)                   0.000     0.000    a[1]
                                                                      f  a_IBUF[1]_inst/I
                         IBUF (Prop_ibuf_I_O)         0.798     0.798 f  a_IBUF[1]_inst/O
                         net (fo=25, unplaced)        0.466     1.264    genblk1[7].pp/a_IBUF[1]
                                                                      f  genblk1[7].pp/a_neg_carry_i_3/I0
                         LUT1 (Prop_lut1_I0_O)        0.043     1.307 r  genblk1[7].pp/a_neg_carry_i_3/O
                         net (fo=1, unplaced)         0.000     1.307    genblk1[7].pp/a_neg_carry_i_3_n_0
                                                                      r  genblk1[7].pp/a_neg_carry/S[1]
                         CARRY4 (Prop_carry4_S[1]_CO[3])
                                                      0.267     1.574 r  genblk1[7].pp/a_neg_carry/CO[3]
                         net (fo=1, unplaced)         0.007     1.581    genblk1[7].pp/a_neg_carry_n_0
                                                                      r  genblk1[7].pp/a_neg_carry__0/CI
                         CARRY4 (Prop_carry4_CI_CO[3])
                                                      0.053     1.634 r  genblk1[7].pp/a_neg_carry__0/CO[3]
                         net (fo=1, unplaced)         0.000     1.634    genblk1[7].pp/a_neg_carry__0_n_0
                                                                      r  genblk1[7].pp/a_neg_carry__1/CI
                         CARRY4 (Prop_carry4_CI_O[2])
                                                      0.119     1.753 r  genblk1[7].pp/a_neg_carry__1/O[2]
                         net (fo=2, unplaced)         0.281     2.034    genblk1[7].pp/a_neg__31[10]
                                                                      r  genblk1[7].pp/product_carry_i_62__3/I5
                         LUT6 (Prop_lut6_I5_O)        0.127     2.161 r  genblk1[7].pp/product_carry_i_62__3/O
                         net (fo=1, unplaced)         0.270     2.431    genblk1[7].pp/product_carry_i_62__3_n_0
                                                                      r  genblk1[7].pp/product_carry_i_40__3/I4
                         LUT5 (Prop_lut5_I4_O)        0.043     2.474 r  genblk1[7].pp/product_carry_i_40__3/O
                         net (fo=2, unplaced)         0.753     3.227    genblk1[6].pp/product_carry_i_12__0_1
                                                                      r  genblk1[6].pp/product_carry_i_37__3/I4
                         LUT5 (Prop_lut5_I4_O)        0.043     3.270 r  genblk1[6].pp/product_carry_i_37__3/O
                         net (fo=2, unplaced)         0.753     4.023    genblk1[2].pp/product_carry_i_5__3
                                                                      r  genblk1[2].pp/product_carry_i_17__1/I0
                         LUT5 (Prop_lut5_I0_O)        0.049     4.072 r  genblk1[2].pp/product_carry_i_17__1/O
                         net (fo=3, unplaced)         0.288     4.360    genblk1[1].pp/product_carry__5_0
                                                                      r  genblk1[1].pp/product_carry_i_3__4/I2
                         LUT3 (Prop_lut3_I2_O)        0.043     4.403 r  genblk1[1].pp/product_carry_i_3__4/O
                         net (fo=1, unplaced)         0.497     4.900    u_wallace_tree_adder/s_30[18]
                                                                      r  u_wallace_tree_adder/product_carry__5/DI[1]
                         CARRY4 (Prop_carry4_DI[1]_CO[3])
                                                      0.250     5.150 r  u_wallace_tree_adder/product_carry__5/CO[3]
                         net (fo=1, unplaced)         0.000     5.150    u_wallace_tree_adder/product_carry__5_n_0
                                                                      r  u_wallace_tree_adder/product_carry__6/CI
                         CARRY4 (Prop_carry4_CI_O[1])
                                                      0.173     5.323 r  u_wallace_tree_adder/product_carry__6/O[1]
                         net (fo=1, unplaced)         0.466     5.788    product_OBUF[29]
                                                                      r  product_OBUF[29]_inst/I
                         OBUF (Prop_obuf_I_O)         2.493     8.282 r  product_OBUF[29]_inst/O
                         net (fo=0)                   0.000     8.282    product[29]
                                                                      r  product[29] (OUT)
  -------------------------------------------------------------------    -------------------

Slack:                    inf
  Source:                 a[1]
                            (input port)
  Destination:            product[31]
                            (output port)
  Path Group:             (none)
  Path Type:              Max at Slow Process Corner
  Data Path Delay:        8.261ns  (logic 4.480ns (54.237%)  route 3.780ns (45.763%))
  Logic Levels:           13  (CARRY4=5 IBUF=1 LUT1=1 LUT3=1 LUT5=3 LUT6=1 OBUF=1)

    Location             Delay type                Incr(ns)  Path(ns)    Netlist Resource(s)
  -------------------------------------------------------------------    -------------------
                                                      0.000     0.000 f  a[1] (IN)
                         net (fo=0)                   0.000     0.000    a[1]
                                                                      f  a_IBUF[1]_inst/I
                         IBUF (Prop_ibuf_I_O)         0.798     0.798 f  a_IBUF[1]_inst/O
                         net (fo=25, unplaced)        0.466     1.264    genblk1[7].pp/a_IBUF[1]
                                                                      f  genblk1[7].pp/a_neg_carry_i_3/I0
                         LUT1 (Prop_lut1_I0_O)        0.043     1.307 r  genblk1[7].pp/a_neg_carry_i_3/O
                         net (fo=1, unplaced)         0.000     1.307    genblk1[7].pp/a_neg_carry_i_3_n_0
                                                                      r  genblk1[7].pp/a_neg_carry/S[1]
                         CARRY4 (Prop_carry4_S[1]_CO[3])
                                                      0.267     1.574 r  genblk1[7].pp/a_neg_carry/CO[3]
                         net (fo=1, unplaced)         0.007     1.581    genblk1[7].pp/a_neg_carry_n_0
                                                                      r  genblk1[7].pp/a_neg_carry__0/CI
                         CARRY4 (Prop_carry4_CI_CO[3])
                                                      0.053     1.634 r  genblk1[7].pp/a_neg_carry__0/CO[3]
                         net (fo=1, unplaced)         0.000     1.634    genblk1[7].pp/a_neg_carry__0_n_0
                                                                      r  genblk1[7].pp/a_neg_carry__1/CI
                         CARRY4 (Prop_carry4_CI_O[2])
                                                      0.119     1.753 r  genblk1[7].pp/a_neg_carry__1/O[2]
                         net (fo=2, unplaced)         0.281     2.034    genblk1[7].pp/a_neg__31[10]
                                                                      r  genblk1[7].pp/product_carry_i_62__3/I5
                         LUT6 (Prop_lut6_I5_O)        0.127     2.161 r  genblk1[7].pp/product_carry_i_62__3/O
                         net (fo=1, unplaced)         0.270     2.431    genblk1[7].pp/product_carry_i_62__3_n_0
                                                                      r  genblk1[7].pp/product_carry_i_40__3/I4
                         LUT5 (Prop_lut5_I4_O)        0.043     2.474 r  genblk1[7].pp/product_carry_i_40__3/O
                         net (fo=2, unplaced)         0.753     3.227    genblk1[6].pp/product_carry_i_12__0_1
                                                                      r  genblk1[6].pp/product_carry_i_37__3/I4
                         LUT5 (Prop_lut5_I4_O)        0.043     3.270 r  genblk1[6].pp/product_carry_i_37__3/O
                         net (fo=2, unplaced)         0.753     4.023    genblk1[2].pp/product_carry_i_5__3
                                                                      r  genblk1[2].pp/product_carry_i_17__1/I0
                         LUT5 (Prop_lut5_I0_O)        0.049     4.072 r  genblk1[2].pp/product_carry_i_17__1/O
                         net (fo=3, unplaced)         0.288     4.360    genblk1[1].pp/product_carry__5_0
                                                                      r  genblk1[1].pp/product_carry_i_3__4/I2
                         LUT3 (Prop_lut3_I2_O)        0.043     4.403 r  genblk1[1].pp/product_carry_i_3__4/O
                         net (fo=1, unplaced)         0.497     4.900    u_wallace_tree_adder/s_30[18]
                                                                      r  u_wallace_tree_adder/product_carry__5/DI[1]
                         CARRY4 (Prop_carry4_DI[1]_CO[3])
                                                      0.250     5.150 r  u_wallace_tree_adder/product_carry__5/CO[3]
                         net (fo=1, unplaced)         0.000     5.150    u_wallace_tree_adder/product_carry__5_n_0
                                                                      r  u_wallace_tree_adder/product_carry__6/CI
                         CARRY4 (Prop_carry4_CI_O[3])
                                                      0.155     5.305 r  u_wallace_tree_adder/product_carry__6/O[3]
                         net (fo=1, unplaced)         0.466     5.770    product_OBUF[31]
                                                                      r  product_OBUF[31]_inst/I
                         OBUF (Prop_obuf_I_O)         2.490     8.261 r  product_OBUF[31]_inst/O
                         net (fo=0)                   0.000     8.261    product[31]
                                                                      r  product[31] (OUT)
  -------------------------------------------------------------------    -------------------

Slack:                    inf
  Source:                 a[1]
                            (input port)
  Destination:            product[28]
                            (output port)
  Path Group:             (none)
  Path Type:              Max at Slow Process Corner
  Data Path Delay:        8.227ns  (logic 4.446ns (54.048%)  route 3.780ns (45.952%))
  Logic Levels:           13  (CARRY4=5 IBUF=1 LUT1=1 LUT3=1 LUT5=3 LUT6=1 OBUF=1)

    Location             Delay type                Incr(ns)  Path(ns)    Netlist Resource(s)
  -------------------------------------------------------------------    -------------------
                                                      0.000     0.000 f  a[1] (IN)
                         net (fo=0)                   0.000     0.000    a[1]
                                                                      f  a_IBUF[1]_inst/I
                         IBUF (Prop_ibuf_I_O)         0.798     0.798 f  a_IBUF[1]_inst/O
                         net (fo=25, unplaced)        0.466     1.264    genblk1[7].pp/a_IBUF[1]
                                                                      f  genblk1[7].pp/a_neg_carry_i_3/I0
                         LUT1 (Prop_lut1_I0_O)        0.043     1.307 r  genblk1[7].pp/a_neg_carry_i_3/O
                         net (fo=1, unplaced)         0.000     1.307    genblk1[7].pp/a_neg_carry_i_3_n_0
                                                                      r  genblk1[7].pp/a_neg_carry/S[1]
                         CARRY4 (Prop_carry4_S[1]_CO[3])
                                                      0.267     1.574 r  genblk1[7].pp/a_neg_carry/CO[3]
                         net (fo=1, unplaced)         0.007     1.581    genblk1[7].pp/a_neg_carry_n_0
                                                                      r  genblk1[7].pp/a_neg_carry__0/CI
                         CARRY4 (Prop_carry4_CI_CO[3])
                                                      0.053     1.634 r  genblk1[7].pp/a_neg_carry__0/CO[3]
                         net (fo=1, unplaced)         0.000     1.634    genblk1[7].pp/a_neg_carry__0_n_0
                                                                      r  genblk1[7].pp/a_neg_carry__1/CI
                         CARRY4 (Prop_carry4_CI_O[2])
                                                      0.119     1.753 r  genblk1[7].pp/a_neg_carry__1/O[2]
                         net (fo=2, unplaced)         0.281     2.034    genblk1[7].pp/a_neg__31[10]
                                                                      r  genblk1[7].pp/product_carry_i_62__3/I5
                         LUT6 (Prop_lut6_I5_O)        0.127     2.161 r  genblk1[7].pp/product_carry_i_62__3/O
                         net (fo=1, unplaced)         0.270     2.431    genblk1[7].pp/product_carry_i_62__3_n_0
                                                                      r  genblk1[7].pp/product_carry_i_40__3/I4
                         LUT5 (Prop_lut5_I4_O)        0.043     2.474 r  genblk1[7].pp/product_carry_i_40__3/O
                         net (fo=2, unplaced)         0.753     3.227    genblk1[6].pp/product_carry_i_12__0_1
                                                                      r  genblk1[6].pp/product_carry_i_37__3/I4
                         LUT5 (Prop_lut5_I4_O)        0.043     3.270 r  genblk1[6].pp/product_carry_i_37__3/O
                         net (fo=2, unplaced)         0.753     4.023    genblk1[2].pp/product_carry_i_5__3
                                                                      r  genblk1[2].pp/product_carry_i_17__1/I0
                         LUT5 (Prop_lut5_I0_O)        0.049     4.072 r  genblk1[2].pp/product_carry_i_17__1/O
                         net (fo=3, unplaced)         0.288     4.360    genblk1[1].pp/product_carry__5_0
                                                                      r  genblk1[1].pp/product_carry_i_3__4/I2
                         LUT3 (Prop_lut3_I2_O)        0.043     4.403 r  genblk1[1].pp/product_carry_i_3__4/O
                         net (fo=1, unplaced)         0.497     4.900    u_wallace_tree_adder/s_30[18]
                                                                      r  u_wallace_tree_adder/product_carry__5/DI[1]
                         CARRY4 (Prop_carry4_DI[1]_CO[3])
                                                      0.250     5.150 r  u_wallace_tree_adder/product_carry__5/CO[3]
                         net (fo=1, unplaced)         0.000     5.150    u_wallace_tree_adder/product_carry__5_n_0
                                                                      r  u_wallace_tree_adder/product_carry__6/CI
                         CARRY4 (Prop_carry4_CI_O[0])
                                                      0.117     5.267 r  u_wallace_tree_adder/product_carry__6/O[0]
                         net (fo=1, unplaced)         0.466     5.732    product_OBUF[28]
                                                                      r  product_OBUF[28]_inst/I
                         OBUF (Prop_obuf_I_O)         2.494     8.227 r  product_OBUF[28]_inst/O
                         net (fo=0)                   0.000     8.227    product[28]
                                                                      r  product[28] (OUT)
  -------------------------------------------------------------------    -------------------

Slack:                    inf
  Source:                 a[1]
                            (input port)
  Destination:            product[30]
                            (output port)
  Path Group:             (none)
  Path Type:              Max at Slow Process Corner
  Data Path Delay:        8.227ns  (logic 4.446ns (54.048%)  route 3.780ns (45.952%))
  Logic Levels:           13  (CARRY4=5 IBUF=1 LUT1=1 LUT3=1 LUT5=3 LUT6=1 OBUF=1)

    Location             Delay type                Incr(ns)  Path(ns)    Netlist Resource(s)
  -------------------------------------------------------------------    -------------------
                                                      0.000     0.000 f  a[1] (IN)
                         net (fo=0)                   0.000     0.000    a[1]
                                                                      f  a_IBUF[1]_inst/I
                         IBUF (Prop_ibuf_I_O)         0.798     0.798 f  a_IBUF[1]_inst/O
                         net (fo=25, unplaced)        0.466     1.264    genblk1[7].pp/a_IBUF[1]
                                                                      f  genblk1[7].pp/a_neg_carry_i_3/I0
                         LUT1 (Prop_lut1_I0_O)        0.043     1.307 r  genblk1[7].pp/a_neg_carry_i_3/O
                         net (fo=1, unplaced)         0.000     1.307    genblk1[7].pp/a_neg_carry_i_3_n_0
                                                                      r  genblk1[7].pp/a_neg_carry/S[1]
                         CARRY4 (Prop_carry4_S[1]_CO[3])
                                                      0.267     1.574 r  genblk1[7].pp/a_neg_carry/CO[3]
                         net (fo=1, unplaced)         0.007     1.581    genblk1[7].pp/a_neg_carry_n_0
                                                                      r  genblk1[7].pp/a_neg_carry__0/CI
                         CARRY4 (Prop_carry4_CI_CO[3])
                                                      0.053     1.634 r  genblk1[7].pp/a_neg_carry__0/CO[3]
                         net (fo=1, unplaced)         0.000     1.634    genblk1[7].pp/a_neg_carry__0_n_0
                                                                      r  genblk1[7].pp/a_neg_carry__1/CI
                         CARRY4 (Prop_carry4_CI_O[2])
                                                      0.119     1.753 r  genblk1[7].pp/a_neg_carry__1/O[2]
                         net (fo=2, unplaced)         0.281     2.034    genblk1[7].pp/a_neg__31[10]
                                                                      r  genblk1[7].pp/product_carry_i_62__3/I5
                         LUT6 (Prop_lut6_I5_O)        0.127     2.161 r  genblk1[7].pp/product_carry_i_62__3/O
                         net (fo=1, unplaced)         0.270     2.431    genblk1[7].pp/product_carry_i_62__3_n_0
                                                                      r  genblk1[7].pp/product_carry_i_40__3/I4
                         LUT5 (Prop_lut5_I4_O)        0.043     2.474 r  genblk1[7].pp/product_carry_i_40__3/O
                         net (fo=2, unplaced)         0.753     3.227    genblk1[6].pp/product_carry_i_12__0_1
                                                                      r  genblk1[6].pp/product_carry_i_37__3/I4
                         LUT5 (Prop_lut5_I4_O)        0.043     3.270 r  genblk1[6].pp/product_carry_i_37__3/O
                         net (fo=2, unplaced)         0.753     4.023    genblk1[2].pp/product_carry_i_5__3
                                                                      r  genblk1[2].pp/product_carry_i_17__1/I0
                         LUT5 (Prop_lut5_I0_O)        0.049     4.072 r  genblk1[2].pp/product_carry_i_17__1/O
                         net (fo=3, unplaced)         0.288     4.360    genblk1[1].pp/product_carry__5_0
                                                                      r  genblk1[1].pp/product_carry_i_3__4/I2
                         LUT3 (Prop_lut3_I2_O)        0.043     4.403 r  genblk1[1].pp/product_carry_i_3__4/O
                         net (fo=1, unplaced)         0.497     4.900    u_wallace_tree_adder/s_30[18]
                                                                      r  u_wallace_tree_adder/product_carry__5/DI[1]
                         CARRY4 (Prop_carry4_DI[1]_CO[3])
                                                      0.250     5.150 r  u_wallace_tree_adder/product_carry__5/CO[3]
                         net (fo=1, unplaced)         0.000     5.150    u_wallace_tree_adder/product_carry__5_n_0
                                                                      r  u_wallace_tree_adder/product_carry__6/CI
                         CARRY4 (Prop_carry4_CI_O[2])
                                                      0.119     5.269 r  u_wallace_tree_adder/product_carry__6/O[2]
                         net (fo=1, unplaced)         0.466     5.734    product_OBUF[30]
                                                                      r  product_OBUF[30]_inst/I
                         OBUF (Prop_obuf_I_O)         2.492     8.227 r  product_OBUF[30]_inst/O
                         net (fo=0)                   0.000     8.227    product[30]
                                                                      r  product[30] (OUT)
  -------------------------------------------------------------------    -------------------

Slack:                    inf
  Source:                 a[1]
                            (input port)
  Destination:            product[25]
                            (output port)
  Path Group:             (none)
  Path Type:              Max at Slow Process Corner
  Data Path Delay:        8.178ns  (logic 4.417ns (54.018%)  route 3.760ns (45.982%))
  Logic Levels:           12  (CARRY4=4 IBUF=1 LUT1=1 LUT3=1 LUT5=3 LUT6=1 OBUF=1)

    Location             Delay type                Incr(ns)  Path(ns)    Netlist Resource(s)
  -------------------------------------------------------------------    -------------------
                                                      0.000     0.000 f  a[1] (IN)
                         net (fo=0)                   0.000     0.000    a[1]
                                                                      f  a_IBUF[1]_inst/I
                         IBUF (Prop_ibuf_I_O)         0.798     0.798 f  a_IBUF[1]_inst/O
                         net (fo=25, unplaced)        0.466     1.264    genblk1[7].pp/a_IBUF[1]
                                                                      f  genblk1[7].pp/a_neg_carry_i_3/I0
                         LUT1 (Prop_lut1_I0_O)        0.043     1.307 r  genblk1[7].pp/a_neg_carry_i_3/O
                         net (fo=1, unplaced)         0.000     1.307    genblk1[7].pp/a_neg_carry_i_3_n_0
                                                                      r  genblk1[7].pp/a_neg_carry/S[1]
                         CARRY4 (Prop_carry4_S[1]_CO[3])
                                                      0.267     1.574 r  genblk1[7].pp/a_neg_carry/CO[3]
                         net (fo=1, unplaced)         0.007     1.581    genblk1[7].pp/a_neg_carry_n_0
                                                                      r  genblk1[7].pp/a_neg_carry__0/CI
                         CARRY4 (Prop_carry4_CI_O[3])
                                                      0.155     1.736 f  genblk1[7].pp/a_neg_carry__0/O[3]
                         net (fo=2, unplaced)         0.505     2.241    genblk1[7].pp/a_neg__31[7]
                                                                      f  genblk1[7].pp/product_carry_i_82__2/I5
                         LUT6 (Prop_lut6_I5_O)        0.120     2.361 f  genblk1[7].pp/product_carry_i_82__2/O
                         net (fo=1, unplaced)         0.270     2.631    genblk1[7].pp/product_carry_i_82__2_n_0
                                                                      f  genblk1[7].pp/product_carry_i_46__2/I4
                         LUT5 (Prop_lut5_I4_O)        0.043     2.674 r  genblk1[7].pp/product_carry_i_46__2/O
                         net (fo=2, unplaced)         0.753     3.427    genblk1[6].pp/product_carry_i_17__2
                                                                      r  genblk1[6].pp/product_carry_i_38__1/I1
                         LUT5 (Prop_lut5_I1_O)        0.043     3.470 r  genblk1[6].pp/product_carry_i_38__1/O
                         net (fo=3, unplaced)         0.760     4.230    genblk1[2].pp/product_carry_i_2__2_0
                                                                      r  genblk1[2].pp/product_carry_i_9__3/I0
                         LUT5 (Prop_lut5_I0_O)        0.049     4.279 r  genblk1[2].pp/product_carry_i_9__3/O
                         net (fo=3, unplaced)         0.260     4.539    genblk1[2].pp/u_wallace_tree_adder/c_20[23]
                                                                      r  genblk1[2].pp/product_carry_i_1__3/I0
                         LUT3 (Prop_lut3_I0_O)        0.043     4.582 r  genblk1[2].pp/product_carry_i_1__3/O
                         net (fo=1, unplaced)         0.274     4.856    u_wallace_tree_adder/s_30[16]
                                                                      r  u_wallace_tree_adder/product_carry__4/DI[3]
                         CARRY4 (Prop_carry4_DI[3]_CO[3])
                                                      0.190     5.046 r  u_wallace_tree_adder/product_carry__4/CO[3]
                         net (fo=1, unplaced)         0.000     5.046    u_wallace_tree_adder/product_carry__4_n_0
                                                                      r  u_wallace_tree_adder/product_carry__5/CI
                         CARRY4 (Prop_carry4_CI_O[1])
                                                      0.173     5.219 r  u_wallace_tree_adder/product_carry__5/O[1]
                         net (fo=1, unplaced)         0.466     5.684    product_OBUF[25]
                                                                      r  product_OBUF[25]_inst/I
                         OBUF (Prop_obuf_I_O)         2.493     8.178 r  product_OBUF[25]_inst/O
                         net (fo=0)                   0.000     8.178    product[25]
                                                                      r  product[25] (OUT)
  -------------------------------------------------------------------    -------------------

Slack:                    inf
  Source:                 a[1]
                            (input port)
  Destination:            product[27]
                            (output port)
  Path Group:             (none)
  Path Type:              Max at Slow Process Corner
  Data Path Delay:        8.157ns  (logic 4.396ns (53.899%)  route 3.760ns (46.101%))
  Logic Levels:           12  (CARRY4=4 IBUF=1 LUT1=1 LUT3=1 LUT5=3 LUT6=1 OBUF=1)

    Location             Delay type                Incr(ns)  Path(ns)    Netlist Resource(s)
  -------------------------------------------------------------------    -------------------
                                                      0.000     0.000 f  a[1] (IN)
                         net (fo=0)                   0.000     0.000    a[1]
                                                                      f  a_IBUF[1]_inst/I
                         IBUF (Prop_ibuf_I_O)         0.798     0.798 f  a_IBUF[1]_inst/O
                         net (fo=25, unplaced)        0.466     1.264    genblk1[7].pp/a_IBUF[1]
                                                                      f  genblk1[7].pp/a_neg_carry_i_3/I0
                         LUT1 (Prop_lut1_I0_O)        0.043     1.307 r  genblk1[7].pp/a_neg_carry_i_3/O
                         net (fo=1, unplaced)         0.000     1.307    genblk1[7].pp/a_neg_carry_i_3_n_0
                                                                      r  genblk1[7].pp/a_neg_carry/S[1]
                         CARRY4 (Prop_carry4_S[1]_CO[3])
                                                      0.267     1.574 r  genblk1[7].pp/a_neg_carry/CO[3]
                         net (fo=1, unplaced)         0.007     1.581    genblk1[7].pp/a_neg_carry_n_0
                                                                      r  genblk1[7].pp/a_neg_carry__0/CI
                         CARRY4 (Prop_carry4_CI_O[3])
                                                      0.155     1.736 f  genblk1[7].pp/a_neg_carry__0/O[3]
                         net (fo=2, unplaced)         0.505     2.241    genblk1[7].pp/a_neg__31[7]
                                                                      f  genblk1[7].pp/product_carry_i_82__2/I5
                         LUT6 (Prop_lut6_I5_O)        0.120     2.361 f  genblk1[7].pp/product_carry_i_82__2/O
                         net (fo=1, unplaced)         0.270     2.631    genblk1[7].pp/product_carry_i_82__2_n_0
                                                                      f  genblk1[7].pp/product_carry_i_46__2/I4
                         LUT5 (Prop_lut5_I4_O)        0.043     2.674 r  genblk1[7].pp/product_carry_i_46__2/O
                         net (fo=2, unplaced)         0.753     3.427    genblk1[6].pp/product_carry_i_17__2
                                                                      r  genblk1[6].pp/product_carry_i_38__1/I1
                         LUT5 (Prop_lut5_I1_O)        0.043     3.470 r  genblk1[6].pp/product_carry_i_38__1/O
                         net (fo=3, unplaced)         0.760     4.230    genblk1[2].pp/product_carry_i_2__2_0
                                                                      r  genblk1[2].pp/product_carry_i_9__3/I0
                         LUT5 (Prop_lut5_I0_O)        0.049     4.279 r  genblk1[2].pp/product_carry_i_9__3/O
                         net (fo=3, unplaced)         0.260     4.539    genblk1[2].pp/u_wallace_tree_adder/c_20[23]
                                                                      r  genblk1[2].pp/product_carry_i_1__3/I0
                         LUT3 (Prop_lut3_I0_O)        0.043     4.582 r  genblk1[2].pp/product_carry_i_1__3/O
                         net (fo=1, unplaced)         0.274     4.856    u_wallace_tree_adder/s_30[16]
                                                                      r  u_wallace_tree_adder/product_carry__4/DI[3]
                         CARRY4 (Prop_carry4_DI[3]_CO[3])
                                                      0.190     5.046 r  u_wallace_tree_adder/product_carry__4/CO[3]
                         net (fo=1, unplaced)         0.000     5.046    u_wallace_tree_adder/product_carry__4_n_0
                                                                      r  u_wallace_tree_adder/product_carry__5/CI
                         CARRY4 (Prop_carry4_CI_O[3])
                                                      0.155     5.201 r  u_wallace_tree_adder/product_carry__5/O[3]
                         net (fo=1, unplaced)         0.466     5.666    product_OBUF[27]
                                                                      r  product_OBUF[27]_inst/I
                         OBUF (Prop_obuf_I_O)         2.490     8.157 r  product_OBUF[27]_inst/O
                         net (fo=0)                   0.000     8.157    product[27]
                                                                      r  product[27] (OUT)
  -------------------------------------------------------------------    -------------------

Slack:                    inf
  Source:                 a[1]
                            (input port)
  Destination:            product[26]
                            (output port)
  Path Group:             (none)
  Path Type:              Max at Slow Process Corner
  Data Path Delay:        8.126ns  (logic 4.345ns (53.477%)  route 3.780ns (46.523%))
  Logic Levels:           12  (CARRY4=4 IBUF=1 LUT1=1 LUT3=1 LUT5=3 LUT6=1 OBUF=1)

    Location             Delay type                Incr(ns)  Path(ns)    Netlist Resource(s)
  -------------------------------------------------------------------    -------------------
                                                      0.000     0.000 f  a[1] (IN)
                         net (fo=0)                   0.000     0.000    a[1]
                                                                      f  a_IBUF[1]_inst/I
                         IBUF (Prop_ibuf_I_O)         0.798     0.798 f  a_IBUF[1]_inst/O
                         net (fo=25, unplaced)        0.466     1.264    genblk1[7].pp/a_IBUF[1]
                                                                      f  genblk1[7].pp/a_neg_carry_i_3/I0
                         LUT1 (Prop_lut1_I0_O)        0.043     1.307 r  genblk1[7].pp/a_neg_carry_i_3/O
                         net (fo=1, unplaced)         0.000     1.307    genblk1[7].pp/a_neg_carry_i_3_n_0
                                                                      r  genblk1[7].pp/a_neg_carry/S[1]
                         CARRY4 (Prop_carry4_S[1]_CO[3])
                                                      0.267     1.574 r  genblk1[7].pp/a_neg_carry/CO[3]
                         net (fo=1, unplaced)         0.007     1.581    genblk1[7].pp/a_neg_carry_n_0
                                                                      r  genblk1[7].pp/a_neg_carry__0/CI
                         CARRY4 (Prop_carry4_CI_CO[3])
                                                      0.053     1.634 r  genblk1[7].pp/a_neg_carry__0/CO[3]
                         net (fo=1, unplaced)         0.000     1.634    genblk1[7].pp/a_neg_carry__0_n_0
                                                                      r  genblk1[7].pp/a_neg_carry__1/CI
                         CARRY4 (Prop_carry4_CI_O[2])
                                                      0.119     1.753 r  genblk1[7].pp/a_neg_carry__1/O[2]
                         net (fo=2, unplaced)         0.281     2.034    genblk1[7].pp/a_neg__31[10]
                                                                      r  genblk1[7].pp/product_carry_i_62__3/I5
                         LUT6 (Prop_lut6_I5_O)        0.127     2.161 r  genblk1[7].pp/product_carry_i_62__3/O
                         net (fo=1, unplaced)         0.270     2.431    genblk1[7].pp/product_carry_i_62__3_n_0
                                                                      r  genblk1[7].pp/product_carry_i_40__3/I4
                         LUT5 (Prop_lut5_I4_O)        0.043     2.474 r  genblk1[7].pp/product_carry_i_40__3/O
                         net (fo=2, unplaced)         0.753     3.227    genblk1[6].pp/product_carry_i_12__0_1
                                                                      r  genblk1[6].pp/product_carry_i_37__3/I4
                         LUT5 (Prop_lut5_I4_O)        0.043     3.270 r  genblk1[6].pp/product_carry_i_37__3/O
                         net (fo=2, unplaced)         0.753     4.023    genblk1[2].pp/product_carry_i_5__3
                                                                      r  genblk1[2].pp/product_carry_i_17__1/I0
                         LUT5 (Prop_lut5_I0_O)        0.049     4.072 r  genblk1[2].pp/product_carry_i_17__1/O
                         net (fo=3, unplaced)         0.288     4.360    genblk1[1].pp/product_carry__5_0
                                                                      r  genblk1[1].pp/product_carry_i_3__4/I2
                         LUT3 (Prop_lut3_I2_O)        0.043     4.403 r  genblk1[1].pp/product_carry_i_3__4/O
                         net (fo=1, unplaced)         0.497     4.900    u_wallace_tree_adder/s_30[18]
                                                                      r  u_wallace_tree_adder/product_carry__5/DI[1]
                         CARRY4 (Prop_carry4_DI[1]_O[2])
                                                      0.268     5.168 r  u_wallace_tree_adder/product_carry__5/O[2]
                         net (fo=1, unplaced)         0.466     5.633    product_OBUF[26]
                                                                      r  product_OBUF[26]_inst/I
                         OBUF (Prop_obuf_I_O)         2.492     8.126 r  product_OBUF[26]_inst/O
                         net (fo=0)                   0.000     8.126    product[26]
                                                                      r  product[26] (OUT)
  -------------------------------------------------------------------    -------------------

Slack:                    inf
  Source:                 a[1]
                            (input port)
  Destination:            product[24]
                            (output port)
  Path Group:             (none)
  Path Type:              Max at Slow Process Corner
  Data Path Delay:        8.123ns  (logic 4.362ns (53.706%)  route 3.760ns (46.294%))
  Logic Levels:           12  (CARRY4=4 IBUF=1 LUT1=1 LUT3=1 LUT5=3 LUT6=1 OBUF=1)

    Location             Delay type                Incr(ns)  Path(ns)    Netlist Resource(s)
  -------------------------------------------------------------------    -------------------
                                                      0.000     0.000 f  a[1] (IN)
                         net (fo=0)                   0.000     0.000    a[1]
                                                                      f  a_IBUF[1]_inst/I
                         IBUF (Prop_ibuf_I_O)         0.798     0.798 f  a_IBUF[1]_inst/O
                         net (fo=25, unplaced)        0.466     1.264    genblk1[7].pp/a_IBUF[1]
                                                                      f  genblk1[7].pp/a_neg_carry_i_3/I0
                         LUT1 (Prop_lut1_I0_O)        0.043     1.307 r  genblk1[7].pp/a_neg_carry_i_3/O
                         net (fo=1, unplaced)         0.000     1.307    genblk1[7].pp/a_neg_carry_i_3_n_0
                                                                      r  genblk1[7].pp/a_neg_carry/S[1]
                         CARRY4 (Prop_carry4_S[1]_CO[3])
                                                      0.267     1.574 r  genblk1[7].pp/a_neg_carry/CO[3]
                         net (fo=1, unplaced)         0.007     1.581    genblk1[7].pp/a_neg_carry_n_0
                                                                      r  genblk1[7].pp/a_neg_carry__0/CI
                         CARRY4 (Prop_carry4_CI_O[3])
                                                      0.155     1.736 f  genblk1[7].pp/a_neg_carry__0/O[3]
                         net (fo=2, unplaced)         0.505     2.241    genblk1[7].pp/a_neg__31[7]
                                                                      f  genblk1[7].pp/product_carry_i_82__2/I5
                         LUT6 (Prop_lut6_I5_O)        0.120     2.361 f  genblk1[7].pp/product_carry_i_82__2/O
                         net (fo=1, unplaced)         0.270     2.631    genblk1[7].pp/product_carry_i_82__2_n_0
                                                                      f  genblk1[7].pp/product_carry_i_46__2/I4
                         LUT5 (Prop_lut5_I4_O)        0.043     2.674 r  genblk1[7].pp/product_carry_i_46__2/O
                         net (fo=2, unplaced)         0.753     3.427    genblk1[6].pp/product_carry_i_17__2
                                                                      r  genblk1[6].pp/product_carry_i_38__1/I1
                         LUT5 (Prop_lut5_I1_O)        0.043     3.470 r  genblk1[6].pp/product_carry_i_38__1/O
                         net (fo=3, unplaced)         0.760     4.230    genblk1[2].pp/product_carry_i_2__2_0
                                                                      r  genblk1[2].pp/product_carry_i_9__3/I0
                         LUT5 (Prop_lut5_I0_O)        0.049     4.279 r  genblk1[2].pp/product_carry_i_9__3/O
                         net (fo=3, unplaced)         0.260     4.539    genblk1[2].pp/u_wallace_tree_adder/c_20[23]
                                                                      r  genblk1[2].pp/product_carry_i_1__3/I0
                         LUT3 (Prop_lut3_I0_O)        0.043     4.582 r  genblk1[2].pp/product_carry_i_1__3/O
                         net (fo=1, unplaced)         0.274     4.856    u_wallace_tree_adder/s_30[16]
                                                                      r  u_wallace_tree_adder/product_carry__4/DI[3]
                         CARRY4 (Prop_carry4_DI[3]_CO[3])
                                                      0.190     5.046 r  u_wallace_tree_adder/product_carry__4/CO[3]
                         net (fo=1, unplaced)         0.000     5.046    u_wallace_tree_adder/product_carry__4_n_0
                                                                      r  u_wallace_tree_adder/product_carry__5/CI
                         CARRY4 (Prop_carry4_CI_O[0])
                                                      0.117     5.163 r  u_wallace_tree_adder/product_carry__5/O[0]
                         net (fo=1, unplaced)         0.466     5.628    product_OBUF[24]
                                                                      r  product_OBUF[24]_inst/I
                         OBUF (Prop_obuf_I_O)         2.494     8.123 r  product_OBUF[24]_inst/O
                         net (fo=0)                   0.000     8.123    product[24]
                                                                      r  product[24] (OUT)
  -------------------------------------------------------------------    -------------------

Slack:                    inf
  Source:                 a[1]
                            (input port)
  Destination:            product[21]
                            (output port)
  Path Group:             (none)
  Path Type:              Max at Slow Process Corner
  Data Path Delay:        8.090ns  (logic 4.308ns (53.258%)  route 3.781ns (46.742%))
  Logic Levels:           11  (CARRY4=3 IBUF=1 LUT1=1 LUT5=2 LUT6=3 OBUF=1)

    Location             Delay type                Incr(ns)  Path(ns)    Netlist Resource(s)
  -------------------------------------------------------------------    -------------------
                                                      0.000     0.000 f  a[1] (IN)
                         net (fo=0)                   0.000     0.000    a[1]
                                                                      f  a_IBUF[1]_inst/I
                         IBUF (Prop_ibuf_I_O)         0.798     0.798 f  a_IBUF[1]_inst/O
                         net (fo=25, unplaced)        0.466     1.264    genblk1[7].pp/a_IBUF[1]
                                                                      f  genblk1[7].pp/a_neg_carry_i_3/I0
                         LUT1 (Prop_lut1_I0_O)        0.043     1.307 r  genblk1[7].pp/a_neg_carry_i_3/O
                         net (fo=1, unplaced)         0.000     1.307    genblk1[7].pp/a_neg_carry_i_3_n_0
                                                                      r  genblk1[7].pp/a_neg_carry/S[1]
                         CARRY4 (Prop_carry4_S[1]_O[3])
                                                      0.312     1.619 f  genblk1[7].pp/a_neg_carry/O[3]
                         net (fo=2, unplaced)         0.505     2.124    genblk1[7].pp/a_neg__31[3]
                                                                      f  genblk1[7].pp/product_carry_i_43__1/I1
                         LUT6 (Prop_lut6_I1_O)        0.120     2.244 f  genblk1[7].pp/product_carry_i_43__1/O
                         net (fo=1, unplaced)         0.270     2.514    genblk1[7].pp/product_carry_i_43__1_n_0
                                                                      f  genblk1[7].pp/product_carry_i_12__3/I4
                         LUT5 (Prop_lut5_I4_O)        0.043     2.557 r  genblk1[7].pp/product_carry_i_12__3/O
                         net (fo=3, unplaced)         0.760     3.317    genblk1[6].pp/product_carry_i_28
                                                                      r  genblk1[6].pp/product_carry_i_51__1/I1
                         LUT5 (Prop_lut5_I1_O)        0.043     3.360 r  genblk1[6].pp/product_carry_i_51__1/O
                         net (fo=2, unplaced)         0.753     4.113    genblk1[2].pp/product_carry_i_5__1_0
                                                                      r  genblk1[2].pp/product_carry_i_17__4/I3
                         LUT6 (Prop_lut6_I3_O)        0.043     4.156 r  genblk1[2].pp/product_carry_i_17__4/O
                         net (fo=3, unplaced)         0.288     4.444    genblk1[2].pp/product_carry_i_17__4_n_0
                                                                      r  genblk1[2].pp/product_carry_i_2__1/I2
                         LUT6 (Prop_lut6_I2_O)        0.043     4.487 r  genblk1[2].pp/product_carry_i_2__1/O
                         net (fo=1, unplaced)         0.274     4.761    u_wallace_tree_adder/s_30[11]
                                                                      r  u_wallace_tree_adder/product_carry__3/DI[2]
                         CARRY4 (Prop_carry4_DI[2]_CO[3])
                                                      0.197     4.958 r  u_wallace_tree_adder/product_carry__3/CO[3]
                         net (fo=1, unplaced)         0.000     4.958    u_wallace_tree_adder/product_carry__3_n_0
                                                                      r  u_wallace_tree_adder/product_carry__4/CI
                         CARRY4 (Prop_carry4_CI_O[1])
                                                      0.173     5.131 r  u_wallace_tree_adder/product_carry__4/O[1]
                         net (fo=1, unplaced)         0.466     5.596    product_OBUF[21]
                                                                      r  product_OBUF[21]_inst/I
                         OBUF (Prop_obuf_I_O)         2.493     8.090 r  product_OBUF[21]_inst/O
                         net (fo=0)                   0.000     8.090    product[21]
                                                                      r  product[21] (OUT)
  -------------------------------------------------------------------    -------------------

Slack:                    inf
  Source:                 a[1]
                            (input port)
  Destination:            product[23]
                            (output port)
  Path Group:             (none)
  Path Type:              Max at Slow Process Corner
  Data Path Delay:        8.069ns  (logic 4.287ns (53.136%)  route 3.781ns (46.864%))
  Logic Levels:           11  (CARRY4=3 IBUF=1 LUT1=1 LUT5=2 LUT6=3 OBUF=1)

    Location             Delay type                Incr(ns)  Path(ns)    Netlist Resource(s)
  -------------------------------------------------------------------    -------------------
                                                      0.000     0.000 f  a[1] (IN)
                         net (fo=0)                   0.000     0.000    a[1]
                                                                      f  a_IBUF[1]_inst/I
                         IBUF (Prop_ibuf_I_O)         0.798     0.798 f  a_IBUF[1]_inst/O
                         net (fo=25, unplaced)        0.466     1.264    genblk1[7].pp/a_IBUF[1]
                                                                      f  genblk1[7].pp/a_neg_carry_i_3/I0
                         LUT1 (Prop_lut1_I0_O)        0.043     1.307 r  genblk1[7].pp/a_neg_carry_i_3/O
                         net (fo=1, unplaced)         0.000     1.307    genblk1[7].pp/a_neg_carry_i_3_n_0
                                                                      r  genblk1[7].pp/a_neg_carry/S[1]
                         CARRY4 (Prop_carry4_S[1]_O[3])
                                                      0.312     1.619 f  genblk1[7].pp/a_neg_carry/O[3]
                         net (fo=2, unplaced)         0.505     2.124    genblk1[7].pp/a_neg__31[3]
                                                                      f  genblk1[7].pp/product_carry_i_43__1/I1
                         LUT6 (Prop_lut6_I1_O)        0.120     2.244 f  genblk1[7].pp/product_carry_i_43__1/O
                         net (fo=1, unplaced)         0.270     2.514    genblk1[7].pp/product_carry_i_43__1_n_0
                                                                      f  genblk1[7].pp/product_carry_i_12__3/I4
                         LUT5 (Prop_lut5_I4_O)        0.043     2.557 r  genblk1[7].pp/product_carry_i_12__3/O
                         net (fo=3, unplaced)         0.760     3.317    genblk1[6].pp/product_carry_i_28
                                                                      r  genblk1[6].pp/product_carry_i_51__1/I1
                         LUT5 (Prop_lut5_I1_O)        0.043     3.360 r  genblk1[6].pp/product_carry_i_51__1/O
                         net (fo=2, unplaced)         0.753     4.113    genblk1[2].pp/product_carry_i_5__1_0
                                                                      r  genblk1[2].pp/product_carry_i_17__4/I3
                         LUT6 (Prop_lut6_I3_O)        0.043     4.156 r  genblk1[2].pp/product_carry_i_17__4/O
                         net (fo=3, unplaced)         0.288     4.444    genblk1[2].pp/product_carry_i_17__4_n_0
                                                                      r  genblk1[2].pp/product_carry_i_2__1/I2
                         LUT6 (Prop_lut6_I2_O)        0.043     4.487 r  genblk1[2].pp/product_carry_i_2__1/O
                         net (fo=1, unplaced)         0.274     4.761    u_wallace_tree_adder/s_30[11]
                                                                      r  u_wallace_tree_adder/product_carry__3/DI[2]
                         CARRY4 (Prop_carry4_DI[2]_CO[3])
                                                      0.197     4.958 r  u_wallace_tree_adder/product_carry__3/CO[3]
                         net (fo=1, unplaced)         0.000     4.958    u_wallace_tree_adder/product_carry__3_n_0
                                                                      r  u_wallace_tree_adder/product_carry__4/CI
                         CARRY4 (Prop_carry4_CI_O[3])
                                                      0.155     5.113 r  u_wallace_tree_adder/product_carry__4/O[3]
                         net (fo=1, unplaced)         0.466     5.578    product_OBUF[23]
                                                                      r  product_OBUF[23]_inst/I
                         OBUF (Prop_obuf_I_O)         2.490     8.069 r  product_OBUF[23]_inst/O
                         net (fo=0)                   0.000     8.069    product[23]
                                                                      r  product[23] (OUT)
  -------------------------------------------------------------------    -------------------




