Copyright 1986-2022 Xilinx, Inc. All Rights Reserved.
--------------------------------------------------------------------------------------------------------------------------------------------------------------------------------------------------------------------------------------------------------------------------
| Tool Version : Vivado v.2022.2 (lin64) Build 3671981 Fri Oct 14 04:59:54 MDT 2022
| Date         : Mon Dec  4 21:25:10 2023
| Host         : zza-virtual-machine running 64-bit Ubuntu 22.04.1 LTS
| Command      : report_timing -from [get_ports -regexp .*] -to [get_ports -regexp .*] -delay_type max -max_paths 10 -sort_by group -input_pins -routable_nets -name timing_1 -file /home/zza/Documents/ucas-digital_ic_design-course/add_tc_16_16/sync/timing_report.rpt
| Design       : add_tc_16_16
| Device       : 7k325t-ffg900
| Speed File   : -2  PRODUCTION 1.12 2017-02-17
--------------------------------------------------------------------------------------------------------------------------------------------------------------------------------------------------------------------------------------------------------------------------

Timing Report

Slack:                    inf
  Source:                 b[2]
                            (input port)
  Destination:            sum[15]
                            (output port)
  Path Group:             (none)
  Path Type:              Max at Slow Process Corner
  Data Path Delay:        5.743ns  (logic 3.392ns (59.073%)  route 2.350ns (40.927%))
  Logic Levels:           6  (IBUF=1 LUT4=1 LUT6=3 OBUF=1)

    Location             Delay type                Incr(ns)  Path(ns)    Netlist Resource(s)
  -------------------------------------------------------------------    -------------------
                                                      0.000     0.000 r  b[2] (IN)
                         net (fo=0)                   0.000     0.000    b[2]
                                                                      r  b_IBUF[2]_inst/I
                         IBUF (Prop_ibuf_I_O)         0.798     0.798 r  b_IBUF[2]_inst/O
                         net (fo=5, unplaced)         0.466     1.264    b_IBUF[2]
                                                                      r  sum_OBUF[15]_inst_i_6/I2
                         LUT4 (Prop_lut4_I2_O)        0.052     1.316 f  sum_OBUF[15]_inst_i_6/O
                         net (fo=1, unplaced)         0.742     2.058    sum_OBUF[15]_inst_i_6_n_0
                                                                      f  sum_OBUF[15]_inst_i_4/I1
                         LUT6 (Prop_lut6_I1_O)        0.043     2.101 f  sum_OBUF[15]_inst_i_4/O
                         net (fo=1, unplaced)         0.407     2.508    sum_OBUF[15]_inst_i_4_n_0
                                                                      f  sum_OBUF[15]_inst_i_2/I1
                         LUT6 (Prop_lut6_I1_O)        0.043     2.551 r  sum_OBUF[15]_inst_i_2/O
                         net (fo=1, unplaced)         0.270     2.821    sum_OBUF[15]_inst_i_2_n_0
                                                                      r  sum_OBUF[15]_inst_i_1/I4
                         LUT6 (Prop_lut6_I4_O)        0.043     2.864 r  sum_OBUF[15]_inst_i_1/O
                         net (fo=1, unplaced)         0.466     3.329    sum_OBUF[15]
                                                                      r  sum_OBUF[15]_inst/I
                         OBUF (Prop_obuf_I_O)         2.413     5.743 r  sum_OBUF[15]_inst/O
                         net (fo=0)                   0.000     5.743    sum[15]
                                                                      r  sum[15] (OUT)
  -------------------------------------------------------------------    -------------------

Slack:                    inf
  Source:                 b[10]
                            (input port)
  Destination:            sum[12]
                            (output port)
  Path Group:             (none)
  Path Type:              Max at Slow Process Corner
  Data Path Delay:        5.647ns  (logic 3.398ns (60.184%)  route 2.248ns (39.816%))
  Logic Levels:           6  (IBUF=1 LUT3=1 LUT4=1 LUT5=2 OBUF=1)

    Location             Delay type                Incr(ns)  Path(ns)    Netlist Resource(s)
  -------------------------------------------------------------------    -------------------
                                                      0.000     0.000 r  b[10] (IN)
                         net (fo=0)                   0.000     0.000    b[10]
                                                                      r  b_IBUF[10]_inst/I
                         IBUF (Prop_ibuf_I_O)         0.798     0.798 r  b_IBUF[10]_inst/O
                         net (fo=4, unplaced)         0.466     1.264    b_IBUF[10]
                                                                      r  sum_OBUF[16]_inst_i_12/I2
                         LUT4 (Prop_lut4_I2_O)        0.052     1.316 r  sum_OBUF[16]_inst_i_12/O
                         net (fo=1, unplaced)         0.270     1.586    sum_OBUF[16]_inst_i_12_n_0
                                                                      r  sum_OBUF[16]_inst_i_6/I0
                         LUT5 (Prop_lut5_I0_O)        0.049     1.635 f  sum_OBUF[16]_inst_i_6/O
                         net (fo=2, unplaced)         0.753     2.388    sum_OBUF[16]_inst_i_6_n_0
                                                                      f  sum_OBUF[16]_inst_i_4/I0
                         LUT5 (Prop_lut5_I0_O)        0.043     2.431 r  sum_OBUF[16]_inst_i_4/O
                         net (fo=4, unplaced)         0.294     2.725    sum_OBUF[16]_inst_i_4_n_0
                                                                      r  sum_OBUF[12]_inst_i_1/I0
                         LUT3 (Prop_lut3_I0_O)        0.043     2.768 r  sum_OBUF[12]_inst_i_1/O
                         net (fo=1, unplaced)         0.466     3.233    sum_OBUF[12]
                                                                      r  sum_OBUF[12]_inst/I
                         OBUF (Prop_obuf_I_O)         2.413     5.647 r  sum_OBUF[12]_inst/O
                         net (fo=0)                   0.000     5.647    sum[12]
                                                                      r  sum[12] (OUT)
  -------------------------------------------------------------------    -------------------

Slack:                    inf
  Source:                 b[10]
                            (input port)
  Destination:            sum[13]
                            (output port)
  Path Group:             (none)
  Path Type:              Max at Slow Process Corner
  Data Path Delay:        5.647ns  (logic 3.398ns (60.184%)  route 2.248ns (39.816%))
  Logic Levels:           6  (IBUF=1 LUT4=1 LUT5=3 OBUF=1)

    Location             Delay type                Incr(ns)  Path(ns)    Netlist Resource(s)
  -------------------------------------------------------------------    -------------------
                                                      0.000     0.000 r  b[10] (IN)
                         net (fo=0)                   0.000     0.000    b[10]
                                                                      r  b_IBUF[10]_inst/I
                         IBUF (Prop_ibuf_I_O)         0.798     0.798 r  b_IBUF[10]_inst/O
                         net (fo=4, unplaced)         0.466     1.264    b_IBUF[10]
                                                                      r  sum_OBUF[16]_inst_i_12/I2
                         LUT4 (Prop_lut4_I2_O)        0.052     1.316 r  sum_OBUF[16]_inst_i_12/O
                         net (fo=1, unplaced)         0.270     1.586    sum_OBUF[16]_inst_i_12_n_0
                                                                      r  sum_OBUF[16]_inst_i_6/I0
                         LUT5 (Prop_lut5_I0_O)        0.049     1.635 f  sum_OBUF[16]_inst_i_6/O
                         net (fo=2, unplaced)         0.753     2.388    sum_OBUF[16]_inst_i_6_n_0
                                                                      f  sum_OBUF[16]_inst_i_4/I0
                         LUT5 (Prop_lut5_I0_O)        0.043     2.431 r  sum_OBUF[16]_inst_i_4/O
                         net (fo=4, unplaced)         0.294     2.725    sum_OBUF[16]_inst_i_4_n_0
                                                                      r  sum_OBUF[13]_inst_i_1/I4
                         LUT5 (Prop_lut5_I4_O)        0.043     2.768 r  sum_OBUF[13]_inst_i_1/O
                         net (fo=1, unplaced)         0.466     3.233    sum_OBUF[13]
                                                                      r  sum_OBUF[13]_inst/I
                         OBUF (Prop_obuf_I_O)         2.413     5.647 r  sum_OBUF[13]_inst/O
                         net (fo=0)                   0.000     5.647    sum[13]
                                                                      r  sum[13] (OUT)
  -------------------------------------------------------------------    -------------------

Slack:                    inf
  Source:                 b[10]
                            (input port)
  Destination:            sum[14]
                            (output port)
  Path Group:             (none)
  Path Type:              Max at Slow Process Corner
  Data Path Delay:        5.647ns  (logic 3.398ns (60.184%)  route 2.248ns (39.816%))
  Logic Levels:           6  (IBUF=1 LUT4=1 LUT5=2 LUT6=1 OBUF=1)

    Location             Delay type                Incr(ns)  Path(ns)    Netlist Resource(s)
  -------------------------------------------------------------------    -------------------
                                                      0.000     0.000 r  b[10] (IN)
                         net (fo=0)                   0.000     0.000    b[10]
                                                                      r  b_IBUF[10]_inst/I
                         IBUF (Prop_ibuf_I_O)         0.798     0.798 r  b_IBUF[10]_inst/O
                         net (fo=4, unplaced)         0.466     1.264    b_IBUF[10]
                                                                      r  sum_OBUF[16]_inst_i_12/I2
                         LUT4 (Prop_lut4_I2_O)        0.052     1.316 r  sum_OBUF[16]_inst_i_12/O
                         net (fo=1, unplaced)         0.270     1.586    sum_OBUF[16]_inst_i_12_n_0
                                                                      r  sum_OBUF[16]_inst_i_6/I0
                         LUT5 (Prop_lut5_I0_O)        0.049     1.635 f  sum_OBUF[16]_inst_i_6/O
                         net (fo=2, unplaced)         0.753     2.388    sum_OBUF[16]_inst_i_6_n_0
                                                                      f  sum_OBUF[16]_inst_i_4/I0
                         LUT5 (Prop_lut5_I0_O)        0.043     2.431 r  sum_OBUF[16]_inst_i_4/O
                         net (fo=4, unplaced)         0.294     2.725    sum_OBUF[16]_inst_i_4_n_0
                                                                      r  sum_OBUF[14]_inst_i_1/I5
                         LUT6 (Prop_lut6_I5_O)        0.043     2.768 r  sum_OBUF[14]_inst_i_1/O
                         net (fo=1, unplaced)         0.466     3.233    sum_OBUF[14]
                                                                      r  sum_OBUF[14]_inst/I
                         OBUF (Prop_obuf_I_O)         2.413     5.647 r  sum_OBUF[14]_inst/O
                         net (fo=0)                   0.000     5.647    sum[14]
                                                                      r  sum[14] (OUT)
  -------------------------------------------------------------------    -------------------

Slack:                    inf
  Source:                 b[10]
                            (input port)
  Destination:            sum[16]
                            (output port)
  Path Group:             (none)
  Path Type:              Max at Slow Process Corner
  Data Path Delay:        5.647ns  (logic 3.398ns (60.184%)  route 2.248ns (39.816%))
  Logic Levels:           6  (IBUF=1 LUT4=1 LUT5=2 LUT6=1 OBUF=1)

    Location             Delay type                Incr(ns)  Path(ns)    Netlist Resource(s)
  -------------------------------------------------------------------    -------------------
                                                      0.000     0.000 r  b[10] (IN)
                         net (fo=0)                   0.000     0.000    b[10]
                                                                      r  b_IBUF[10]_inst/I
                         IBUF (Prop_ibuf_I_O)         0.798     0.798 r  b_IBUF[10]_inst/O
                         net (fo=4, unplaced)         0.466     1.264    b_IBUF[10]
                                                                      r  sum_OBUF[16]_inst_i_12/I2
                         LUT4 (Prop_lut4_I2_O)        0.052     1.316 r  sum_OBUF[16]_inst_i_12/O
                         net (fo=1, unplaced)         0.270     1.586    sum_OBUF[16]_inst_i_12_n_0
                                                                      r  sum_OBUF[16]_inst_i_6/I0
                         LUT5 (Prop_lut5_I0_O)        0.049     1.635 f  sum_OBUF[16]_inst_i_6/O
                         net (fo=2, unplaced)         0.753     2.388    sum_OBUF[16]_inst_i_6_n_0
                                                                      f  sum_OBUF[16]_inst_i_4/I0
                         LUT5 (Prop_lut5_I0_O)        0.043     2.431 r  sum_OBUF[16]_inst_i_4/O
                         net (fo=4, unplaced)         0.294     2.725    sum_OBUF[16]_inst_i_4_n_0
                                                                      r  sum_OBUF[16]_inst_i_1/I4
                         LUT6 (Prop_lut6_I4_O)        0.043     2.768 r  sum_OBUF[16]_inst_i_1/O
                         net (fo=1, unplaced)         0.466     3.233    sum_OBUF[16]
                                                                      r  sum_OBUF[16]_inst/I
                         OBUF (Prop_obuf_I_O)         2.413     5.647 r  sum_OBUF[16]_inst/O
                         net (fo=0)                   0.000     5.647    sum[16]
                                                                      r  sum[16] (OUT)
  -------------------------------------------------------------------    -------------------

Slack:                    inf
  Source:                 a[6]
                            (input port)
  Destination:            sum[11]
                            (output port)
  Path Group:             (none)
  Path Type:              Max at Slow Process Corner
  Data Path Delay:        5.297ns  (logic 3.389ns (63.991%)  route 1.907ns (36.009%))
  Logic Levels:           6  (IBUF=1 LUT4=1 LUT5=2 LUT6=1 OBUF=1)

    Location             Delay type                Incr(ns)  Path(ns)    Netlist Resource(s)
  -------------------------------------------------------------------    -------------------
                                                      0.000     0.000 r  a[6] (IN)
                         net (fo=0)                   0.000     0.000    a[6]
                                                                      r  a_IBUF[6]_inst/I
                         IBUF (Prop_ibuf_I_O)         0.798     0.798 r  a_IBUF[6]_inst/O
                         net (fo=4, unplaced)         0.466     1.264    a_IBUF[6]
                                                                      r  sum_OBUF[10]_inst_i_4/I3
                         LUT4 (Prop_lut4_I3_O)        0.043     1.307 f  sum_OBUF[10]_inst_i_4/O
                         net (fo=3, unplaced)         0.288     1.595    sum_OBUF[10]_inst_i_4_n_0
                                                                      f  sum_OBUF[16]_inst_i_7/I0
                         LUT5 (Prop_lut5_I0_O)        0.049     1.644 r  sum_OBUF[16]_inst_i_7/O
                         net (fo=2, unplaced)         0.418     2.062    sum_OBUF[16]_inst_i_7_n_0
                                                                      r  sum_OBUF[11]_inst_i_3/I2
                         LUT5 (Prop_lut5_I2_O)        0.043     2.105 r  sum_OBUF[11]_inst_i_3/O
                         net (fo=1, unplaced)         0.270     2.375    sum_OBUF[11]_inst_i_3_n_0
                                                                      r  sum_OBUF[11]_inst_i_1/I5
                         LUT6 (Prop_lut6_I5_O)        0.043     2.418 r  sum_OBUF[11]_inst_i_1/O
                         net (fo=1, unplaced)         0.466     2.883    sum_OBUF[11]
                                                                      r  sum_OBUF[11]_inst/I
                         OBUF (Prop_obuf_I_O)         2.413     5.297 r  sum_OBUF[11]_inst/O
                         net (fo=0)                   0.000     5.297    sum[11]
                                                                      r  sum[11] (OUT)
  -------------------------------------------------------------------    -------------------

Slack:                    inf
  Source:                 a[1]
                            (input port)
  Destination:            sum[7]
                            (output port)
  Path Group:             (none)
  Path Type:              Max at Slow Process Corner
  Data Path Delay:        5.213ns  (logic 3.410ns (65.425%)  route 1.802ns (34.575%))
  Logic Levels:           6  (IBUF=1 LUT4=1 LUT5=3 OBUF=1)

    Location             Delay type                Incr(ns)  Path(ns)    Netlist Resource(s)
  -------------------------------------------------------------------    -------------------
                                                      0.000     0.000 f  a[1] (IN)
                         net (fo=0)                   0.000     0.000    a[1]
                                                                      f  a_IBUF[1]_inst/I
                         IBUF (Prop_ibuf_I_O)         0.798     0.798 f  a_IBUF[1]_inst/O
                         net (fo=3, unplaced)         0.466     1.264    a_IBUF[1]
                                                                      f  sum_OBUF[3]_inst_i_2/I2
                         LUT4 (Prop_lut4_I2_O)        0.052     1.316 r  sum_OBUF[3]_inst_i_2/O
                         net (fo=3, unplaced)         0.288     1.604    sum_OBUF[3]_inst_i_2_n_0
                                                                      r  sum_OBUF[5]_inst_i_2/I0
                         LUT5 (Prop_lut5_I0_O)        0.049     1.653 f  sum_OBUF[5]_inst_i_2/O
                         net (fo=6, unplaced)         0.302     1.955    sum_OBUF[5]_inst_i_2_n_0
                                                                      f  sum_OBUF[7]_inst_i_2/I2
                         LUT5 (Prop_lut5_I2_O)        0.049     2.004 r  sum_OBUF[7]_inst_i_2/O
                         net (fo=2, unplaced)         0.281     2.285    sum_OBUF[7]_inst_i_2_n_0
                                                                      r  sum_OBUF[7]_inst_i_1/I4
                         LUT5 (Prop_lut5_I4_O)        0.049     2.334 r  sum_OBUF[7]_inst_i_1/O
                         net (fo=1, unplaced)         0.466     2.799    sum_OBUF[7]
                                                                      r  sum_OBUF[7]_inst/I
                         OBUF (Prop_obuf_I_O)         2.413     5.213 r  sum_OBUF[7]_inst/O
                         net (fo=0)                   0.000     5.213    sum[7]
                                                                      r  sum[7] (OUT)
  -------------------------------------------------------------------    -------------------

Slack:                    inf
  Source:                 a[1]
                            (input port)
  Destination:            sum[6]
                            (output port)
  Path Group:             (none)
  Path Type:              Max at Slow Process Corner
  Data Path Delay:        5.207ns  (logic 3.404ns (65.385%)  route 1.802ns (34.615%))
  Logic Levels:           6  (IBUF=1 LUT3=1 LUT4=1 LUT5=2 OBUF=1)

    Location             Delay type                Incr(ns)  Path(ns)    Netlist Resource(s)
  -------------------------------------------------------------------    -------------------
                                                      0.000     0.000 f  a[1] (IN)
                         net (fo=0)                   0.000     0.000    a[1]
                                                                      f  a_IBUF[1]_inst/I
                         IBUF (Prop_ibuf_I_O)         0.798     0.798 f  a_IBUF[1]_inst/O
                         net (fo=3, unplaced)         0.466     1.264    a_IBUF[1]
                                                                      f  sum_OBUF[3]_inst_i_2/I2
                         LUT4 (Prop_lut4_I2_O)        0.052     1.316 r  sum_OBUF[3]_inst_i_2/O
                         net (fo=3, unplaced)         0.288     1.604    sum_OBUF[3]_inst_i_2_n_0
                                                                      r  sum_OBUF[5]_inst_i_2/I0
                         LUT5 (Prop_lut5_I0_O)        0.049     1.653 f  sum_OBUF[5]_inst_i_2/O
                         net (fo=6, unplaced)         0.302     1.955    sum_OBUF[5]_inst_i_2_n_0
                                                                      f  sum_OBUF[7]_inst_i_2/I2
                         LUT5 (Prop_lut5_I2_O)        0.049     2.004 r  sum_OBUF[7]_inst_i_2/O
                         net (fo=2, unplaced)         0.281     2.285    sum_OBUF[7]_inst_i_2_n_0
                                                                      r  sum_OBUF[6]_inst_i_1/I2
                         LUT3 (Prop_lut3_I2_O)        0.043     2.328 r  sum_OBUF[6]_inst_i_1/O
                         net (fo=1, unplaced)         0.466     2.793    sum_OBUF[6]
                                                                      r  sum_OBUF[6]_inst/I
                         OBUF (Prop_obuf_I_O)         2.413     5.207 r  sum_OBUF[6]_inst/O
                         net (fo=0)                   0.000     5.207    sum[6]
                                                                      r  sum[6] (OUT)
  -------------------------------------------------------------------    -------------------

Slack:                    inf
  Source:                 a[1]
                            (input port)
  Destination:            sum[9]
                            (output port)
  Path Group:             (none)
  Path Type:              Max at Slow Process Corner
  Data Path Delay:        5.186ns  (logic 3.404ns (65.650%)  route 1.781ns (34.350%))
  Logic Levels:           6  (IBUF=1 LUT4=1 LUT5=2 LUT6=1 OBUF=1)

    Location             Delay type                Incr(ns)  Path(ns)    Netlist Resource(s)
  -------------------------------------------------------------------    -------------------
                                                      0.000     0.000 r  a[1] (IN)
                         net (fo=0)                   0.000     0.000    a[1]
                                                                      r  a_IBUF[1]_inst/I
                         IBUF (Prop_ibuf_I_O)         0.798     0.798 r  a_IBUF[1]_inst/O
                         net (fo=3, unplaced)         0.466     1.264    a_IBUF[1]
                                                                      r  sum_OBUF[3]_inst_i_2/I2
                         LUT4 (Prop_lut4_I2_O)        0.052     1.316 f  sum_OBUF[3]_inst_i_2/O
                         net (fo=3, unplaced)         0.288     1.604    sum_OBUF[3]_inst_i_2_n_0
                                                                      f  sum_OBUF[5]_inst_i_2/I0
                         LUT5 (Prop_lut5_I0_O)        0.049     1.653 r  sum_OBUF[5]_inst_i_2/O
                         net (fo=6, unplaced)         0.274     1.927    sum_OBUF[5]_inst_i_2_n_0
                                                                      r  sum_OBUF[10]_inst_i_3/I4
                         LUT6 (Prop_lut6_I4_O)        0.043     1.970 r  sum_OBUF[10]_inst_i_3/O
                         net (fo=3, unplaced)         0.288     2.258    sum_OBUF[10]_inst_i_3_n_0
                                                                      r  sum_OBUF[9]_inst_i_1/I4
                         LUT5 (Prop_lut5_I4_O)        0.049     2.307 r  sum_OBUF[9]_inst_i_1/O
                         net (fo=1, unplaced)         0.466     2.772    sum_OBUF[9]
                                                                      r  sum_OBUF[9]_inst/I
                         OBUF (Prop_obuf_I_O)         2.413     5.186 r  sum_OBUF[9]_inst/O
                         net (fo=0)                   0.000     5.186    sum[9]
                                                                      r  sum[9] (OUT)
  -------------------------------------------------------------------    -------------------

Slack:                    inf
  Source:                 a[1]
                            (input port)
  Destination:            sum[10]
                            (output port)
  Path Group:             (none)
  Path Type:              Max at Slow Process Corner
  Data Path Delay:        5.180ns  (logic 3.398ns (65.610%)  route 1.781ns (34.390%))
  Logic Levels:           6  (IBUF=1 LUT4=1 LUT5=1 LUT6=2 OBUF=1)

    Location             Delay type                Incr(ns)  Path(ns)    Netlist Resource(s)
  -------------------------------------------------------------------    -------------------
                                                      0.000     0.000 r  a[1] (IN)
                         net (fo=0)                   0.000     0.000    a[1]
                                                                      r  a_IBUF[1]_inst/I
                         IBUF (Prop_ibuf_I_O)         0.798     0.798 r  a_IBUF[1]_inst/O
                         net (fo=3, unplaced)         0.466     1.264    a_IBUF[1]
                                                                      r  sum_OBUF[3]_inst_i_2/I2
                         LUT4 (Prop_lut4_I2_O)        0.052     1.316 f  sum_OBUF[3]_inst_i_2/O
                         net (fo=3, unplaced)         0.288     1.604    sum_OBUF[3]_inst_i_2_n_0
                                                                      f  sum_OBUF[5]_inst_i_2/I0
                         LUT5 (Prop_lut5_I0_O)        0.049     1.653 r  sum_OBUF[5]_inst_i_2/O
                         net (fo=6, unplaced)         0.274     1.927    sum_OBUF[5]_inst_i_2_n_0
                                                                      r  sum_OBUF[10]_inst_i_3/I4
                         LUT6 (Prop_lut6_I4_O)        0.043     1.970 r  sum_OBUF[10]_inst_i_3/O
                         net (fo=3, unplaced)         0.288     2.258    sum_OBUF[10]_inst_i_3_n_0
                                                                      r  sum_OBUF[10]_inst_i_1/I3
                         LUT6 (Prop_lut6_I3_O)        0.043     2.301 r  sum_OBUF[10]_inst_i_1/O
                         net (fo=1, unplaced)         0.466     2.766    sum_OBUF[10]
                                                                      r  sum_OBUF[10]_inst/I
                         OBUF (Prop_obuf_I_O)         2.413     5.180 r  sum_OBUF[10]_inst/O
                         net (fo=0)                   0.000     5.180    sum[10]
                                                                      r  sum[10] (OUT)
  -------------------------------------------------------------------    -------------------




