
*** Running vivado
    with args -log mul_tc_16_16.vds -m64 -product Vivado -mode batch -messageDb vivado.pb -notrace -source mul_tc_16_16.tcl


****** Vivado v2022.2 (64-bit)
  **** SW Build 3671981 on Fri Oct 14 04:59:54 MDT 2022
  **** IP Build 3669848 on Fri Oct 14 08:30:02 MDT 2022
    ** Copyright 1986-2022 Xilinx, Inc. All Rights Reserved.

source mul_tc_16_16.tcl -notrace
create_project: Time (s): cpu = 00:00:05 ; elapsed = 00:00:05 . Memory (MB): peak = 1272.070 ; gain = 5.961 ; free physical = 5350 ; free virtual = 10169
Command: synth_design -top mul_tc_16_16 -part xc7k325tffg900-2
Starting synth_design
Attempting to get a license for feature 'Synthesis' and/or device 'xc7k325t'
INFO: [Common 17-349] Got license for feature 'Synthesis' and/or device 'xc7k325t'
INFO: [Synth 8-7079] Multithreading enabled for synth_design using a maximum of 4 processes.
INFO: [Synth 8-7078] Launching helper process for spawning children vivado processes
INFO: [Synth 8-7075] Helper process launched with PID 6137
INFO: [Synth 8-11241] undeclared symbol 'REGCCE', assumed default net type 'wire' [/home/zza/TOOLS/vivado/Vivado/2022.2/data/verilog/src/unimacro/BRAM_SINGLE_MACRO.v:2170]
---------------------------------------------------------------------------------
Starting Synthesize : Time (s): cpu = 00:00:05 ; elapsed = 00:00:08 . Memory (MB): peak = 1648.875 ; gain = 368.801 ; free physical = 4869 ; free virtual = 9688
Synthesis current peak Physical Memory [PSS] (MB): peak = 1059.571; parent = 854.271; children = 205.300
Synthesis current peak Virtual Memory [VSS] (MB): peak = 2631.062; parent = 1648.879; children = 982.184
---------------------------------------------------------------------------------
INFO: [Synth 8-6157] synthesizing module 'mul_tc_16_16' [/home/zza/Documents/ucas-digital_ic_design-course/mul_tc_16_16/sync/mul_tc_16_16.srcs/sources_1/imports/src/mul_tc_16_16.v:1]
INFO: [Synth 8-6157] synthesizing module 'booth_g4_pp_gen_16' [/home/zza/Documents/ucas-digital_ic_design-course/mul_tc_16_16/sync/mul_tc_16_16.srcs/sources_1/imports/src/booth_g4_pp_gen_16.v:1]
INFO: [Synth 8-6155] done synthesizing module 'booth_g4_pp_gen_16' (0#1) [/home/zza/Documents/ucas-digital_ic_design-course/mul_tc_16_16/sync/mul_tc_16_16.srcs/sources_1/imports/src/booth_g4_pp_gen_16.v:1]
INFO: [Synth 8-6157] synthesizing module 'wallace_tree_16_16' [/home/zza/Documents/ucas-digital_ic_design-course/mul_tc_16_16/sync/mul_tc_16_16.srcs/sources_1/imports/src/wallace_tree_16_16.v:1]
INFO: [Synth 8-6157] synthesizing module 'csa_32' [/home/zza/Documents/ucas-digital_ic_design-course/mul_tc_16_16/sync/mul_tc_16_16.srcs/sources_1/imports/src/csa_32.v:1]
INFO: [Synth 8-6157] synthesizing module 'csa_1' [/home/zza/Documents/ucas-digital_ic_design-course/mul_tc_16_16/sync/mul_tc_16_16.srcs/sources_1/imports/src/csa_1.v:1]
INFO: [Synth 8-6155] done synthesizing module 'csa_1' (0#1) [/home/zza/Documents/ucas-digital_ic_design-course/mul_tc_16_16/sync/mul_tc_16_16.srcs/sources_1/imports/src/csa_1.v:1]
INFO: [Synth 8-6155] done synthesizing module 'csa_32' (0#1) [/home/zza/Documents/ucas-digital_ic_design-course/mul_tc_16_16/sync/mul_tc_16_16.srcs/sources_1/imports/src/csa_32.v:1]
INFO: [Synth 8-6155] done synthesizing module 'wallace_tree_16_16' (0#1) [/home/zza/Documents/ucas-digital_ic_design-course/mul_tc_16_16/sync/mul_tc_16_16.srcs/sources_1/imports/src/wallace_tree_16_16.v:1]
INFO: [Synth 8-6155] done synthesizing module 'mul_tc_16_16' (0#1) [/home/zza/Documents/ucas-digital_ic_design-course/mul_tc_16_16/sync/mul_tc_16_16.srcs/sources_1/imports/src/mul_tc_16_16.v:1]
---------------------------------------------------------------------------------
Finished Synthesize : Time (s): cpu = 00:00:07 ; elapsed = 00:00:11 . Memory (MB): peak = 1716.844 ; gain = 436.770 ; free physical = 4959 ; free virtual = 9779
Synthesis current peak Physical Memory [PSS] (MB): peak = 1134.909; parent = 929.609; children = 205.300
Synthesis current peak Virtual Memory [VSS] (MB): peak = 2699.031; parent = 1716.848; children = 982.184
---------------------------------------------------------------------------------
---------------------------------------------------------------------------------
Finished Constraint Validation : Time (s): cpu = 00:00:08 ; elapsed = 00:00:12 . Memory (MB): peak = 1734.656 ; gain = 454.582 ; free physical = 4954 ; free virtual = 9774
Synthesis current peak Physical Memory [PSS] (MB): peak = 1134.909; parent = 929.609; children = 205.300
Synthesis current peak Virtual Memory [VSS] (MB): peak = 2716.844; parent = 1734.660; children = 982.184
---------------------------------------------------------------------------------
---------------------------------------------------------------------------------
Start Loading Part and Timing Information
---------------------------------------------------------------------------------
Loading part: xc7k325tffg900-2
INFO: [Device 21-403] Loading part xc7k325tffg900-2
---------------------------------------------------------------------------------
Finished Loading Part and Timing Information : Time (s): cpu = 00:00:08 ; elapsed = 00:00:12 . Memory (MB): peak = 1742.660 ; gain = 462.586 ; free physical = 4954 ; free virtual = 9774
Synthesis current peak Physical Memory [PSS] (MB): peak = 1134.909; parent = 929.609; children = 205.300
Synthesis current peak Virtual Memory [VSS] (MB): peak = 2724.848; parent = 1742.664; children = 982.184
---------------------------------------------------------------------------------
---------------------------------------------------------------------------------
Finished RTL Optimization Phase 2 : Time (s): cpu = 00:00:08 ; elapsed = 00:00:12 . Memory (MB): peak = 1751.566 ; gain = 471.492 ; free physical = 4924 ; free virtual = 9744
Synthesis current peak Physical Memory [PSS] (MB): peak = 1134.909; parent = 929.609; children = 205.300
Synthesis current peak Virtual Memory [VSS] (MB): peak = 2733.754; parent = 1751.570; children = 982.184
---------------------------------------------------------------------------------
No constraint files found.
---------------------------------------------------------------------------------
Start RTL Component Statistics 
---------------------------------------------------------------------------------
Detailed RTL Component Info : 
+---Adders : 
	   2 Input   32 Bit       Adders := 1     
+---XORs : 
	   3 Input      1 Bit         XORs := 192   
---------------------------------------------------------------------------------
Finished RTL Component Statistics 
---------------------------------------------------------------------------------
---------------------------------------------------------------------------------
Start Part Resource Summary
---------------------------------------------------------------------------------
Part Resources:
DSPs: 840 (col length:140)
BRAMs: 890 (col length: RAMB18 140 RAMB36 70)
---------------------------------------------------------------------------------
Finished Part Resource Summary
---------------------------------------------------------------------------------
No constraint files found.
---------------------------------------------------------------------------------
Start Cross Boundary and Area Optimization
---------------------------------------------------------------------------------
WARNING: [Synth 8-7080] Parallel synthesis criteria is not met
---------------------------------------------------------------------------------
Finished Cross Boundary and Area Optimization : Time (s): cpu = 00:00:27 ; elapsed = 00:00:34 . Memory (MB): peak = 2010.551 ; gain = 730.477 ; free physical = 4587 ; free virtual = 9410
Synthesis current peak Physical Memory [PSS] (MB): peak = 1391.167; parent = 1185.898; children = 205.300
Synthesis current peak Virtual Memory [VSS] (MB): peak = 2992.738; parent = 2010.555; children = 982.184
---------------------------------------------------------------------------------
No constraint files found.
---------------------------------------------------------------------------------
Start Timing Optimization
---------------------------------------------------------------------------------
---------------------------------------------------------------------------------
Finished Timing Optimization : Time (s): cpu = 00:00:27 ; elapsed = 00:00:34 . Memory (MB): peak = 2010.551 ; gain = 730.477 ; free physical = 4587 ; free virtual = 9410
Synthesis current peak Physical Memory [PSS] (MB): peak = 1391.167; parent = 1185.898; children = 205.300
Synthesis current peak Virtual Memory [VSS] (MB): peak = 2992.738; parent = 2010.555; children = 982.184
---------------------------------------------------------------------------------
---------------------------------------------------------------------------------
Start Technology Mapping
---------------------------------------------------------------------------------
---------------------------------------------------------------------------------
Finished Technology Mapping : Time (s): cpu = 00:00:27 ; elapsed = 00:00:35 . Memory (MB): peak = 2010.551 ; gain = 730.477 ; free physical = 4581 ; free virtual = 9404
Synthesis current peak Physical Memory [PSS] (MB): peak = 1391.167; parent = 1185.898; children = 205.300
Synthesis current peak Virtual Memory [VSS] (MB): peak = 2992.738; parent = 2010.555; children = 982.184
---------------------------------------------------------------------------------
---------------------------------------------------------------------------------
Start IO Insertion
---------------------------------------------------------------------------------
---------------------------------------------------------------------------------
Start Flattening Before IO Insertion
---------------------------------------------------------------------------------
---------------------------------------------------------------------------------
Finished Flattening Before IO Insertion
---------------------------------------------------------------------------------
---------------------------------------------------------------------------------
Start Final Netlist Cleanup
---------------------------------------------------------------------------------
---------------------------------------------------------------------------------
Finished Final Netlist Cleanup
---------------------------------------------------------------------------------
---------------------------------------------------------------------------------
Finished IO Insertion : Time (s): cpu = 00:00:31 ; elapsed = 00:00:39 . Memory (MB): peak = 2010.551 ; gain = 730.477 ; free physical = 4584 ; free virtual = 9407
Synthesis current peak Physical Memory [PSS] (MB): peak = 1391.167; parent = 1185.898; children = 205.300
Synthesis current peak Virtual Memory [VSS] (MB): peak = 2992.738; parent = 2010.555; children = 982.184
---------------------------------------------------------------------------------
---------------------------------------------------------------------------------
Start Renaming Generated Instances
---------------------------------------------------------------------------------
---------------------------------------------------------------------------------
Finished Renaming Generated Instances : Time (s): cpu = 00:00:31 ; elapsed = 00:00:39 . Memory (MB): peak = 2010.551 ; gain = 730.477 ; free physical = 4584 ; free virtual = 9407
Synthesis current peak Physical Memory [PSS] (MB): peak = 1391.167; parent = 1185.898; children = 205.300
Synthesis current peak Virtual Memory [VSS] (MB): peak = 2992.738; parent = 2010.555; children = 982.184
---------------------------------------------------------------------------------
---------------------------------------------------------------------------------
Start Rebuilding User Hierarchy
---------------------------------------------------------------------------------
---------------------------------------------------------------------------------
Finished Rebuilding User Hierarchy : Time (s): cpu = 00:00:31 ; elapsed = 00:00:39 . Memory (MB): peak = 2010.551 ; gain = 730.477 ; free physical = 4584 ; free virtual = 9407
Synthesis current peak Physical Memory [PSS] (MB): peak = 1391.167; parent = 1185.898; children = 205.300
Synthesis current peak Virtual Memory [VSS] (MB): peak = 2992.738; parent = 2010.555; children = 982.184
---------------------------------------------------------------------------------
---------------------------------------------------------------------------------
Start Renaming Generated Ports
---------------------------------------------------------------------------------
---------------------------------------------------------------------------------
Finished Renaming Generated Ports : Time (s): cpu = 00:00:31 ; elapsed = 00:00:39 . Memory (MB): peak = 2010.551 ; gain = 730.477 ; free physical = 4584 ; free virtual = 9407
Synthesis current peak Physical Memory [PSS] (MB): peak = 1391.167; parent = 1185.898; children = 205.300
Synthesis current peak Virtual Memory [VSS] (MB): peak = 2992.738; parent = 2010.555; children = 982.184
---------------------------------------------------------------------------------
---------------------------------------------------------------------------------
Start Handling Custom Attributes
---------------------------------------------------------------------------------
---------------------------------------------------------------------------------
Finished Handling Custom Attributes : Time (s): cpu = 00:00:31 ; elapsed = 00:00:39 . Memory (MB): peak = 2010.551 ; gain = 730.477 ; free physical = 4584 ; free virtual = 9407
Synthesis current peak Physical Memory [PSS] (MB): peak = 1391.167; parent = 1185.898; children = 205.300
Synthesis current peak Virtual Memory [VSS] (MB): peak = 2992.738; parent = 2010.555; children = 982.184
---------------------------------------------------------------------------------
---------------------------------------------------------------------------------
Start Renaming Generated Nets
---------------------------------------------------------------------------------
---------------------------------------------------------------------------------
Finished Renaming Generated Nets : Time (s): cpu = 00:00:31 ; elapsed = 00:00:39 . Memory (MB): peak = 2010.551 ; gain = 730.477 ; free physical = 4584 ; free virtual = 9407
Synthesis current peak Physical Memory [PSS] (MB): peak = 1391.167; parent = 1185.898; children = 205.300
Synthesis current peak Virtual Memory [VSS] (MB): peak = 2992.738; parent = 2010.555; children = 982.184
---------------------------------------------------------------------------------
---------------------------------------------------------------------------------
Start Writing Synthesis Report
---------------------------------------------------------------------------------

Report BlackBoxes: 
+-+--------------+----------+
| |BlackBox name |Instances |
+-+--------------+----------+
+-+--------------+----------+

Report Cell Usage: 
+------+-------+------+
|      |Cell   |Count |
+------+-------+------+
|1     |CARRY4 |    48|
|2     |LUT1   |   120|
|3     |LUT2   |     3|
|4     |LUT3   |    99|
|5     |LUT4   |    55|
|6     |LUT5   |   169|
|7     |LUT6   |   222|
|8     |IBUF   |    32|
|9     |OBUF   |    32|
+------+-------+------+

Report Instance Areas: 
+------+-----------------------+---------------------+------+
|      |Instance               |Module               |Cells |
+------+-----------------------+---------------------+------+
|1     |top                    |                     |   780|
|2     |  \genblk1[0].pp       |booth_g4_pp_gen_16   |    62|
|3     |  \genblk1[1].pp       |booth_g4_pp_gen_16_0 |    66|
|4     |  \genblk1[2].pp       |booth_g4_pp_gen_16_1 |   178|
|5     |  \genblk1[3].pp       |booth_g4_pp_gen_16_2 |    50|
|6     |  \genblk1[4].pp       |booth_g4_pp_gen_16_3 |    68|
|7     |  \genblk1[5].pp       |booth_g4_pp_gen_16_4 |    71|
|8     |  \genblk1[6].pp       |booth_g4_pp_gen_16_5 |    67|
|9     |  \genblk1[7].pp       |booth_g4_pp_gen_16_6 |    54|
|10    |  u_wallace_tree_adder |wallace_tree_16_16   |   100|
+------+-----------------------+---------------------+------+
---------------------------------------------------------------------------------
Finished Writing Synthesis Report : Time (s): cpu = 00:00:31 ; elapsed = 00:00:39 . Memory (MB): peak = 2010.551 ; gain = 730.477 ; free physical = 4584 ; free virtual = 9407
Synthesis current peak Physical Memory [PSS] (MB): peak = 1391.167; parent = 1185.898; children = 205.300
Synthesis current peak Virtual Memory [VSS] (MB): peak = 2992.738; parent = 2010.555; children = 982.184
---------------------------------------------------------------------------------
Synthesis finished with 0 errors, 0 critical warnings and 1 warnings.
Synthesis Optimization Runtime : Time (s): cpu = 00:00:31 ; elapsed = 00:00:39 . Memory (MB): peak = 2010.551 ; gain = 730.477 ; free physical = 4591 ; free virtual = 9414
Synthesis Optimization Complete : Time (s): cpu = 00:00:31 ; elapsed = 00:00:39 . Memory (MB): peak = 2010.559 ; gain = 730.477 ; free physical = 4591 ; free virtual = 9414
INFO: [Project 1-571] Translating synthesized netlist
Netlist sorting complete. Time (s): cpu = 00:00:00.01 ; elapsed = 00:00:00.01 . Memory (MB): peak = 2010.559 ; gain = 0.000 ; free physical = 4692 ; free virtual = 9515
INFO: [Netlist 29-17] Analyzing 48 Unisim elements for replacement
INFO: [Netlist 29-28] Unisim Transformation completed in 0 CPU seconds
INFO: [Project 1-570] Preparing netlist for logic optimization
INFO: [Opt 31-138] Pushed 0 inverter(s) to 0 load pin(s).
Netlist sorting complete. Time (s): cpu = 00:00:00 ; elapsed = 00:00:00 . Memory (MB): peak = 2074.449 ; gain = 0.000 ; free physical = 4612 ; free virtual = 9435
INFO: [Project 1-111] Unisim Transformation Summary:
No Unisim elements were transformed.

Synth Design complete, checksum: d2c0b936
INFO: [Common 17-83] Releasing license: Synthesis
23 Infos, 1 Warnings, 0 Critical Warnings and 0 Errors encountered.
synth_design completed successfully
synth_design: Time (s): cpu = 00:00:37 ; elapsed = 00:00:42 . Memory (MB): peak = 2074.449 ; gain = 802.379 ; free physical = 4823 ; free virtual = 9646
INFO: [Common 17-1381] The checkpoint '/home/zza/Documents/ucas-digital_ic_design-course/mul_tc_16_16/sync/mul_tc_16_16.runs/synth_1/mul_tc_16_16.dcp' has been generated.
INFO: [runtcl-4] Executing : report_utilization -file mul_tc_16_16_utilization_synth.rpt -pb mul_tc_16_16_utilization_synth.pb
INFO: [Common 17-206] Exiting Vivado at Mon Dec  4 21:18:39 2023...
